192.168.1.2:5001 -> (cf6f0c00413d9164b36cc83f8c54421227c2765e, ('501', 1))
192.168.1.2:5001 -> ('501', 1)
192.168.1.2:5001 -> ('501', 1)
192.168.1.3:5001 -> ('501', 2)
192.168.1.1:5001 -> ('4', 5)
192.168.1.2:5001 -> (cf6f0c00413d9164b36cc83f8c54421227c2765e, ('502', 1))
192.168.1.3:5001 -> ('1', 2)
192.168.1.1:5001 -> ('4', 5)
192.168.1.2:5001 -> ('502', 1)
192.168.1.1:5001 -> ('5', 1)
192.168.1.1:5001 -> (123b432ae2b48b42b9efbd1b43245fbd37e43e6d, ('503', 1))
192.168.1.3:5001 -> ('502', 2)
192.168.1.2:5001 -> ('1', 1)
192.168.1.2:5001 -> ('4', 3)
192.168.1.4:5001 -> ('503', 4)
192.168.1.2:5001 -> (de702a0debf9b9a2ca26f3941ad5df7110cc05ea, ('504', 1))
192.168.1.3:5000 -> ('4', 1)
192.168.1.2:5001 -> ('502', 1)
192.168.1.1:5001 -> ('502', 3)
192.168.1.5:5000 -> ('504', 5)
192.168.1.2:5001 -> (cf6f0c00413d9164b36cc83f8c54421227c2765e, ('505', 1))
192.168.1.3:5000 -> ('4', 1)
192.168.1.1:5001 -> ('503', 1)
192.168.1.1:5001 -> ('505', 3)
192.168.1.2:5001 -> ('505', 1)
192.168.1.2:5001 -> (cf6f0c00413d9164b36cc83f8c54421227c2765e, ('506', 1))
192.168.1.1:5001 -> ('506', 3)
192.168.1.2:5001 -> ('506', 1)
192.168.1.2:5001 -> ('504', 1)
192.168.1.2:5000 -> ('503', 5)
192.168.1.2:5001 -> (cf6f0c00413d9164b36cc83f8c54421227c2765e, ('507', 1))
192.168.1.3:5000 -> ('4', 1)
192.168.1.2:5001 -> ('507', 1)
192.168.1.3:5000 -> ('4', 1)
192.168.1.5:5001 -> ('507', 4)
192.168.1.3:5000 -> (9e933bc68570cdcfd78aa239c25eb4f037a4e728, ('508', 1))
192.168.1.2:5001 -> ('508', 3)
192.168.1.1:5001 -> ('507', 3)
192.168.1.5:5000 -> ('507', 5)
192.168.1.3:5001 -> ('504', 2)
192.168.1.2:5001 -> (de702a0debf9b9a2ca26f3941ad5df7110cc05ea, ('509', 1))
192.168.1.2:5001 -> ('508', 3)
192.168.1.3:5000 -> ('508', 1)
192.168.1.2:5001 -> ('507', 1)
192.168.1.5:5000 -> ('507', 5)
192.168.1.3:5000 -> (9e933bc68570cdcfd78aa239c25eb4f037a4e728, ('510', 1))
192.168.1.1:5001 -> ('503', 1)
192.168.1.5:5000 -> ('507', 5)
192.168.1.2:5001 -> ('507', 1)
192.168.1.1:5001 -> ('507', 3)
192.168.1.2:5001 -> (cf6f0c00413d9164b36cc83f8c54421227c2765e, ('511', 1))
192.168.1.2:5001 -> ('509', 1)
192.168.1.1:5000 -> ('510', 2)
192.168.1.3:5001 -> ('509', 2)
192.168.1.1:5001 -> ('503', 1)
192.168.1.1:5001 -> (123b432ae2b48b42b9efbd1b43245fbd37e43e6d, ('512', 1))
192.168.1.2:5001 -> ('511', 1)
192.168.1.4:5001 -> ('512', 4)
192.168.1.1:5001 -> ('509', 3)
192.168.1.2:5001 -> ('511', 1)
192.168.1.2:5001 -> (cf6f0c00413d9164b36cc83f8c54421227c2765e, ('513', 1))
192.168.1.1:5001 -> ('512', 1)
192.168.1.1:5001 -> ('512', 1)
192.168.1.3:5001 -> ('513', 2)
192.168.1.2:5001 -> ('513', 1)
192.168.1.2:5001 -> (de702a0debf9b9a2ca26f3941ad5df7110cc05ea, ('514', 1))
192.168.1.1:5001 -> ('513', 3)
192.168.1.3:5001 -> ('513', 2)
192.168.1.2:5000 -> ('512', 5)
192.168.1.1:5001 -> ('512', 1)
192.168.1.3:5000 -> (9e933bc68570cdcfd78aa239c25eb4f037a4e728, ('515', 1))
192.168.1.2:5001 -> ('513', 1)
192.168.1.3:5000 -> ('515', 1)
192.168.1.2:5001 -> ('515', 3)
192.168.1.3:5000 -> ('515', 1)
192.168.1.1:5001 -> (123b432ae2b48b42b9efbd1b43245fbd37e43e6d, ('516', 1))
192.168.1.2:5001 -> ('513', 1)
192.168.1.1:5001 -> ('516', 1)
192.168.1.1:5001 -> ('516', 1)
192.168.1.1:5001 -> ('513', 3)
192.168.1.3:5000 -> (9e933bc68570cdcfd78aa239c25eb4f037a4e728, ('517', 1))
192.168.1.3:5000 -> ('517', 1)
192.168.1.2:5001 -> ('513', 1)
192.168.1.1:5001 -> ('514', 3)
192.168.1.3:5001 -> ('513', 2)
192.168.1.2:5001 -> (cf6f0c00413d9164b36cc83f8c54421227c2765e, ('518', 1))
192.168.1.2:5001 -> ('518', 1)
192.168.1.3:5000 -> ('517', 1)
192.168.1.3:5001 -> ('514', 2)
192.168.1.1:5001 -> ('518', 3)
192.168.1.2:5001 -> (cf6f0c00413d9164b36cc83f8c54421227c2765e, ('519', 1))
192.168.1.2:5001 -> ('514', 1)
192.168.1.2:5001 -> ('514', 1)
192.168.1.2:5001 -> ('519', 1)
192.168.1.2:5001 -> ('519', 1)
192.168.1.2:5001 -> (de702a0debf9b9a2ca26f3941ad5df7110cc05ea, ('520', 1))
192.168.1.2:5001 -> ('519', 1)
192.168.1.3:5001 -> ('520', 2)
192.168.1.2:5001 -> ('520', 1)
192.168.1.1:5001 -> ('516', 1)
192.168.1.3:5000 -> (9e933bc68570cdcfd78aa239c25eb4f037a4e728, ('521', 1))
192.168.1.2:5001 -> ('520', 1)
192.168.1.5:5000 -> ('519', 5)
192.168.1.2:5000 -> ('516', 5)
192.168.1.2:5001 -> ('519', 1)
192.168.1.1:5001 -> (123b432ae2b48b42b9efbd1b43245fbd37e43e6d, ('522', 1))
192.168.1.5:5001 -> ('522', 2)
192.168.1.1:5000 -> ('521', 2)
192.168.1.5:5000 -> ('519', 5)
192.168.1.3:5000 -> ('521', 1)
192.168.1.2:5001 -> (cf6f0c00413d9164b36cc83f8c54421227c2765e, ('523', 1))
192.168.1.5:5001 -> ('520', 4)
192.168.1.5:5000 -> ('523', 5)
192.168.1.1:5001 -> ('523', 3)
192.168.1.5:5000 -> ('523', 5)
192.168.1.2:5001 -> (cf6f0c00413d9164b36cc83f8c54421227c2765e, ('524', 1))
192.168.1.2:5001 -> ('524', 1)
192.168.1.2:5001 -> ('524', 1)
192.168.1.1:5001 -> ('520', 3)
192.168.1.2:5001 -> ('520', 1)
192.168.1.2:5001 -> (cf6f0c00413d9164b36cc83f8c54421227c2765e, ('525', 1))
192.168.1.1:5001 -> ('525', 3)
192.168.1.5:5000 -> ('520', 5)
192.168.1.3:5001 -> ('525', 2)
192.168.1.1:5001 -> ('525', 3)
192.168.1.2:5001 -> (cf6f0c00413d9164b36cc83f8c54421227c2765e, ('526', 1))
192.168.1.4:5001 -> ('522', 4)
192.168.1.5:5001 -> ('520', 4)
192.168.1.5:5000 -> ('520', 5)
192.168.1.3:5001 -> ('526', 2)
192.168.1.2:5001 -> (de702a0debf9b9a2ca26f3941ad5df7110cc05ea, ('527', 1))
192.168.1.1:5001 -> ('522', 1)
192.168.1.4:5001 -> ('522', 4)
192.168.1.5:5001 -> ('526', 4)
192.168.1.1:5000 -> ('521', 2)
192.168.1.1:5001 -> (123b432ae2b48b42b9efbd1b43245fbd37e43e6d, ('528', 1))
192.168.1.3:5000 -> ('521', 1)
192.168.1.5:5000 -> ('526', 5)
192.168.1.2:5001 -> ('526', 1)
192.168.1.3:5001 -> ('521', 4)
192.168.1.3:5000 -> (9e933bc68570cdcfd78aa239c25eb4f037a4e728, ('529', 1))
192.168.1.1:5001 -> ('528', 1)
192.168.1.5:5001 -> ('526', 4)
192.168.1.3:5001 -> ('529', 4)
192.168.1.2:5001 -> ('526', 1)
192.168.1.2:5001 -> (cf6f0c00413d9164b36cc83f8c54421227c2765e, ('530', 1))
192.168.1.1:5001 -> ('528', 1)
192.168.1.2:5001 -> ('530', 1)
192.168.1.5:5001 -> ('528', 2)
192.168.1.3:5000 -> ('529', 1)
192.168.1.3:5000 -> (9e933bc68570cdcfd78aa239c25eb4f037a4e728, ('531', 1))
192.168.1.3:5000 -> ('531', 1)
192.168.1.2:5001 -> ('530', 1)
192.168.1.1:5001 -> ('528', 1)
192.168.1.2:5001 -> ('530', 1)
192.168.1.2:5001 -> (cf6f0c00413d9164b36cc83f8c54421227c2765e, ('532', 1))
192.168.1.2:5001 -> ('532', 1)
192.168.1.2:5001 -> ('532', 1)
192.168.1.1:5001 -> ('528', 1)
192.168.1.3:5001 -> ('532', 2)
192.168.1.3:5000 -> (9e933bc68570cdcfd78aa239c25eb4f037a4e728, ('533', 1))
192.168.1.2:5001 -> ('527', 1)
192.168.1.2:5001 -> ('532', 1)
192.168.1.1:5001 -> ('528', 1)
192.168.1.1:5001 -> ('532', 3)
192.168.1.2:5001 -> (cf6f0c00413d9164b36cc83f8c54421227c2765e, ('534', 1))
192.168.1.1:5001 -> ('534', 3)
192.168.1.1:5001 -> ('533', 5)
192.168.1.5:5000 -> ('534', 5)
192.168.1.2:5001 -> ('527', 1)
192.168.1.2:5001 -> (cf6f0c00413d9164b36cc83f8c54421227c2765e, ('535', 1))
192.168.1.1:5001 -> ('535', 3)
192.168.1.3:5000 -> ('533', 1)
192.168.1.2:5001 -> ('527', 1)
192.168.1.2:5001 -> ('535', 1)
192.168.1.2:5001 -> (de702a0debf9b9a2ca26f3941ad5df7110cc05ea, ('536', 1))
192.168.1.2:5001 -> ('535', 1)
192.168.1.3:5000 -> ('533', 1)
192.168.1.2:5001 -> ('535', 1)
192.168.1.5:5001 -> ('535', 4)
192.168.1.3:5000 -> (9e933bc68570cdcfd78aa239c25eb4f037a4e728, ('537', 1))
192.168.1.2:5001 -> ('535', 1)
192.168.1.1:5001 -> ('528', 1)
192.168.1.2:5001 -> ('535', 1)
192.168.1.2:5001 -> ('536', 1)
192.168.1.3:5000 -> (9e933bc68570cdcfd78aa239c25eb4f037a4e728, ('538', 1))
192.168.1.2:5001 -> ('535', 1)
192.168.1.5:5001 -> ('535', 4)
192.168.1.2:5001 -> ('535', 1)
192.168.1.3:5000 -> ('538', 1)
192.168.1.2:5001 -> (cf6f0c00413d9164b36cc83f8c54421227c2765e, ('539', 1))
192.168.1.3:5000 -> ('538', 1)
192.168.1.5:5001 -> ('539', 4)
192.168.1.3:5000 -> ('538', 1)
192.168.1.2:5001 -> ('536', 1)
192.168.1.2:5001 -> (cf6f0c00413d9164b36cc83f8c54421227c2765e, ('540', 1))
192.168.1.1:5001 -> ('528', 1)
192.168.1.2:5001 -> ('540', 1)
192.168.1.2:5001 -> ('536', 1)
192.168.1.1:5001 -> ('528', 1)
192.168.1.1:5001 -> (123b432ae2b48b42b9efbd1b43245fbd37e43e6d, ('541', 1))
192.168.1.1:5001 -> ('541', 1)
192.168.1.1:5001 -> ('536', 3)
192.168.1.3:5000 -> ('538', 1)
192.168.1.3:5001 -> ('540', 2)
192.168.1.2:5001 -> (cf6f0c00413d9164b36cc83f8c54421227c2765e, ('542', 1))
192.168.1.1:5000 -> ('538', 2)
192.168.1.2:5001 -> ('542', 1)
192.168.1.3:5000 -> ('538', 1)
192.168.1.2:5001 -> ('536', 1)
192.168.1.2:5001 -> (cf6f0c00413d9164b36cc83f8c54421227c2765e, ('543', 1))
192.168.1.2:5001 -> ('543', 1)
192.168.1.1:5001 -> ('541', 1)
192.168.1.2:5001 -> ('543', 1)
192.168.1.2:5001 -> ('543', 1)
192.168.1.2:5001 -> (cf6f0c00413d9164b36cc83f8c54421227c2765e, ('544', 1))
192.168.1.1:5001 -> ('541', 1)
192.168.1.3:5000 -> ('538', 1)
192.168.1.2:5001 -> ('544', 1)
192.168.1.1:5001 -> ('541', 1)
192.168.1.2:5001 -> (de702a0debf9b9a2ca26f3941ad5df7110cc05ea, ('545', 1))
192.168.1.2:5001 -> ('545', 1)
192.168.1.1:5001 -> ('541', 1)
192.168.1.3:5001 -> ('538', 4)
192.168.1.3:5000 -> ('538', 1)
192.168.1.3:5000 -> (9e933bc68570cdcfd78aa239c25eb4f037a4e728, ('546', 1))
192.168.1.2:5001 -> ('544', 1)
192.168.1.3:5000 -> ('546', 1)
192.168.1.2:5001 -> ('544', 1)
192.168.1.3:5001 -> ('544', 2)
192.168.1.2:5001 -> (de702a0debf9b9a2ca26f3941ad5df7110cc05ea, ('547', 1))
192.168.1.3:5000 -> ('546', 1)
192.168.1.5:5001 -> ('544', 4)
192.168.1.5:5000 -> ('544', 5)
192.168.1.2:5001 -> ('544', 1)
192.168.1.1:5001 -> (123b432ae2b48b42b9efbd1b43245fbd37e43e6d, ('548', 1))
192.168.1.2:5001 -> ('544', 1)
192.168.1.2:5001 -> ('547', 1)
192.168.1.5:5000 -> ('547', 5)
192.168.1.2:5001 -> ('544', 1)
192.168.1.2:5001 -> (cf6f0c00413d9164b36cc83f8c54421227c2765e, ('549', 1))
192.168.1.2:5001 -> ('549', 1)
192.168.1.3:5000 -> ('546', 1)
192.168.1.1:5001 -> ('548', 1)
192.168.1.1:5001 -> ('548', 1)
192.168.1.1:5001 -> (123b432ae2b48b42b9efbd1b43245fbd37e43e6d, ('550', 1))
192.168.1.1:5001 -> ('550', 1)
192.168.1.3:5001 -> ('549', 2)
192.168.1.3:5001 -> ('546', 4)
192.168.1.5:5001 -> ('549', 4)
192.168.1.2:5001 -> (de702a0debf9b9a2ca26f3941ad5df7110cc05ea, ('551', 1))
192.168.1.3:5000 -> ('546', 1)
192.168.1.1:5001 -> ('546', 5)
192.168.1.1:5001 -> ('550', 1)
192.168.1.1:5001 -> ('550', 1)
192.168.1.2:5001 -> (cf6f0c00413d9164b36cc83f8c54421227c2765e, ('552', 1))
192.168.1.1:5001 -> ('552', 3)
192.168.1.2:5000 -> ('550', 5)
192.168.1.3:5000 -> ('546', 1)
192.168.1.1:5001 -> ('552', 3)
192.168.1.1:5001 -> (123b432ae2b48b42b9efbd1b43245fbd37e43e6d, ('553', 1))
192.168.1.3:5001 -> ('552', 2)
192.168.1.1:5001 -> ('553', 1)
192.168.1.2:5001 -> ('551', 1)
192.168.1.1:5001 -> ('546', 5)
192.168.1.1:5001 -> (123b432ae2b48b42b9efbd1b43245fbd37e43e6d, ('554', 1))
192.168.1.3:5001 -> ('552', 2)
192.168.1.3:5001 -> ('551', 2)
192.168.1.2:5001 -> ('552', 1)
192.168.1.5:5001 -> ('552', 4)
192.168.1.2:5001 -> (cf6f0c00413d9164b36cc83f8c54421227c2765e, ('555', 1))
192.168.1.2:5001 -> ('555', 1)
192.168.1.1:5001 -> ('554', 1)
192.168.1.3:5001 -> ('546', 4)
192.168.1.2:5001 -> ('555', 1)
192.168.1.2:5001 -> (cf6f0c00413d9164b36cc83f8c54421227c2765e, ('556', 1))
192.168.1.2:5001 -> ('551', 1)
192.168.1.5:5001 -> ('551', 4)
192.168.1.2:5001 -> ('556', 1)
192.168.1.3:5000 -> ('546', 1)
192.168.1.2:5001 -> (cf6f0c00413d9164b36cc83f8c54421227c2765e, ('557', 1))
192.168.1.2:5001 -> ('557', 1)
192.168.1.1:5001 -> ('557', 3)
192.168.1.2:5001 -> ('551', 1)
192.168.1.1:5001 -> ('554', 1)
192.168.1.2:5001 -> (cf6f0c00413d9164b36cc83f8c54421227c2765e, ('558', 1))
192.168.1.3:5001 -> ('546', 4)
192.168.1.2:5001 -> ('558', 1)
192.168.1.2:5001 -> ('558', 1)
192.168.1.5:5001 -> ('554', 2)
192.168.1.1:5001 -> (123b432ae2b48b42b9efbd1b43245fbd37e43e6d, ('559', 1))
192.168.1.2:5001 -> ('558', 1)
192.168.1.1:5001 -> ('559', 1)
192.168.1.2:5001 -> ('558', 1)
192.168.1.2:5001 -> ('558', 1)
192.168.1.1:5001 -> (123b432ae2b48b42b9efbd1b43245fbd37e43e6d, ('560', 1))
192.168.1.1:5001 -> ('560', 1)
192.168.1.2:5001 -> ('558', 1)
192.168.1.3:5000 -> ('546', 1)
192.168.1.1:5001 -> ('546', 5)
192.168.1.2:5001 -> (cf6f0c00413d9164b36cc83f8c54421227c2765e, ('561', 1))
192.168.1.2:5001 -> ('546', 3)
192.168.1.2:5001 -> ('551', 1)
192.168.1.5:5000 -> ('560', 3)
192.168.1.5:5001 -> ('551', 4)
192.168.1.3:5000 -> (9e933bc68570cdcfd78aa239c25eb4f037a4e728, ('562', 1))
192.168.1.2:5001 -> ('561', 1)
192.168.1.2:5001 -> ('561', 1)
192.168.1.2:5001 -> ('551', 1)
192.168.1.1:5000 -> ('562', 2)
192.168.1.3:5000 -> (9e933bc68570cdcfd78aa239c25eb4f037a4e728, ('563', 1))
192.168.1.1:5001 -> ('561', 3)
192.168.1.3:5001 -> ('561', 2)
192.168.1.1:5001 -> ('560', 1)
192.168.1.3:5001 -> ('561', 2)
192.168.1.3:5000 -> (9e933bc68570cdcfd78aa239c25eb4f037a4e728, ('564', 1))
192.168.1.5:5000 -> ('561', 5)
192.168.1.5:5001 -> ('551', 4)
192.168.1.3:5000 -> ('564', 1)
192.168.1.2:5000 -> ('560', 5)
192.168.1.2:5001 -> (cf6f0c00413d9164b36cc83f8c54421227c2765e, ('565', 1))
192.168.1.1:5001 -> ('560', 1)
192.168.1.2:5001 -> ('551', 1)
192.168.1.2:5001 -> ('565', 1)
192.168.1.1:5001 -> ('560', 1)
192.168.1.1:5001 -> (123b432ae2b48b42b9efbd1b43245fbd37e43e6d, ('566', 1))
192.168.1.2:5001 -> ('565', 1)
192.168.1.2:5001 -> ('564', 3)
192.168.1.1:5001 -> ('566', 1)
192.168.1.3:5000 -> ('564', 1)
192.168.1.1:5001 -> (123b432ae2b48b42b9efbd1b43245fbd37e43e6d, ('567', 1))
192.168.1.1:5001 -> ('567', 1)
192.168.1.2:5001 -> ('551', 1)
192.168.1.2:5001 -> ('565', 1)
192.168.1.2:5001 -> ('565', 1)
192.168.1.2:5001 -> (cf6f0c00413d9164b36cc83f8c54421227c2765e, ('568', 1))
192.168.1.2:5001 -> ('568', 1)
192.168.1.1:5001 -> ('567', 1)
192.168.1.1:5001 -> ('567', 1)
192.168.1.1:5001 -> ('567', 1)
192.168.1.3:5000 -> (9e933bc68570cdcfd78aa239c25eb4f037a4e728, ('569', 1))
192.168.1.1:5001 -> ('568', 3)
192.168.1.2:5001 -> ('568', 1)
192.168.1.2:5001 -> ('568', 1)
192.168.1.2:5001 -> ('568', 1)
192.168.1.2:5001 -> (cf6f0c00413d9164b36cc83f8c54421227c2765e, ('570', 1))
192.168.1.3:5001 -> ('570', 2)
192.168.1.2:5001 -> ('570', 1)
192.168.1.3:5001 -> ('569', 4)
192.168.1.2:5000 -> ('567', 5)
192.168.1.2:5001 -> (de702a0debf9b9a2ca26f3941ad5df7110cc05ea, ('571', 1))
192.168.1.2:5001 -> ('570', 1)
192.168.1.1:5000 -> ('569', 2)
192.168.1.3:5001 -> ('571', 2)
192.168.1.2:5001 -> ('570', 1)
192.168.1.2:5001 -> (cf6f0c00413d9164b36cc83f8c54421227c2765e, ('572', 1))
192.168.1.1:5000 -> ('569', 2)
192.168.1.2:5001 -> ('569', 3)
192.168.1.3:5000 -> ('569', 1)
192.168.1.2:5001 -> ('569', 3)
192.168.1.2:5001 -> (cf6f0c00413d9164b36cc83f8c54421227c2765e, ('573', 1))
192.168.1.2:5001 -> ('573', 1)
192.168.1.2:5001 -> ('573', 1)
192.168.1.5:5001 -> ('573', 4)
192.168.1.3:5001 -> ('573', 2)
192.168.1.3:5000 -> (9e933bc68570cdcfd78aa239c25eb4f037a4e728, ('574', 1))
192.168.1.2:5001 -> ('571', 1)
192.168.1.5:5000 -> ('573', 5)
192.168.1.1:5001 -> ('567', 1)
192.168.1.1:5001 -> ('567', 1)
192.168.1.2:5001 -> (de702a0debf9b9a2ca26f3941ad5df7110cc05ea, ('575', 1))
192.168.1.5:5001 -> ('573', 4)
192.168.1.5:5001 -> ('573', 4)
192.168.1.2:5001 -> ('575', 1)
192.168.1.2:5001 -> ('573', 1)
192.168.1.2:5001 -> (cf6f0c00413d9164b36cc83f8c54421227c2765e, ('576', 1))
192.168.1.5:5000 -> ('567', 3)
192.168.1.5:5000 -> ('576', 5)
192.168.1.2:5001 -> ('576', 1)
192.168.1.1:5001 -> ('574', 5)
192.168.1.2:5001 -> (de702a0debf9b9a2ca26f3941ad5df7110cc05ea, ('577', 1))
192.168.1.4:5001 -> ('567', 4)
192.168.1.2:5001 -> ('577', 1)
192.168.1.3:5000 -> ('574', 1)
192.168.1.5:5000 -> ('577', 5)
192.168.1.2:5001 -> (de702a0debf9b9a2ca26f3941ad5df7110cc05ea, ('578', 1))
192.168.1.2:5001 -> ('578', 1)
192.168.1.2:5001 -> ('576', 1)
192.168.1.1:5001 -> ('576', 3)
192.168.1.1:5000 -> ('574', 2)
192.168.1.2:5001 -> (cf6f0c00413d9164b36cc83f8c54421227c2765e, ('579', 1))
192.168.1.3:5001 -> ('579', 2)
192.168.1.3:5000 -> ('574', 1)
192.168.1.3:5000 -> ('574', 1)
192.168.1.2:5001 -> ('579', 1)
192.168.1.2:5001 -> (cf6f0c00413d9164b36cc83f8c54421227c2765e, ('580', 1))
192.168.1.1:5001 -> ('567', 1)
192.168.1.1:5001 -> ('578', 3)
192.168.1.1:5001 -> ('578', 3)
192.168.1.3:5000 -> ('574', 1)
192.168.1.2:5001 -> (cf6f0c00413d9164b36cc83f8c54421227c2765e, ('581', 1))
192.168.1.1:5001 -> ('567', 1)
192.168.1.5:5000 -> ('581', 5)
192.168.1.3:5000 -> ('574', 1)
192.168.1.5:5001 -> ('581', 4)
192.168.1.2:5001 -> (de702a0debf9b9a2ca26f3941ad5df7110cc05ea, ('582', 1))
192.168.1.1:5001 -> ('567', 1)
192.168.1.1:5001 -> ('567', 1)
192.168.1.2:5001 -> ('581', 1)
192.168.1.2:5001 -> ('581', 1)
192.168.1.2:5001 -> (de702a0debf9b9a2ca26f3941ad5df7110cc05ea, ('583', 1))
192.168.1.2:5001 -> ('581', 1)
192.168.1.2:5001 -> ('583', 1)
192.168.1.2:5001 -> ('581', 1)
192.168.1.5:5000 -> ('581', 5)
192.168.1.1:5001 -> (123b432ae2b48b42b9efbd1b43245fbd37e43e6d, ('584', 1))
192.168.1.2:5001 -> ('581', 1)
192.168.1.5:5001 -> ('583', 4)
192.168.1.2:5001 -> ('581', 1)
192.168.1.5:5001 -> ('581', 4)
192.168.1.2:5001 -> (de702a0debf9b9a2ca26f3941ad5df7110cc05ea, ('585', 1))
192.168.1.1:5001 -> ('584', 1)
192.168.1.1:5000 -> ('574', 2)
192.168.1.2:5001 -> ('585', 1)
192.168.1.5:5000 -> ('584', 3)
192.168.1.2:5001 -> (cf6f0c00413d9164b36cc83f8c54421227c2765e, ('586', 1))
192.168.1.1:5001 -> ('586', 3)
192.168.1.5:5001 -> ('585', 4)
192.168.1.1:5001 -> ('586', 3)
192.168.1.2:5001 -> ('586', 1)
192.168.1.1:5001 -> (123b432ae2b48b42b9efbd1b43245fbd37e43e6d, ('587', 1))
192.168.1.2:5001 -> ('586', 1)
192.168.1.2:5001 -> ('586', 1)
192.168.1.2:5001 -> ('586', 1)
192.168.1.2:5001 -> ('586', 1)
192.168.1.2:5001 -> (cf6f0c00413d9164b36cc83f8c54421227c2765e, ('588', 1))
192.168.1.2:5000 -> ('587', 5)
192.168.1.2:5001 -> ('588', 1)
192.168.1.2:5001 -> ('588', 1)
192.168.1.2:5001 -> ('585', 1)
192.168.1.1:5001 -> (123b432ae2b48b42b9efbd1b43245fbd37e43e6d, ('589', 1))
192.168.1.3:5000 -> ('574', 1)
192.168.1.2:5001 -> ('588', 1)
192.168.1.2:5001 -> ('585', 1)
192.168.1.3:5000 -> ('574', 1)
192.168.1.3:5000 -> (9e933bc68570cdcfd78aa239c25eb4f037a4e728, ('590', 1))
192.168.1.1:5001 -> ('589', 1)
192.168.1.2:5001 -> ('585', 1)
192.168.1.1:5001 -> ('589', 1)
192.168.1.2:5001 -> ('588', 1)
192.168.1.2:5001 -> (cf6f0c00413d9164b36cc83f8c54421227c2765e, ('591', 1))
192.168.1.2:5001 -> ('591', 1)
192.168.1.3:5001 -> ('591', 2)
192.168.1.2:5001 -> ('585', 1)
192.168.1.5:5001 -> ('585', 4)
192.168.1.3:5000 -> (9e933bc68570cdcfd78aa239c25eb4f037a4e728, ('592', 1))
192.168.1.1:5001 -> ('589', 1)
192.168.1.1:5001 -> ('589', 1)
192.168.1.2:5001 -> ('585', 1)
192.168.1.2:5001 -> ('585', 1)
192.168.1.2:5001 -> (de702a0debf9b9a2ca26f3941ad5df7110cc05ea, ('593', 1))
192.168.1.1:5001 -> ('591', 3)
192.168.1.2:5001 -> ('593', 1)
192.168.1.5:5000 -> ('591', 5)
192.168.1.2:5001 -> ('591', 1)
192.168.1.2:5001 -> (cf6f0c00413d9164b36cc83f8c54421227c2765e, ('594', 1))
192.168.1.3:5000 -> ('592', 1)
192.168.1.2:5001 -> ('594', 1)
192.168.1.2:5001 -> ('593', 1)
192.168.1.2:5001 -> ('594', 1)
192.168.1.2:5001 -> (cf6f0c00413d9164b36cc83f8c54421227c2765e, ('595', 1))
192.168.1.3:5001 -> ('593', 2)
192.168.1.2:5001 -> ('595', 1)
192.168.1.1:5001 -> ('589', 1)
192.168.1.5:5001 -> ('595', 4)
192.168.1.2:5001 -> (cf6f0c00413d9164b36cc83f8c54421227c2765e, ('596', 1))
192.168.1.2:5001 -> ('593', 1)
192.168.1.2:5001 -> ('596', 1)
192.168.1.2:5001 -> ('596', 1)
192.168.1.3:5001 -> ('592', 4)
192.168.1.2:5001 -> (cf6f0c00413d9164b36cc83f8c54421227c2765e, ('597', 1))
192.168.1.1:5001 -> ('597', 3)
192.168.1.3:5000 -> ('592', 1)
192.168.1.5:5000 -> ('593', 5)
192.168.1.3:5001 -> ('597', 2)
192.168.1.2:5001 -> (cf6f0c00413d9164b36cc83f8c54421227c2765e, ('598', 1))
192.168.1.2:5001 -> ('598', 1)
192.168.1.1:5001 -> ('593', 3)
192.168.1.1:5001 -> ('592', 5)
192.168.1.5:5000 -> ('589', 3)
192.168.1.2:5001 -> (de702a0debf9b9a2ca26f3941ad5df7110cc05ea, ('599', 1))
192.168.1.1:5001 -> ('598', 3)
192.168.1.1:5001 -> ('589', 1)
192.168.1.3:5000 -> ('592', 1)
192.168.1.4:5001 -> ('589', 4)
192.168.1.2:5001 -> (de702a0debf9b9a2ca26f3941ad5df7110cc05ea, ('600', 1))
192.168.1.2:5001 -> ('598', 1)
192.168.1.2:5001 -> ('598', 1)
192.168.1.1:5001 -> ('589', 1)
192.168.1.2:5001 -> ('600', 1)
