192.168.1.1:5001 -> (cf6f0c00413d9164b36cc83f8c54421227c2765e, ('501', 3))
192.168.1.1:5001 -> ('501', 3)
192.168.1.1:5001 -> ('501', 3)
192.168.1.1:5001 -> ('501', 3)
192.168.1.3:5004 -> The requested key was not found.
192.168.1.1:5001 -> (cf6f0c00413d9164b36cc83f8c54421227c2765e, ('502', 3))
192.168.1.5:5009 -> The requested key was not found.
192.168.1.3:5004 -> The requested key was not found.
192.168.1.1:5001 -> ('502', 3)
192.168.1.1:5001 -> The requested key was not found.
192.168.1.3:5005 -> (123b432ae2b48b42b9efbd1b43245fbd37e43e6d, ('503', 3))
192.168.1.1:5001 -> ('502', 3)
192.168.1.5:5009 -> The requested key was not found.
192.168.1.3:5004 -> The requested key was not found.
192.168.1.3:5005 -> ('503', 3)
192.168.1.4:5007 -> (de702a0debf9b9a2ca26f3941ad5df7110cc05ea, ('504', 3))
192.168.1.3:5004 -> The requested key was not found.
192.168.1.1:5001 -> ('502', 3)
192.168.1.1:5001 -> ('502', 3)
192.168.1.4:5007 -> ('504', 3)
192.168.1.1:5001 -> (cf6f0c00413d9164b36cc83f8c54421227c2765e, ('505', 3))
192.168.1.3:5004 -> The requested key was not found.
192.168.1.3:5005 -> ('503', 3)
192.168.1.1:5001 -> ('505', 3)
192.168.1.1:5001 -> ('505', 3)
192.168.1.1:5001 -> (cf6f0c00413d9164b36cc83f8c54421227c2765e, ('506', 3))
192.168.1.1:5001 -> ('506', 3)
192.168.1.1:5001 -> ('506', 3)
192.168.1.4:5007 -> ('504', 3)
192.168.1.3:5005 -> ('503', 3)
192.168.1.1:5001 -> (cf6f0c00413d9164b36cc83f8c54421227c2765e, ('507', 3))
192.168.1.3:5004 -> The requested key was not found.
192.168.1.1:5001 -> ('507', 3)
192.168.1.3:5004 -> The requested key was not found.
192.168.1.1:5001 -> ('507', 3)
192.168.1.1:5000 -> (9e933bc68570cdcfd78aa239c25eb4f037a4e728, ('508', 3))
192.168.1.1:5000 -> ('508', 3)
192.168.1.1:5001 -> ('507', 3)
192.168.1.1:5001 -> ('507', 3)
192.168.1.4:5007 -> ('504', 3)
192.168.1.4:5007 -> (de702a0debf9b9a2ca26f3941ad5df7110cc05ea, ('509', 3))
192.168.1.1:5000 -> ('508', 3)
192.168.1.1:5000 -> ('508', 3)
192.168.1.1:5001 -> ('507', 3)
192.168.1.1:5001 -> ('507', 3)
192.168.1.1:5000 -> (9e933bc68570cdcfd78aa239c25eb4f037a4e728, ('510', 3))
192.168.1.3:5005 -> ('503', 3)
192.168.1.1:5001 -> ('507', 3)
192.168.1.1:5001 -> ('507', 3)
192.168.1.1:5001 -> ('507', 3)
192.168.1.1:5001 -> (cf6f0c00413d9164b36cc83f8c54421227c2765e, ('511', 3))
192.168.1.4:5007 -> ('509', 3)
192.168.1.1:5000 -> ('510', 3)
192.168.1.4:5007 -> ('509', 3)
192.168.1.3:5005 -> ('503', 3)
192.168.1.3:5005 -> (123b432ae2b48b42b9efbd1b43245fbd37e43e6d, ('512', 3))
192.168.1.1:5001 -> ('511', 3)
192.168.1.3:5005 -> ('512', 3)
192.168.1.4:5007 -> ('509', 3)
192.168.1.1:5001 -> ('511', 3)
192.168.1.1:5001 -> (cf6f0c00413d9164b36cc83f8c54421227c2765e, ('513', 3))
192.168.1.3:5005 -> ('512', 3)
192.168.1.3:5005 -> ('512', 3)
192.168.1.1:5001 -> ('513', 3)
192.168.1.1:5001 -> ('513', 3)
192.168.1.4:5007 -> (de702a0debf9b9a2ca26f3941ad5df7110cc05ea, ('514', 3))
192.168.1.1:5001 -> ('513', 3)
192.168.1.1:5001 -> ('513', 3)
192.168.1.3:5005 -> ('512', 3)
192.168.1.3:5005 -> ('512', 3)
192.168.1.1:5000 -> (9e933bc68570cdcfd78aa239c25eb4f037a4e728, ('515', 3))
192.168.1.1:5001 -> ('513', 3)
192.168.1.1:5000 -> ('515', 3)
192.168.1.1:5000 -> ('515', 3)
192.168.1.1:5000 -> ('515', 3)
192.168.1.3:5005 -> (123b432ae2b48b42b9efbd1b43245fbd37e43e6d, ('516', 3))
192.168.1.1:5001 -> ('513', 3)
192.168.1.3:5005 -> ('516', 3)
192.168.1.3:5005 -> ('516', 3)
192.168.1.1:5001 -> ('513', 3)
192.168.1.1:5000 -> (9e933bc68570cdcfd78aa239c25eb4f037a4e728, ('517', 3))
192.168.1.1:5000 -> ('517', 3)
192.168.1.1:5001 -> ('513', 3)
192.168.1.4:5007 -> ('514', 3)
192.168.1.1:5001 -> ('513', 3)
192.168.1.1:5001 -> (cf6f0c00413d9164b36cc83f8c54421227c2765e, ('518', 3))
192.168.1.1:5001 -> ('518', 3)
192.168.1.1:5000 -> ('517', 3)
192.168.1.4:5007 -> ('514', 3)
192.168.1.1:5001 -> ('518', 3)
192.168.1.1:5001 -> (cf6f0c00413d9164b36cc83f8c54421227c2765e, ('519', 3))
192.168.1.4:5007 -> ('514', 3)
192.168.1.4:5007 -> ('514', 3)
192.168.1.1:5001 -> ('519', 3)
192.168.1.1:5001 -> ('519', 3)
192.168.1.4:5007 -> (de702a0debf9b9a2ca26f3941ad5df7110cc05ea, ('520', 3))
192.168.1.1:5001 -> ('519', 3)
192.168.1.4:5007 -> ('520', 3)
192.168.1.4:5007 -> ('520', 3)
192.168.1.3:5005 -> ('516', 3)
192.168.1.1:5000 -> (9e933bc68570cdcfd78aa239c25eb4f037a4e728, ('521', 3))
192.168.1.4:5007 -> ('520', 3)
192.168.1.1:5001 -> ('519', 3)
192.168.1.3:5005 -> ('516', 3)
192.168.1.1:5001 -> ('519', 3)
192.168.1.3:5005 -> (123b432ae2b48b42b9efbd1b43245fbd37e43e6d, ('522', 3))
192.168.1.3:5005 -> ('522', 3)
192.168.1.1:5000 -> ('521', 3)
192.168.1.1:5001 -> ('519', 3)
192.168.1.1:5000 -> ('521', 3)
192.168.1.1:5001 -> (cf6f0c00413d9164b36cc83f8c54421227c2765e, ('523', 3))
192.168.1.4:5007 -> ('520', 3)
192.168.1.1:5001 -> ('523', 3)
192.168.1.1:5001 -> ('523', 3)
192.168.1.1:5001 -> ('523', 3)
192.168.1.1:5001 -> (cf6f0c00413d9164b36cc83f8c54421227c2765e, ('524', 3))
192.168.1.1:5001 -> ('524', 3)
192.168.1.1:5001 -> ('524', 3)
192.168.1.4:5007 -> ('520', 3)
192.168.1.4:5007 -> ('520', 3)
192.168.1.1:5001 -> (cf6f0c00413d9164b36cc83f8c54421227c2765e, ('525', 3))
192.168.1.1:5001 -> ('525', 3)
192.168.1.4:5007 -> ('520', 3)
192.168.1.1:5001 -> ('525', 3)
192.168.1.1:5001 -> ('525', 3)
192.168.1.1:5001 -> (cf6f0c00413d9164b36cc83f8c54421227c2765e, ('526', 3))
192.168.1.3:5005 -> ('522', 3)
192.168.1.4:5007 -> ('520', 3)
192.168.1.4:5007 -> ('520', 3)
192.168.1.1:5001 -> ('526', 3)
192.168.1.4:5007 -> (de702a0debf9b9a2ca26f3941ad5df7110cc05ea, ('527', 3))
192.168.1.3:5005 -> ('522', 3)
192.168.1.3:5005 -> ('522', 3)
192.168.1.1:5001 -> ('526', 3)
192.168.1.1:5000 -> ('521', 3)
192.168.1.3:5005 -> (123b432ae2b48b42b9efbd1b43245fbd37e43e6d, ('528', 3))
192.168.1.1:5000 -> ('521', 3)
192.168.1.1:5001 -> ('526', 3)
192.168.1.1:5001 -> ('526', 3)
192.168.1.1:5000 -> ('521', 3)
192.168.1.1:5000 -> (9e933bc68570cdcfd78aa239c25eb4f037a4e728, ('529', 3))
192.168.1.3:5005 -> ('528', 3)
192.168.1.1:5001 -> ('526', 3)
192.168.1.1:5000 -> ('529', 3)
192.168.1.1:5001 -> ('526', 3)
192.168.1.1:5001 -> (cf6f0c00413d9164b36cc83f8c54421227c2765e, ('530', 3))
192.168.1.3:5005 -> ('528', 3)
192.168.1.1:5001 -> ('530', 3)
192.168.1.3:5005 -> ('528', 3)
192.168.1.1:5000 -> ('529', 3)
192.168.1.1:5000 -> (9e933bc68570cdcfd78aa239c25eb4f037a4e728, ('531', 3))
192.168.1.1:5000 -> ('531', 3)
192.168.1.1:5001 -> ('530', 3)
192.168.1.3:5005 -> ('528', 3)
192.168.1.1:5001 -> ('530', 3)
192.168.1.1:5001 -> (cf6f0c00413d9164b36cc83f8c54421227c2765e, ('532', 3))
192.168.1.1:5001 -> ('532', 3)
192.168.1.1:5001 -> ('532', 3)
192.168.1.3:5005 -> ('528', 3)
192.168.1.1:5001 -> ('532', 3)
192.168.1.1:5000 -> (9e933bc68570cdcfd78aa239c25eb4f037a4e728, ('533', 3))
192.168.1.4:5007 -> ('527', 3)
192.168.1.1:5001 -> ('532', 3)
192.168.1.3:5005 -> ('528', 3)
192.168.1.1:5001 -> ('532', 3)
192.168.1.1:5001 -> (cf6f0c00413d9164b36cc83f8c54421227c2765e, ('534', 3))
192.168.1.1:5001 -> ('534', 3)
192.168.1.1:5000 -> ('533', 3)
192.168.1.1:5001 -> ('534', 3)
192.168.1.4:5007 -> ('527', 3)
192.168.1.1:5001 -> (cf6f0c00413d9164b36cc83f8c54421227c2765e, ('535', 3))
192.168.1.1:5001 -> ('535', 3)
192.168.1.1:5000 -> ('533', 3)
192.168.1.4:5007 -> ('527', 3)
192.168.1.1:5001 -> ('535', 3)
192.168.1.4:5007 -> (de702a0debf9b9a2ca26f3941ad5df7110cc05ea, ('536', 3))
192.168.1.1:5001 -> ('535', 3)
192.168.1.1:5000 -> ('533', 3)
192.168.1.1:5001 -> ('535', 3)
192.168.1.1:5001 -> ('535', 3)
192.168.1.1:5000 -> (9e933bc68570cdcfd78aa239c25eb4f037a4e728, ('537', 3))
192.168.1.1:5001 -> ('535', 3)
192.168.1.3:5005 -> ('528', 3)
192.168.1.1:5001 -> ('535', 3)
192.168.1.4:5007 -> ('536', 3)
192.168.1.1:5000 -> (9e933bc68570cdcfd78aa239c25eb4f037a4e728, ('538', 3))
192.168.1.1:5001 -> ('535', 3)
192.168.1.1:5001 -> ('535', 3)
192.168.1.1:5001 -> ('535', 3)
192.168.1.1:5000 -> ('538', 3)
192.168.1.1:5001 -> (cf6f0c00413d9164b36cc83f8c54421227c2765e, ('539', 3))
192.168.1.1:5000 -> ('538', 3)
192.168.1.1:5001 -> ('539', 3)
192.168.1.1:5000 -> ('538', 3)
192.168.1.4:5007 -> ('536', 3)
192.168.1.1:5001 -> (cf6f0c00413d9164b36cc83f8c54421227c2765e, ('540', 3))
192.168.1.3:5005 -> ('528', 3)
192.168.1.1:5001 -> ('540', 3)
192.168.1.4:5007 -> ('536', 3)
192.168.1.3:5005 -> ('528', 3)
192.168.1.3:5005 -> (123b432ae2b48b42b9efbd1b43245fbd37e43e6d, ('541', 3))
192.168.1.3:5005 -> ('541', 3)
192.168.1.4:5007 -> ('536', 3)
192.168.1.1:5000 -> ('538', 3)
192.168.1.1:5001 -> ('540', 3)
192.168.1.1:5001 -> (cf6f0c00413d9164b36cc83f8c54421227c2765e, ('542', 3))
192.168.1.1:5000 -> ('538', 3)
192.168.1.1:5001 -> ('542', 3)
192.168.1.1:5000 -> ('538', 3)
192.168.1.4:5007 -> ('536', 3)
192.168.1.1:5001 -> (cf6f0c00413d9164b36cc83f8c54421227c2765e, ('543', 3))
192.168.1.1:5001 -> ('543', 3)
192.168.1.3:5005 -> ('541', 3)
192.168.1.1:5001 -> ('543', 3)
192.168.1.1:5001 -> ('543', 3)
192.168.1.1:5001 -> (cf6f0c00413d9164b36cc83f8c54421227c2765e, ('544', 3))
192.168.1.3:5005 -> ('541', 3)
192.168.1.1:5000 -> ('538', 3)
192.168.1.1:5001 -> ('544', 3)
192.168.1.3:5005 -> ('541', 3)
192.168.1.4:5007 -> (de702a0debf9b9a2ca26f3941ad5df7110cc05ea, ('545', 3))
192.168.1.4:5007 -> ('545', 3)
192.168.1.3:5005 -> ('541', 3)
192.168.1.1:5000 -> ('538', 3)
192.168.1.1:5000 -> ('538', 3)
192.168.1.1:5000 -> (9e933bc68570cdcfd78aa239c25eb4f037a4e728, ('546', 3))
192.168.1.1:5001 -> ('544', 3)
192.168.1.1:5000 -> ('546', 3)
192.168.1.1:5001 -> ('544', 3)
192.168.1.1:5001 -> ('544', 3)
192.168.1.4:5007 -> (de702a0debf9b9a2ca26f3941ad5df7110cc05ea, ('547', 3))
192.168.1.1:5000 -> ('546', 3)
192.168.1.1:5001 -> ('544', 3)
192.168.1.1:5001 -> ('544', 3)
192.168.1.1:5001 -> ('544', 3)
192.168.1.3:5005 -> (123b432ae2b48b42b9efbd1b43245fbd37e43e6d, ('548', 3))
192.168.1.1:5001 -> ('544', 3)
192.168.1.4:5007 -> ('547', 3)
192.168.1.4:5007 -> ('547', 3)
192.168.1.1:5001 -> ('544', 3)
192.168.1.1:5001 -> (cf6f0c00413d9164b36cc83f8c54421227c2765e, ('549', 3))
192.168.1.1:5001 -> ('549', 3)
192.168.1.1:5000 -> ('546', 3)
192.168.1.3:5005 -> ('548', 3)
192.168.1.3:5005 -> ('548', 3)
192.168.1.3:5005 -> (123b432ae2b48b42b9efbd1b43245fbd37e43e6d, ('550', 3))
192.168.1.3:5005 -> ('550', 3)
192.168.1.1:5001 -> ('549', 3)
192.168.1.1:5000 -> ('546', 3)
192.168.1.1:5001 -> ('549', 3)
192.168.1.4:5007 -> (de702a0debf9b9a2ca26f3941ad5df7110cc05ea, ('551', 3))
192.168.1.1:5000 -> ('546', 3)
192.168.1.1:5000 -> ('546', 3)
192.168.1.3:5005 -> ('550', 3)
192.168.1.3:5005 -> ('550', 3)
192.168.1.1:5001 -> (cf6f0c00413d9164b36cc83f8c54421227c2765e, ('552', 3))
192.168.1.1:5001 -> ('552', 3)
192.168.1.3:5005 -> ('550', 3)
192.168.1.1:5000 -> ('546', 3)
192.168.1.1:5001 -> ('552', 3)
192.168.1.3:5005 -> (123b432ae2b48b42b9efbd1b43245fbd37e43e6d, ('553', 3))
192.168.1.1:5001 -> ('552', 3)
192.168.1.3:5005 -> ('553', 3)
192.168.1.4:5007 -> ('551', 3)
192.168.1.1:5000 -> ('546', 3)
192.168.1.3:5005 -> (123b432ae2b48b42b9efbd1b43245fbd37e43e6d, ('554', 3))
192.168.1.1:5001 -> ('552', 3)
192.168.1.4:5007 -> ('551', 3)
192.168.1.1:5001 -> ('552', 3)
192.168.1.1:5001 -> ('552', 3)
192.168.1.1:5001 -> (cf6f0c00413d9164b36cc83f8c54421227c2765e, ('555', 3))
192.168.1.1:5001 -> ('555', 3)
192.168.1.3:5005 -> ('554', 3)
192.168.1.1:5000 -> ('546', 3)
192.168.1.1:5001 -> ('555', 3)
192.168.1.1:5001 -> (cf6f0c00413d9164b36cc83f8c54421227c2765e, ('556', 3))
192.168.1.4:5007 -> ('551', 3)
192.168.1.4:5007 -> ('551', 3)
192.168.1.1:5001 -> ('556', 3)
192.168.1.1:5000 -> ('546', 3)
192.168.1.1:5001 -> (cf6f0c00413d9164b36cc83f8c54421227c2765e, ('557', 3))
192.168.1.1:5001 -> ('557', 3)
192.168.1.1:5001 -> ('557', 3)
192.168.1.4:5007 -> ('551', 3)
192.168.1.3:5005 -> ('554', 3)
192.168.1.1:5001 -> (cf6f0c00413d9164b36cc83f8c54421227c2765e, ('558', 3))
192.168.1.1:5000 -> ('546', 3)
192.168.1.1:5001 -> ('558', 3)
192.168.1.1:5001 -> ('558', 3)
192.168.1.3:5005 -> ('554', 3)
192.168.1.3:5005 -> (123b432ae2b48b42b9efbd1b43245fbd37e43e6d, ('559', 3))
192.168.1.1:5001 -> ('558', 3)
192.168.1.3:5005 -> ('559', 3)
192.168.1.1:5001 -> ('558', 3)
192.168.1.1:5001 -> ('558', 3)
192.168.1.3:5005 -> (123b432ae2b48b42b9efbd1b43245fbd37e43e6d, ('560', 3))
192.168.1.3:5005 -> ('560', 3)
192.168.1.1:5001 -> ('558', 3)
192.168.1.1:5000 -> ('546', 3)
192.168.1.1:5000 -> ('546', 3)
192.168.1.1:5001 -> (cf6f0c00413d9164b36cc83f8c54421227c2765e, ('561', 3))
192.168.1.1:5000 -> ('546', 3)
192.168.1.4:5007 -> ('551', 3)
192.168.1.3:5005 -> ('560', 3)
192.168.1.4:5007 -> ('551', 3)
192.168.1.1:5000 -> (9e933bc68570cdcfd78aa239c25eb4f037a4e728, ('562', 3))
192.168.1.1:5001 -> ('561', 3)
192.168.1.1:5001 -> ('561', 3)
192.168.1.4:5007 -> ('551', 3)
192.168.1.1:5000 -> ('562', 3)
192.168.1.1:5000 -> (9e933bc68570cdcfd78aa239c25eb4f037a4e728, ('563', 3))
192.168.1.1:5001 -> ('561', 3)
192.168.1.1:5001 -> ('561', 3)
192.168.1.3:5005 -> ('560', 3)
192.168.1.1:5001 -> ('561', 3)
192.168.1.1:5000 -> (9e933bc68570cdcfd78aa239c25eb4f037a4e728, ('564', 3))
192.168.1.1:5001 -> ('561', 3)
192.168.1.4:5007 -> ('551', 3)
192.168.1.1:5000 -> ('564', 3)
192.168.1.3:5005 -> ('560', 3)
192.168.1.1:5001 -> (cf6f0c00413d9164b36cc83f8c54421227c2765e, ('565', 3))
192.168.1.3:5005 -> ('560', 3)
192.168.1.4:5007 -> ('551', 3)
192.168.1.1:5001 -> ('565', 3)
192.168.1.3:5005 -> ('560', 3)
192.168.1.3:5005 -> (123b432ae2b48b42b9efbd1b43245fbd37e43e6d, ('566', 3))
192.168.1.1:5001 -> ('565', 3)
192.168.1.1:5000 -> ('564', 3)
192.168.1.3:5005 -> ('566', 3)
192.168.1.1:5000 -> ('564', 3)
192.168.1.3:5005 -> (123b432ae2b48b42b9efbd1b43245fbd37e43e6d, ('567', 3))
192.168.1.3:5005 -> ('567', 3)
192.168.1.4:5007 -> ('551', 3)
192.168.1.1:5001 -> ('565', 3)
192.168.1.1:5001 -> ('565', 3)
192.168.1.1:5001 -> (cf6f0c00413d9164b36cc83f8c54421227c2765e, ('568', 3))
192.168.1.1:5001 -> ('568', 3)
192.168.1.3:5005 -> ('567', 3)
192.168.1.3:5005 -> ('567', 3)
192.168.1.3:5005 -> ('567', 3)
192.168.1.1:5000 -> (9e933bc68570cdcfd78aa239c25eb4f037a4e728, ('569', 3))
192.168.1.1:5001 -> ('568', 3)
192.168.1.1:5001 -> ('568', 3)
192.168.1.1:5001 -> ('568', 3)
192.168.1.1:5001 -> ('568', 3)
192.168.1.1:5001 -> (cf6f0c00413d9164b36cc83f8c54421227c2765e, ('570', 3))
192.168.1.1:5001 -> ('570', 3)
192.168.1.1:5001 -> ('570', 3)
192.168.1.1:5000 -> ('569', 3)
192.168.1.3:5005 -> ('567', 3)
192.168.1.4:5007 -> (de702a0debf9b9a2ca26f3941ad5df7110cc05ea, ('571', 3))
192.168.1.1:5001 -> ('570', 3)
192.168.1.1:5000 -> ('569', 3)
192.168.1.4:5007 -> ('571', 3)
192.168.1.1:5001 -> ('570', 3)
192.168.1.1:5001 -> (cf6f0c00413d9164b36cc83f8c54421227c2765e, ('572', 3))
192.168.1.1:5000 -> ('569', 3)
192.168.1.1:5000 -> ('569', 3)
192.168.1.1:5000 -> ('569', 3)
192.168.1.1:5000 -> ('569', 3)
192.168.1.1:5001 -> (cf6f0c00413d9164b36cc83f8c54421227c2765e, ('573', 3))
192.168.1.1:5001 -> ('573', 3)
192.168.1.1:5001 -> ('573', 3)
192.168.1.1:5001 -> ('573', 3)
192.168.1.1:5001 -> ('573', 3)
192.168.1.1:5000 -> (9e933bc68570cdcfd78aa239c25eb4f037a4e728, ('574', 3))
192.168.1.4:5007 -> ('571', 3)
192.168.1.1:5001 -> ('573', 3)
192.168.1.3:5005 -> ('567', 3)
192.168.1.3:5005 -> ('567', 3)
192.168.1.4:5007 -> (de702a0debf9b9a2ca26f3941ad5df7110cc05ea, ('575', 3))
192.168.1.1:5001 -> ('573', 3)
192.168.1.1:5001 -> ('573', 3)
192.168.1.4:5007 -> ('575', 3)
192.168.1.1:5001 -> ('573', 3)
192.168.1.1:5001 -> (cf6f0c00413d9164b36cc83f8c54421227c2765e, ('576', 3))
192.168.1.3:5005 -> ('567', 3)
192.168.1.1:5001 -> ('576', 3)
192.168.1.1:5001 -> ('576', 3)
192.168.1.1:5000 -> ('574', 3)
192.168.1.4:5007 -> (de702a0debf9b9a2ca26f3941ad5df7110cc05ea, ('577', 3))
192.168.1.3:5005 -> ('567', 3)
192.168.1.4:5007 -> ('577', 3)
192.168.1.1:5000 -> ('574', 3)
192.168.1.4:5007 -> ('577', 3)
192.168.1.4:5007 -> (de702a0debf9b9a2ca26f3941ad5df7110cc05ea, ('578', 3))
192.168.1.4:5007 -> ('578', 3)
192.168.1.1:5001 -> ('576', 3)
192.168.1.1:5001 -> ('576', 3)
192.168.1.1:5000 -> ('574', 3)
192.168.1.1:5001 -> (cf6f0c00413d9164b36cc83f8c54421227c2765e, ('579', 3))
192.168.1.1:5001 -> ('579', 3)
192.168.1.1:5000 -> ('574', 3)
192.168.1.1:5000 -> ('574', 3)
192.168.1.1:5001 -> ('579', 3)
192.168.1.1:5001 -> (cf6f0c00413d9164b36cc83f8c54421227c2765e, ('580', 3))
192.168.1.3:5005 -> ('567', 3)
192.168.1.4:5007 -> ('578', 3)
192.168.1.4:5007 -> ('578', 3)
192.168.1.1:5000 -> ('574', 3)
192.168.1.1:5001 -> (cf6f0c00413d9164b36cc83f8c54421227c2765e, ('581', 3))
192.168.1.3:5005 -> ('567', 3)
192.168.1.1:5001 -> ('581', 3)
192.168.1.1:5000 -> ('574', 3)
192.168.1.1:5001 -> ('581', 3)
192.168.1.4:5007 -> (de702a0debf9b9a2ca26f3941ad5df7110cc05ea, ('582', 3))
192.168.1.3:5005 -> ('567', 3)
192.168.1.3:5005 -> ('567', 3)
192.168.1.1:5001 -> ('581', 3)
192.168.1.1:5001 -> ('581', 3)
192.168.1.4:5007 -> (de702a0debf9b9a2ca26f3941ad5df7110cc05ea, ('583', 3))
192.168.1.1:5001 -> ('581', 3)
192.168.1.4:5007 -> ('583', 3)
192.168.1.1:5001 -> ('581', 3)
192.168.1.1:5001 -> ('581', 3)
192.168.1.3:5005 -> (123b432ae2b48b42b9efbd1b43245fbd37e43e6d, ('584', 3))
192.168.1.1:5001 -> ('581', 3)
192.168.1.4:5007 -> ('583', 3)
192.168.1.1:5001 -> ('581', 3)
192.168.1.1:5001 -> ('581', 3)
192.168.1.4:5007 -> (de702a0debf9b9a2ca26f3941ad5df7110cc05ea, ('585', 3))
192.168.1.3:5005 -> ('584', 3)
192.168.1.1:5000 -> ('574', 3)
192.168.1.4:5007 -> ('585', 3)
192.168.1.3:5005 -> ('584', 3)
192.168.1.1:5001 -> (cf6f0c00413d9164b36cc83f8c54421227c2765e, ('586', 3))
192.168.1.1:5001 -> ('586', 3)
192.168.1.4:5007 -> ('585', 3)
192.168.1.1:5001 -> ('586', 3)
192.168.1.1:5001 -> ('586', 3)
192.168.1.3:5005 -> (123b432ae2b48b42b9efbd1b43245fbd37e43e6d, ('587', 3))
192.168.1.1:5001 -> ('586', 3)
192.168.1.1:5001 -> ('586', 3)
192.168.1.1:5001 -> ('586', 3)
192.168.1.1:5001 -> ('586', 3)
192.168.1.1:5001 -> (cf6f0c00413d9164b36cc83f8c54421227c2765e, ('588', 3))
192.168.1.3:5005 -> ('587', 3)
192.168.1.1:5001 -> ('588', 3)
192.168.1.1:5001 -> ('588', 3)
192.168.1.4:5007 -> ('585', 3)
192.168.1.3:5005 -> (123b432ae2b48b42b9efbd1b43245fbd37e43e6d, ('589', 3))
192.168.1.1:5000 -> ('574', 3)
192.168.1.1:5001 -> ('588', 3)
192.168.1.4:5007 -> ('585', 3)
192.168.1.1:5000 -> ('574', 3)
192.168.1.1:5000 -> (9e933bc68570cdcfd78aa239c25eb4f037a4e728, ('590', 3))
192.168.1.3:5005 -> ('589', 3)
192.168.1.4:5007 -> ('585', 3)
192.168.1.3:5005 -> ('589', 3)
192.168.1.1:5001 -> ('588', 3)
192.168.1.1:5001 -> (cf6f0c00413d9164b36cc83f8c54421227c2765e, ('591', 3))
192.168.1.1:5001 -> ('591', 3)
192.168.1.1:5001 -> ('591', 3)
192.168.1.4:5007 -> ('585', 3)
192.168.1.4:5007 -> ('585', 3)
192.168.1.1:5000 -> (9e933bc68570cdcfd78aa239c25eb4f037a4e728, ('592', 3))
192.168.1.3:5005 -> ('589', 3)
192.168.1.3:5005 -> ('589', 3)
192.168.1.4:5007 -> ('585', 3)
192.168.1.4:5007 -> ('585', 3)
192.168.1.4:5007 -> (de702a0debf9b9a2ca26f3941ad5df7110cc05ea, ('593', 3))
192.168.1.1:5001 -> ('591', 3)
192.168.1.4:5007 -> ('593', 3)
192.168.1.1:5001 -> ('591', 3)
192.168.1.1:5001 -> ('591', 3)
192.168.1.1:5001 -> (cf6f0c00413d9164b36cc83f8c54421227c2765e, ('594', 3))
192.168.1.1:5000 -> ('592', 3)
192.168.1.1:5001 -> ('594', 3)
192.168.1.4:5007 -> ('593', 3)
192.168.1.1:5001 -> ('594', 3)
192.168.1.1:5001 -> (cf6f0c00413d9164b36cc83f8c54421227c2765e, ('595', 3))
192.168.1.4:5007 -> ('593', 3)
192.168.1.1:5001 -> ('595', 3)
192.168.1.3:5005 -> ('589', 3)
192.168.1.1:5001 -> ('595', 3)
192.168.1.1:5001 -> (cf6f0c00413d9164b36cc83f8c54421227c2765e, ('596', 3))
192.168.1.4:5007 -> ('593', 3)
192.168.1.1:5001 -> ('596', 3)
192.168.1.1:5001 -> ('596', 3)
192.168.1.1:5000 -> ('592', 3)
192.168.1.1:5001 -> (cf6f0c00413d9164b36cc83f8c54421227c2765e, ('597', 3))
192.168.1.1:5001 -> ('597', 3)
192.168.1.1:5000 -> ('592', 3)
192.168.1.4:5007 -> ('593', 3)
192.168.1.1:5001 -> ('597', 3)
192.168.1.1:5001 -> (cf6f0c00413d9164b36cc83f8c54421227c2765e, ('598', 3))
192.168.1.1:5001 -> ('598', 3)
192.168.1.4:5007 -> ('593', 3)
192.168.1.1:5000 -> ('592', 3)
192.168.1.3:5005 -> ('589', 3)
192.168.1.4:5007 -> (de702a0debf9b9a2ca26f3941ad5df7110cc05ea, ('599', 3))
192.168.1.1:5001 -> ('598', 3)
192.168.1.3:5005 -> ('589', 3)
192.168.1.1:5000 -> ('592', 3)
192.168.1.3:5005 -> ('589', 3)
192.168.1.4:5007 -> (de702a0debf9b9a2ca26f3941ad5df7110cc05ea, ('600', 3))
192.168.1.1:5001 -> ('598', 3)
192.168.1.1:5001 -> ('598', 3)
192.168.1.3:5005 -> ('589', 3)
192.168.1.4:5007 -> ('600', 3)
