192.168.1.5:5000 -> (cf6f0c00413d9164b36cc83f8c54421227c2765e, ('501', 5))
192.168.1.5:5000 -> ('501', 5)
192.168.1.5:5000 -> ('501', 5)
192.168.1.5:5000 -> ('501', 5)
192.168.1.3:5000 -> The requested key was not found.
192.168.1.5:5000 -> (cf6f0c00413d9164b36cc83f8c54421227c2765e, ('502', 5))
192.168.1.2:5001 -> The requested key was not found.
192.168.1.3:5000 -> The requested key was not found.
192.168.1.5:5000 -> ('502', 5)
192.168.1.1:5001 -> The requested key was not found.
192.168.1.2:5000 -> (123b432ae2b48b42b9efbd1b43245fbd37e43e6d, ('503', 5))
192.168.1.5:5000 -> ('502', 5)
192.168.1.2:5001 -> The requested key was not found.
192.168.1.3:5000 -> The requested key was not found.
192.168.1.2:5000 -> ('503', 5)
192.168.1.5:5000 -> (de702a0debf9b9a2ca26f3941ad5df7110cc05ea, ('504', 5))
192.168.1.3:5000 -> The requested key was not found.
192.168.1.5:5000 -> ('502', 5)
192.168.1.5:5000 -> ('502', 5)
192.168.1.5:5000 -> ('504', 5)
192.168.1.5:5000 -> (cf6f0c00413d9164b36cc83f8c54421227c2765e, ('505', 5))
192.168.1.3:5000 -> The requested key was not found.
192.168.1.2:5000 -> ('503', 5)
192.168.1.5:5000 -> ('505', 5)
192.168.1.5:5000 -> ('505', 5)
192.168.1.5:5000 -> (cf6f0c00413d9164b36cc83f8c54421227c2765e, ('506', 5))
192.168.1.5:5000 -> ('506', 5)
192.168.1.5:5000 -> ('506', 5)
192.168.1.5:5000 -> ('504', 5)
192.168.1.2:5000 -> ('503', 5)
192.168.1.5:5000 -> (cf6f0c00413d9164b36cc83f8c54421227c2765e, ('507', 5))
192.168.1.3:5000 -> The requested key was not found.
192.168.1.5:5000 -> ('507', 5)
192.168.1.3:5000 -> The requested key was not found.
192.168.1.5:5000 -> ('507', 5)
192.168.1.1:5001 -> (9e933bc68570cdcfd78aa239c25eb4f037a4e728, ('508', 5))
192.168.1.1:5001 -> ('508', 5)
192.168.1.5:5000 -> ('507', 5)
192.168.1.5:5000 -> ('507', 5)
192.168.1.5:5000 -> ('504', 5)
192.168.1.5:5000 -> (de702a0debf9b9a2ca26f3941ad5df7110cc05ea, ('509', 5))
192.168.1.1:5001 -> ('508', 5)
192.168.1.1:5001 -> ('508', 5)
192.168.1.5:5000 -> ('507', 5)
192.168.1.5:5000 -> ('507', 5)
192.168.1.1:5001 -> (9e933bc68570cdcfd78aa239c25eb4f037a4e728, ('510', 5))
192.168.1.2:5000 -> ('503', 5)
192.168.1.5:5000 -> ('507', 5)
192.168.1.5:5000 -> ('507', 5)
192.168.1.5:5000 -> ('507', 5)
192.168.1.5:5000 -> (cf6f0c00413d9164b36cc83f8c54421227c2765e, ('511', 5))
192.168.1.5:5000 -> ('509', 5)
192.168.1.1:5001 -> ('510', 5)
192.168.1.5:5000 -> ('509', 5)
192.168.1.2:5000 -> ('503', 5)
192.168.1.2:5000 -> (123b432ae2b48b42b9efbd1b43245fbd37e43e6d, ('512', 5))
192.168.1.5:5000 -> ('511', 5)
192.168.1.2:5000 -> ('512', 5)
192.168.1.5:5000 -> ('509', 5)
192.168.1.5:5000 -> ('511', 5)
192.168.1.5:5000 -> (cf6f0c00413d9164b36cc83f8c54421227c2765e, ('513', 5))
192.168.1.2:5000 -> ('512', 5)
192.168.1.2:5000 -> ('512', 5)
192.168.1.5:5000 -> ('513', 5)
192.168.1.5:5000 -> ('513', 5)
192.168.1.5:5000 -> (de702a0debf9b9a2ca26f3941ad5df7110cc05ea, ('514', 5))
192.168.1.5:5000 -> ('513', 5)
192.168.1.5:5000 -> ('513', 5)
192.168.1.2:5000 -> ('512', 5)
192.168.1.2:5000 -> ('512', 5)
192.168.1.1:5001 -> (9e933bc68570cdcfd78aa239c25eb4f037a4e728, ('515', 5))
192.168.1.5:5000 -> ('513', 5)
192.168.1.1:5001 -> ('515', 5)
192.168.1.1:5001 -> ('515', 5)
192.168.1.1:5001 -> ('515', 5)
192.168.1.2:5000 -> (123b432ae2b48b42b9efbd1b43245fbd37e43e6d, ('516', 5))
192.168.1.5:5000 -> ('513', 5)
192.168.1.2:5000 -> ('516', 5)
192.168.1.2:5000 -> ('516', 5)
192.168.1.5:5000 -> ('513', 5)
192.168.1.1:5001 -> (9e933bc68570cdcfd78aa239c25eb4f037a4e728, ('517', 5))
192.168.1.1:5001 -> ('517', 5)
192.168.1.5:5000 -> ('513', 5)
192.168.1.5:5000 -> ('514', 5)
192.168.1.5:5000 -> ('513', 5)
192.168.1.5:5000 -> (cf6f0c00413d9164b36cc83f8c54421227c2765e, ('518', 5))
192.168.1.5:5000 -> ('518', 5)
192.168.1.1:5001 -> ('517', 5)
192.168.1.5:5000 -> ('514', 5)
192.168.1.5:5000 -> ('518', 5)
192.168.1.5:5000 -> (cf6f0c00413d9164b36cc83f8c54421227c2765e, ('519', 5))
192.168.1.5:5000 -> ('514', 5)
192.168.1.5:5000 -> ('514', 5)
192.168.1.5:5000 -> ('519', 5)
192.168.1.5:5000 -> ('519', 5)
192.168.1.5:5000 -> (de702a0debf9b9a2ca26f3941ad5df7110cc05ea, ('520', 5))
192.168.1.5:5000 -> ('519', 5)
192.168.1.5:5000 -> ('520', 5)
192.168.1.5:5000 -> ('520', 5)
192.168.1.2:5000 -> ('516', 5)
192.168.1.1:5001 -> (9e933bc68570cdcfd78aa239c25eb4f037a4e728, ('521', 5))
192.168.1.5:5000 -> ('520', 5)
192.168.1.5:5000 -> ('519', 5)
192.168.1.2:5000 -> ('516', 5)
192.168.1.5:5000 -> ('519', 5)
192.168.1.2:5000 -> (123b432ae2b48b42b9efbd1b43245fbd37e43e6d, ('522', 5))
192.168.1.2:5000 -> ('522', 5)
192.168.1.1:5001 -> ('521', 5)
192.168.1.5:5000 -> ('519', 5)
192.168.1.1:5001 -> ('521', 5)
192.168.1.5:5000 -> (cf6f0c00413d9164b36cc83f8c54421227c2765e, ('523', 5))
192.168.1.5:5000 -> ('520', 5)
192.168.1.5:5000 -> ('523', 5)
192.168.1.5:5000 -> ('523', 5)
192.168.1.5:5000 -> ('523', 5)
192.168.1.5:5000 -> (cf6f0c00413d9164b36cc83f8c54421227c2765e, ('524', 5))
192.168.1.5:5000 -> ('524', 5)
192.168.1.5:5000 -> ('524', 5)
192.168.1.5:5000 -> ('520', 5)
192.168.1.5:5000 -> ('520', 5)
192.168.1.5:5000 -> (cf6f0c00413d9164b36cc83f8c54421227c2765e, ('525', 5))
192.168.1.5:5000 -> ('525', 5)
192.168.1.5:5000 -> ('520', 5)
192.168.1.5:5000 -> ('525', 5)
192.168.1.5:5000 -> ('525', 5)
192.168.1.5:5000 -> (cf6f0c00413d9164b36cc83f8c54421227c2765e, ('526', 5))
192.168.1.2:5000 -> ('522', 5)
192.168.1.5:5000 -> ('520', 5)
192.168.1.5:5000 -> ('520', 5)
192.168.1.5:5000 -> ('526', 5)
192.168.1.5:5000 -> (de702a0debf9b9a2ca26f3941ad5df7110cc05ea, ('527', 5))
192.168.1.2:5000 -> ('522', 5)
192.168.1.2:5000 -> ('522', 5)
192.168.1.5:5000 -> ('526', 5)
192.168.1.1:5001 -> ('521', 5)
192.168.1.2:5000 -> (123b432ae2b48b42b9efbd1b43245fbd37e43e6d, ('528', 5))
192.168.1.1:5001 -> ('521', 5)
192.168.1.5:5000 -> ('526', 5)
192.168.1.5:5000 -> ('526', 5)
192.168.1.1:5001 -> ('521', 5)
192.168.1.1:5001 -> (9e933bc68570cdcfd78aa239c25eb4f037a4e728, ('529', 5))
192.168.1.2:5000 -> ('528', 5)
192.168.1.5:5000 -> ('526', 5)
192.168.1.1:5001 -> ('529', 5)
192.168.1.5:5000 -> ('526', 5)
192.168.1.5:5000 -> (cf6f0c00413d9164b36cc83f8c54421227c2765e, ('530', 5))
192.168.1.2:5000 -> ('528', 5)
192.168.1.5:5000 -> ('530', 5)
192.168.1.2:5000 -> ('528', 5)
192.168.1.1:5001 -> ('529', 5)
192.168.1.1:5001 -> (9e933bc68570cdcfd78aa239c25eb4f037a4e728, ('531', 5))
192.168.1.1:5001 -> ('531', 5)
192.168.1.5:5000 -> ('530', 5)
192.168.1.2:5000 -> ('528', 5)
192.168.1.5:5000 -> ('530', 5)
192.168.1.5:5000 -> (cf6f0c00413d9164b36cc83f8c54421227c2765e, ('532', 5))
192.168.1.5:5000 -> ('532', 5)
192.168.1.5:5000 -> ('532', 5)
192.168.1.2:5000 -> ('528', 5)
192.168.1.5:5000 -> ('532', 5)
192.168.1.1:5001 -> (9e933bc68570cdcfd78aa239c25eb4f037a4e728, ('533', 5))
192.168.1.5:5000 -> ('527', 5)
192.168.1.5:5000 -> ('532', 5)
192.168.1.2:5000 -> ('528', 5)
192.168.1.5:5000 -> ('532', 5)
192.168.1.5:5000 -> (cf6f0c00413d9164b36cc83f8c54421227c2765e, ('534', 5))
192.168.1.5:5000 -> ('534', 5)
192.168.1.1:5001 -> ('533', 5)
192.168.1.5:5000 -> ('534', 5)
192.168.1.5:5000 -> ('527', 5)
192.168.1.5:5000 -> (cf6f0c00413d9164b36cc83f8c54421227c2765e, ('535', 5))
192.168.1.5:5000 -> ('535', 5)
192.168.1.1:5001 -> ('533', 5)
192.168.1.5:5000 -> ('527', 5)
192.168.1.5:5000 -> ('535', 5)
192.168.1.5:5000 -> (de702a0debf9b9a2ca26f3941ad5df7110cc05ea, ('536', 5))
192.168.1.5:5000 -> ('535', 5)
192.168.1.1:5001 -> ('533', 5)
192.168.1.5:5000 -> ('535', 5)
192.168.1.5:5000 -> ('535', 5)
192.168.1.1:5001 -> (9e933bc68570cdcfd78aa239c25eb4f037a4e728, ('537', 5))
192.168.1.5:5000 -> ('535', 5)
192.168.1.2:5000 -> ('528', 5)
192.168.1.5:5000 -> ('535', 5)
192.168.1.5:5000 -> ('536', 5)
192.168.1.1:5001 -> (9e933bc68570cdcfd78aa239c25eb4f037a4e728, ('538', 5))
192.168.1.5:5000 -> ('535', 5)
192.168.1.5:5000 -> ('535', 5)
192.168.1.5:5000 -> ('535', 5)
192.168.1.1:5001 -> ('538', 5)
192.168.1.5:5000 -> (cf6f0c00413d9164b36cc83f8c54421227c2765e, ('539', 5))
192.168.1.1:5001 -> ('538', 5)
192.168.1.5:5000 -> ('539', 5)
192.168.1.1:5001 -> ('538', 5)
192.168.1.5:5000 -> ('536', 5)
192.168.1.5:5000 -> (cf6f0c00413d9164b36cc83f8c54421227c2765e, ('540', 5))
192.168.1.2:5000 -> ('528', 5)
192.168.1.5:5000 -> ('540', 5)
192.168.1.5:5000 -> ('536', 5)
192.168.1.2:5000 -> ('528', 5)
192.168.1.2:5000 -> (123b432ae2b48b42b9efbd1b43245fbd37e43e6d, ('541', 5))
192.168.1.2:5000 -> ('541', 5)
192.168.1.5:5000 -> ('536', 5)
192.168.1.1:5001 -> ('538', 5)
192.168.1.5:5000 -> ('540', 5)
192.168.1.5:5000 -> (cf6f0c00413d9164b36cc83f8c54421227c2765e, ('542', 5))
192.168.1.1:5001 -> ('538', 5)
192.168.1.5:5000 -> ('542', 5)
192.168.1.1:5001 -> ('538', 5)
192.168.1.5:5000 -> ('536', 5)
192.168.1.5:5000 -> (cf6f0c00413d9164b36cc83f8c54421227c2765e, ('543', 5))
192.168.1.5:5000 -> ('543', 5)
192.168.1.2:5000 -> ('541', 5)
192.168.1.5:5000 -> ('543', 5)
192.168.1.5:5000 -> ('543', 5)
192.168.1.5:5000 -> (cf6f0c00413d9164b36cc83f8c54421227c2765e, ('544', 5))
192.168.1.2:5000 -> ('541', 5)
192.168.1.1:5001 -> ('538', 5)
192.168.1.5:5000 -> ('544', 5)
192.168.1.2:5000 -> ('541', 5)
192.168.1.5:5000 -> (de702a0debf9b9a2ca26f3941ad5df7110cc05ea, ('545', 5))
192.168.1.5:5000 -> ('545', 5)
192.168.1.2:5000 -> ('541', 5)
192.168.1.1:5001 -> ('538', 5)
192.168.1.1:5001 -> ('538', 5)
192.168.1.1:5001 -> (9e933bc68570cdcfd78aa239c25eb4f037a4e728, ('546', 5))
192.168.1.5:5000 -> ('544', 5)
192.168.1.1:5001 -> ('546', 5)
192.168.1.5:5000 -> ('544', 5)
192.168.1.5:5000 -> ('544', 5)
192.168.1.5:5000 -> (de702a0debf9b9a2ca26f3941ad5df7110cc05ea, ('547', 5))
192.168.1.1:5001 -> ('546', 5)
192.168.1.5:5000 -> ('544', 5)
192.168.1.5:5000 -> ('544', 5)
192.168.1.5:5000 -> ('544', 5)
192.168.1.2:5000 -> (123b432ae2b48b42b9efbd1b43245fbd37e43e6d, ('548', 5))
192.168.1.5:5000 -> ('544', 5)
192.168.1.5:5000 -> ('547', 5)
192.168.1.5:5000 -> ('547', 5)
192.168.1.5:5000 -> ('544', 5)
192.168.1.5:5000 -> (cf6f0c00413d9164b36cc83f8c54421227c2765e, ('549', 5))
192.168.1.5:5000 -> ('549', 5)
192.168.1.1:5001 -> ('546', 5)
192.168.1.2:5000 -> ('548', 5)
192.168.1.2:5000 -> ('548', 5)
192.168.1.2:5000 -> (123b432ae2b48b42b9efbd1b43245fbd37e43e6d, ('550', 5))
192.168.1.2:5000 -> ('550', 5)
192.168.1.5:5000 -> ('549', 5)
192.168.1.1:5001 -> ('546', 5)
192.168.1.5:5000 -> ('549', 5)
192.168.1.5:5000 -> (de702a0debf9b9a2ca26f3941ad5df7110cc05ea, ('551', 5))
192.168.1.1:5001 -> ('546', 5)
192.168.1.1:5001 -> ('546', 5)
192.168.1.2:5000 -> ('550', 5)
192.168.1.2:5000 -> ('550', 5)
192.168.1.5:5000 -> (cf6f0c00413d9164b36cc83f8c54421227c2765e, ('552', 5))
192.168.1.5:5000 -> ('552', 5)
192.168.1.2:5000 -> ('550', 5)
192.168.1.1:5001 -> ('546', 5)
192.168.1.5:5000 -> ('552', 5)
192.168.1.2:5000 -> (123b432ae2b48b42b9efbd1b43245fbd37e43e6d, ('553', 5))
192.168.1.5:5000 -> ('552', 5)
192.168.1.2:5000 -> ('553', 5)
192.168.1.5:5000 -> ('551', 5)
192.168.1.1:5001 -> ('546', 5)
192.168.1.2:5000 -> (123b432ae2b48b42b9efbd1b43245fbd37e43e6d, ('554', 5))
192.168.1.5:5000 -> ('552', 5)
192.168.1.5:5000 -> ('551', 5)
192.168.1.5:5000 -> ('552', 5)
192.168.1.5:5000 -> ('552', 5)
192.168.1.5:5000 -> (cf6f0c00413d9164b36cc83f8c54421227c2765e, ('555', 5))
192.168.1.5:5000 -> ('555', 5)
192.168.1.2:5000 -> ('554', 5)
192.168.1.1:5001 -> ('546', 5)
192.168.1.5:5000 -> ('555', 5)
192.168.1.5:5000 -> (cf6f0c00413d9164b36cc83f8c54421227c2765e, ('556', 5))
192.168.1.5:5000 -> ('551', 5)
192.168.1.5:5000 -> ('551', 5)
192.168.1.5:5000 -> ('556', 5)
192.168.1.1:5001 -> ('546', 5)
192.168.1.5:5000 -> (cf6f0c00413d9164b36cc83f8c54421227c2765e, ('557', 5))
192.168.1.5:5000 -> ('557', 5)
192.168.1.5:5000 -> ('557', 5)
192.168.1.5:5000 -> ('551', 5)
192.168.1.2:5000 -> ('554', 5)
192.168.1.5:5000 -> (cf6f0c00413d9164b36cc83f8c54421227c2765e, ('558', 5))
192.168.1.1:5001 -> ('546', 5)
192.168.1.5:5000 -> ('558', 5)
192.168.1.5:5000 -> ('558', 5)
192.168.1.2:5000 -> ('554', 5)
192.168.1.2:5000 -> (123b432ae2b48b42b9efbd1b43245fbd37e43e6d, ('559', 5))
192.168.1.5:5000 -> ('558', 5)
192.168.1.2:5000 -> ('559', 5)
192.168.1.5:5000 -> ('558', 5)
192.168.1.5:5000 -> ('558', 5)
192.168.1.2:5000 -> (123b432ae2b48b42b9efbd1b43245fbd37e43e6d, ('560', 5))
192.168.1.2:5000 -> ('560', 5)
192.168.1.5:5000 -> ('558', 5)
192.168.1.1:5001 -> ('546', 5)
192.168.1.1:5001 -> ('546', 5)
192.168.1.5:5000 -> (cf6f0c00413d9164b36cc83f8c54421227c2765e, ('561', 5))
192.168.1.1:5001 -> ('546', 5)
192.168.1.5:5000 -> ('551', 5)
192.168.1.2:5000 -> ('560', 5)
192.168.1.5:5000 -> ('551', 5)
192.168.1.1:5001 -> (9e933bc68570cdcfd78aa239c25eb4f037a4e728, ('562', 5))
192.168.1.5:5000 -> ('561', 5)
192.168.1.5:5000 -> ('561', 5)
192.168.1.5:5000 -> ('551', 5)
192.168.1.1:5001 -> ('562', 5)
192.168.1.1:5001 -> (9e933bc68570cdcfd78aa239c25eb4f037a4e728, ('563', 5))
192.168.1.5:5000 -> ('561', 5)
192.168.1.5:5000 -> ('561', 5)
192.168.1.2:5000 -> ('560', 5)
192.168.1.5:5000 -> ('561', 5)
192.168.1.1:5001 -> (9e933bc68570cdcfd78aa239c25eb4f037a4e728, ('564', 5))
192.168.1.5:5000 -> ('561', 5)
192.168.1.5:5000 -> ('551', 5)
192.168.1.1:5001 -> ('564', 5)
192.168.1.2:5000 -> ('560', 5)
192.168.1.5:5000 -> (cf6f0c00413d9164b36cc83f8c54421227c2765e, ('565', 5))
192.168.1.2:5000 -> ('560', 5)
192.168.1.5:5000 -> ('551', 5)
192.168.1.5:5000 -> ('565', 5)
192.168.1.2:5000 -> ('560', 5)
192.168.1.2:5000 -> (123b432ae2b48b42b9efbd1b43245fbd37e43e6d, ('566', 5))
192.168.1.5:5000 -> ('565', 5)
192.168.1.1:5001 -> ('564', 5)
192.168.1.2:5000 -> ('566', 5)
192.168.1.1:5001 -> ('564', 5)
192.168.1.2:5000 -> (123b432ae2b48b42b9efbd1b43245fbd37e43e6d, ('567', 5))
192.168.1.2:5000 -> ('567', 5)
192.168.1.5:5000 -> ('551', 5)
192.168.1.5:5000 -> ('565', 5)
192.168.1.5:5000 -> ('565', 5)
192.168.1.5:5000 -> (cf6f0c00413d9164b36cc83f8c54421227c2765e, ('568', 5))
192.168.1.5:5000 -> ('568', 5)
192.168.1.2:5000 -> ('567', 5)
192.168.1.2:5000 -> ('567', 5)
192.168.1.2:5000 -> ('567', 5)
192.168.1.1:5001 -> (9e933bc68570cdcfd78aa239c25eb4f037a4e728, ('569', 5))
192.168.1.5:5000 -> ('568', 5)
192.168.1.5:5000 -> ('568', 5)
192.168.1.5:5000 -> ('568', 5)
192.168.1.5:5000 -> ('568', 5)
192.168.1.5:5000 -> (cf6f0c00413d9164b36cc83f8c54421227c2765e, ('570', 5))
192.168.1.5:5000 -> ('570', 5)
192.168.1.5:5000 -> ('570', 5)
192.168.1.1:5001 -> ('569', 5)
192.168.1.2:5000 -> ('567', 5)
192.168.1.5:5000 -> (de702a0debf9b9a2ca26f3941ad5df7110cc05ea, ('571', 5))
192.168.1.5:5000 -> ('570', 5)
192.168.1.1:5001 -> ('569', 5)
192.168.1.5:5000 -> ('571', 5)
192.168.1.5:5000 -> ('570', 5)
192.168.1.5:5000 -> (cf6f0c00413d9164b36cc83f8c54421227c2765e, ('572', 5))
192.168.1.1:5001 -> ('569', 5)
192.168.1.1:5001 -> ('569', 5)
192.168.1.1:5001 -> ('569', 5)
192.168.1.1:5001 -> ('569', 5)
192.168.1.5:5000 -> (cf6f0c00413d9164b36cc83f8c54421227c2765e, ('573', 5))
192.168.1.5:5000 -> ('573', 5)
192.168.1.5:5000 -> ('573', 5)
192.168.1.5:5000 -> ('573', 5)
192.168.1.5:5000 -> ('573', 5)
192.168.1.1:5001 -> (9e933bc68570cdcfd78aa239c25eb4f037a4e728, ('574', 5))
192.168.1.5:5000 -> ('571', 5)
192.168.1.5:5000 -> ('573', 5)
192.168.1.2:5000 -> ('567', 5)
192.168.1.2:5000 -> ('567', 5)
192.168.1.5:5000 -> (de702a0debf9b9a2ca26f3941ad5df7110cc05ea, ('575', 5))
192.168.1.5:5000 -> ('573', 5)
192.168.1.5:5000 -> ('573', 5)
192.168.1.5:5000 -> ('575', 5)
192.168.1.5:5000 -> ('573', 5)
192.168.1.5:5000 -> (cf6f0c00413d9164b36cc83f8c54421227c2765e, ('576', 5))
192.168.1.2:5000 -> ('567', 5)
192.168.1.5:5000 -> ('576', 5)
192.168.1.5:5000 -> ('576', 5)
192.168.1.1:5001 -> ('574', 5)
192.168.1.5:5000 -> (de702a0debf9b9a2ca26f3941ad5df7110cc05ea, ('577', 5))
192.168.1.2:5000 -> ('567', 5)
192.168.1.5:5000 -> ('577', 5)
192.168.1.1:5001 -> ('574', 5)
192.168.1.5:5000 -> ('577', 5)
192.168.1.5:5000 -> (de702a0debf9b9a2ca26f3941ad5df7110cc05ea, ('578', 5))
192.168.1.5:5000 -> ('578', 5)
192.168.1.5:5000 -> ('576', 5)
192.168.1.5:5000 -> ('576', 5)
192.168.1.1:5001 -> ('574', 5)
192.168.1.5:5000 -> (cf6f0c00413d9164b36cc83f8c54421227c2765e, ('579', 5))
192.168.1.5:5000 -> ('579', 5)
192.168.1.1:5001 -> ('574', 5)
192.168.1.1:5001 -> ('574', 5)
192.168.1.5:5000 -> ('579', 5)
192.168.1.5:5000 -> (cf6f0c00413d9164b36cc83f8c54421227c2765e, ('580', 5))
192.168.1.2:5000 -> ('567', 5)
192.168.1.5:5000 -> ('578', 5)
192.168.1.5:5000 -> ('578', 5)
192.168.1.1:5001 -> ('574', 5)
192.168.1.5:5000 -> (cf6f0c00413d9164b36cc83f8c54421227c2765e, ('581', 5))
192.168.1.2:5000 -> ('567', 5)
192.168.1.5:5000 -> ('581', 5)
192.168.1.1:5001 -> ('574', 5)
192.168.1.5:5000 -> ('581', 5)
192.168.1.5:5000 -> (de702a0debf9b9a2ca26f3941ad5df7110cc05ea, ('582', 5))
192.168.1.2:5000 -> ('567', 5)
192.168.1.2:5000 -> ('567', 5)
192.168.1.5:5000 -> ('581', 5)
192.168.1.5:5000 -> ('581', 5)
192.168.1.5:5000 -> (de702a0debf9b9a2ca26f3941ad5df7110cc05ea, ('583', 5))
192.168.1.5:5000 -> ('581', 5)
192.168.1.5:5000 -> ('583', 5)
192.168.1.5:5000 -> ('581', 5)
192.168.1.5:5000 -> ('581', 5)
192.168.1.2:5000 -> (123b432ae2b48b42b9efbd1b43245fbd37e43e6d, ('584', 5))
192.168.1.5:5000 -> ('581', 5)
192.168.1.5:5000 -> ('583', 5)
192.168.1.5:5000 -> ('581', 5)
192.168.1.5:5000 -> ('581', 5)
192.168.1.5:5000 -> (de702a0debf9b9a2ca26f3941ad5df7110cc05ea, ('585', 5))
192.168.1.2:5000 -> ('584', 5)
192.168.1.1:5001 -> ('574', 5)
192.168.1.5:5000 -> ('585', 5)
192.168.1.2:5000 -> ('584', 5)
192.168.1.5:5000 -> (cf6f0c00413d9164b36cc83f8c54421227c2765e, ('586', 5))
192.168.1.5:5000 -> ('586', 5)
192.168.1.5:5000 -> ('585', 5)
192.168.1.5:5000 -> ('586', 5)
192.168.1.5:5000 -> ('586', 5)
192.168.1.2:5000 -> (123b432ae2b48b42b9efbd1b43245fbd37e43e6d, ('587', 5))
192.168.1.5:5000 -> ('586', 5)
192.168.1.5:5000 -> ('586', 5)
192.168.1.5:5000 -> ('586', 5)
192.168.1.5:5000 -> ('586', 5)
192.168.1.5:5000 -> (cf6f0c00413d9164b36cc83f8c54421227c2765e, ('588', 5))
192.168.1.2:5000 -> ('587', 5)
192.168.1.5:5000 -> ('588', 5)
192.168.1.5:5000 -> ('588', 5)
192.168.1.5:5000 -> ('585', 5)
192.168.1.2:5000 -> (123b432ae2b48b42b9efbd1b43245fbd37e43e6d, ('589', 5))
192.168.1.1:5001 -> ('574', 5)
192.168.1.5:5000 -> ('588', 5)
192.168.1.5:5000 -> ('585', 5)
192.168.1.1:5001 -> ('574', 5)
192.168.1.1:5001 -> (9e933bc68570cdcfd78aa239c25eb4f037a4e728, ('590', 5))
192.168.1.2:5000 -> ('589', 5)
192.168.1.5:5000 -> ('585', 5)
192.168.1.2:5000 -> ('589', 5)
192.168.1.5:5000 -> ('588', 5)
192.168.1.5:5000 -> (cf6f0c00413d9164b36cc83f8c54421227c2765e, ('591', 5))
192.168.1.5:5000 -> ('591', 5)
192.168.1.5:5000 -> ('591', 5)
192.168.1.5:5000 -> ('585', 5)
192.168.1.5:5000 -> ('585', 5)
192.168.1.1:5001 -> (9e933bc68570cdcfd78aa239c25eb4f037a4e728, ('592', 5))
192.168.1.2:5000 -> ('589', 5)
192.168.1.2:5000 -> ('589', 5)
192.168.1.5:5000 -> ('585', 5)
192.168.1.5:5000 -> ('585', 5)
192.168.1.5:5000 -> (de702a0debf9b9a2ca26f3941ad5df7110cc05ea, ('593', 5))
192.168.1.5:5000 -> ('591', 5)
192.168.1.5:5000 -> ('593', 5)
192.168.1.5:5000 -> ('591', 5)
192.168.1.5:5000 -> ('591', 5)
192.168.1.5:5000 -> (cf6f0c00413d9164b36cc83f8c54421227c2765e, ('594', 5))
192.168.1.1:5001 -> ('592', 5)
192.168.1.5:5000 -> ('594', 5)
192.168.1.5:5000 -> ('593', 5)
192.168.1.5:5000 -> ('594', 5)
192.168.1.5:5000 -> (cf6f0c00413d9164b36cc83f8c54421227c2765e, ('595', 5))
192.168.1.5:5000 -> ('593', 5)
192.168.1.5:5000 -> ('595', 5)
192.168.1.2:5000 -> ('589', 5)
192.168.1.5:5000 -> ('595', 5)
192.168.1.5:5000 -> (cf6f0c00413d9164b36cc83f8c54421227c2765e, ('596', 5))
192.168.1.5:5000 -> ('593', 5)
192.168.1.5:5000 -> ('596', 5)
192.168.1.5:5000 -> ('596', 5)
192.168.1.1:5001 -> ('592', 5)
192.168.1.5:5000 -> (cf6f0c00413d9164b36cc83f8c54421227c2765e, ('597', 5))
192.168.1.5:5000 -> ('597', 5)
192.168.1.1:5001 -> ('592', 5)
192.168.1.5:5000 -> ('593', 5)
192.168.1.5:5000 -> ('597', 5)
192.168.1.5:5000 -> (cf6f0c00413d9164b36cc83f8c54421227c2765e, ('598', 5))
192.168.1.5:5000 -> ('598', 5)
192.168.1.5:5000 -> ('593', 5)
192.168.1.1:5001 -> ('592', 5)
192.168.1.2:5000 -> ('589', 5)
192.168.1.5:5000 -> (de702a0debf9b9a2ca26f3941ad5df7110cc05ea, ('599', 5))
192.168.1.5:5000 -> ('598', 5)
192.168.1.2:5000 -> ('589', 5)
192.168.1.1:5001 -> ('592', 5)
192.168.1.2:5000 -> ('589', 5)
192.168.1.5:5000 -> (de702a0debf9b9a2ca26f3941ad5df7110cc05ea, ('600', 5))
192.168.1.5:5000 -> ('598', 5)
192.168.1.5:5000 -> ('598', 5)
192.168.1.2:5000 -> ('589', 5)
192.168.1.5:5000 -> ('600', 5)
