192.168.1.2:5002 -> (cf6f0c00413d9164b36cc83f8c54421227c2765e, ('501', 1))
192.168.1.1:5001 -> ('501', 3)
192.168.1.2:5002 -> ('501', 1)
192.168.1.2:5002 -> ('501', 1)
192.168.1.3:5004 -> The requested key was not found.
192.168.1.2:5002 -> (cf6f0c00413d9164b36cc83f8c54421227c2765e, ('502', 1))
192.168.1.5:5009 -> The requested key was not found.
192.168.1.3:5004 -> The requested key was not found.
192.168.1.2:5002 -> ('502', 1)
192.168.1.1:5001 -> The requested key was not found.
192.168.1.1:5001 -> (123b432ae2b48b42b9efbd1b43245fbd37e43e6d, ('503', 1))
192.168.1.2:5002 -> ('502', 1)
192.168.1.5:5009 -> The requested key was not found.
192.168.1.3:5004 -> The requested key was not found.
192.168.1.1:5001 -> ('503', 1)
192.168.1.5:5009 -> (de702a0debf9b9a2ca26f3941ad5df7110cc05ea, ('504', 1))
192.168.1.3:5004 -> The requested key was not found.
192.168.1.2:5002 -> ('502', 1)
192.168.1.2:5002 -> ('502', 1)
192.168.1.5:5009 -> ('504', 1)
192.168.1.2:5002 -> (cf6f0c00413d9164b36cc83f8c54421227c2765e, ('505', 1))
192.168.1.3:5004 -> The requested key was not found.
192.168.1.1:5001 -> ('503', 1)
192.168.1.2:5002 -> ('505', 1)
192.168.1.1:5001 -> ('505', 3)
192.168.1.2:5002 -> (cf6f0c00413d9164b36cc83f8c54421227c2765e, ('506', 1))
192.168.1.2:5002 -> ('506', 1)
192.168.1.4:5007 -> ('506', 4)
192.168.1.5:5009 -> ('504', 1)
192.168.1.1:5001 -> ('503', 1)
192.168.1.2:5002 -> (cf6f0c00413d9164b36cc83f8c54421227c2765e, ('507', 1))
192.168.1.3:5004 -> The requested key was not found.
192.168.1.5:5009 -> ('507', 2)
192.168.1.3:5004 -> The requested key was not found.
192.168.1.3:5005 -> ('507', 5)
192.168.1.3:5004 -> (9e933bc68570cdcfd78aa239c25eb4f037a4e728, ('508', 1))
192.168.1.1:5000 -> ('508', 3)
192.168.1.2:5002 -> ('507', 1)
192.168.1.2:5002 -> ('507', 1)
192.168.1.5:5009 -> ('504', 1)
192.168.1.5:5009 -> (de702a0debf9b9a2ca26f3941ad5df7110cc05ea, ('509', 1))
192.168.1.5:5009 -> ('508', 5)
192.168.1.3:5004 -> ('508', 1)
192.168.1.2:5002 -> ('507', 1)
192.168.1.1:5001 -> ('507', 3)
192.168.1.3:5004 -> (9e933bc68570cdcfd78aa239c25eb4f037a4e728, ('510', 1))
192.168.1.1:5001 -> ('503', 1)
192.168.1.5:5009 -> ('507', 2)
192.168.1.2:5002 -> ('507', 1)
192.168.1.2:5002 -> ('507', 1)
192.168.1.2:5002 -> (cf6f0c00413d9164b36cc83f8c54421227c2765e, ('511', 1))
192.168.1.5:5009 -> ('509', 1)
192.168.1.3:5004 -> ('510', 1)
192.168.1.5:5009 -> ('509', 1)
192.168.1.4:5007 -> ('503', 2)
192.168.1.1:5001 -> (123b432ae2b48b42b9efbd1b43245fbd37e43e6d, ('512', 1))
192.168.1.2:5002 -> ('511', 1)
192.168.1.1:5001 -> ('512', 1)
192.168.1.5:5009 -> ('509', 1)
192.168.1.1:5001 -> ('511', 3)
192.168.1.2:5002 -> (cf6f0c00413d9164b36cc83f8c54421227c2765e, ('513', 1))
192.168.1.1:5001 -> ('512', 1)
192.168.1.3:5005 -> ('512', 3)
192.168.1.4:5007 -> ('513', 4)
192.168.1.2:5002 -> ('513', 1)
192.168.1.5:5009 -> (de702a0debf9b9a2ca26f3941ad5df7110cc05ea, ('514', 1))
192.168.1.2:5002 -> ('513', 1)
192.168.1.2:5002 -> ('513', 1)
192.168.1.4:5007 -> ('512', 2)
192.168.1.3:5005 -> ('512', 3)
192.168.1.3:5004 -> (9e933bc68570cdcfd78aa239c25eb4f037a4e728, ('515', 1))
192.168.1.2:5002 -> ('513', 1)
192.168.1.5:5009 -> ('515', 5)
192.168.1.3:5004 -> ('515', 1)
192.168.1.5:5008 -> ('515', 2)
192.168.1.1:5001 -> (123b432ae2b48b42b9efbd1b43245fbd37e43e6d, ('516', 1))
192.168.1.3:5005 -> ('513', 5)
192.168.1.4:5006 -> ('516', 4)
192.168.1.1:5001 -> ('516', 1)
192.168.1.3:5005 -> ('513', 5)
192.168.1.3:5004 -> (9e933bc68570cdcfd78aa239c25eb4f037a4e728, ('517', 1))
192.168.1.3:5004 -> ('517', 1)
192.168.1.2:5002 -> ('513', 1)
192.168.1.5:5009 -> ('514', 1)
192.168.1.2:5002 -> ('513', 1)
192.168.1.2:5002 -> (cf6f0c00413d9164b36cc83f8c54421227c2765e, ('518', 1))
192.168.1.2:5002 -> ('518', 1)
192.168.1.2:5002 -> ('517', 4)
192.168.1.5:5009 -> ('514', 1)
192.168.1.2:5002 -> ('518', 1)
192.168.1.2:5002 -> (cf6f0c00413d9164b36cc83f8c54421227c2765e, ('519', 1))
192.168.1.1:5001 -> ('514', 2)
192.168.1.5:5009 -> ('514', 1)
192.168.1.3:5005 -> ('519', 5)
192.168.1.2:5002 -> ('519', 1)
192.168.1.5:5009 -> (de702a0debf9b9a2ca26f3941ad5df7110cc05ea, ('520', 1))
192.168.1.2:5002 -> ('519', 1)
192.168.1.4:5007 -> ('520', 3)
192.168.1.3:5005 -> ('520', 4)
192.168.1.1:5001 -> ('516', 1)
192.168.1.3:5004 -> (9e933bc68570cdcfd78aa239c25eb4f037a4e728, ('521', 1))
192.168.1.5:5009 -> ('520', 1)
192.168.1.2:5002 -> ('519', 1)
192.168.1.1:5001 -> ('516', 1)
192.168.1.3:5005 -> ('519', 5)
192.168.1.1:5001 -> (123b432ae2b48b42b9efbd1b43245fbd37e43e6d, ('522', 1))
192.168.1.3:5005 -> ('522', 3)
192.168.1.2:5002 -> ('521', 4)
192.168.1.2:5002 -> ('519', 1)
192.168.1.1:5000 -> ('521', 3)
192.168.1.2:5002 -> (cf6f0c00413d9164b36cc83f8c54421227c2765e, ('523', 1))
192.168.1.5:5009 -> ('520', 1)
192.168.1.5:5009 -> ('523', 2)
192.168.1.5:5009 -> ('523', 2)
192.168.1.2:5002 -> ('523', 1)
192.168.1.2:5002 -> (cf6f0c00413d9164b36cc83f8c54421227c2765e, ('524', 1))
192.168.1.1:5001 -> ('524', 3)
192.168.1.2:5002 -> ('524', 1)
192.168.1.5:5009 -> ('520', 1)
192.168.1.4:5006 -> ('520', 5)
192.168.1.2:5002 -> (cf6f0c00413d9164b36cc83f8c54421227c2765e, ('525', 1))
192.168.1.1:5001 -> ('525', 3)
192.168.1.5:5009 -> ('520', 1)
192.168.1.3:5005 -> ('525', 5)
192.168.1.5:5009 -> ('525', 2)
192.168.1.2:5002 -> (cf6f0c00413d9164b36cc83f8c54421227c2765e, ('526', 1))
192.168.1.1:5001 -> ('522', 1)
192.168.1.1:5001 -> ('520', 2)
192.168.1.4:5007 -> ('520', 3)
192.168.1.3:5005 -> ('526', 5)
192.168.1.5:5009 -> (de702a0debf9b9a2ca26f3941ad5df7110cc05ea, ('527', 1))
192.168.1.1:5001 -> ('522', 1)
192.168.1.1:5001 -> ('522', 1)
192.168.1.5:5009 -> ('526', 2)
192.168.1.5:5009 -> ('521', 5)
192.168.1.1:5001 -> (123b432ae2b48b42b9efbd1b43245fbd37e43e6d, ('528', 1))
192.168.1.3:5004 -> ('521', 1)
192.168.1.2:5002 -> ('526', 1)
192.168.1.2:5002 -> ('526', 1)
192.168.1.3:5004 -> ('521', 1)
192.168.1.3:5004 -> (9e933bc68570cdcfd78aa239c25eb4f037a4e728, ('529', 1))
192.168.1.1:5001 -> ('528', 1)
192.168.1.5:5009 -> ('526', 2)
192.168.1.1:5000 -> ('529', 3)
192.168.1.4:5007 -> ('526', 4)
192.168.1.2:5002 -> (cf6f0c00413d9164b36cc83f8c54421227c2765e, ('530', 1))
192.168.1.1:5001 -> ('528', 1)
192.168.1.3:5005 -> ('530', 5)
192.168.1.2:5003 -> ('528', 5)
192.168.1.5:5009 -> ('529', 5)
192.168.1.3:5004 -> (9e933bc68570cdcfd78aa239c25eb4f037a4e728, ('531', 1))
192.168.1.5:5009 -> ('531', 5)
192.168.1.4:5007 -> ('530', 4)
192.168.1.1:5001 -> ('528', 1)
192.168.1.2:5002 -> ('530', 1)
192.168.1.2:5002 -> (cf6f0c00413d9164b36cc83f8c54421227c2765e, ('532', 1))
192.168.1.2:5002 -> ('532', 1)
192.168.1.2:5002 -> ('532', 1)
192.168.1.4:5006 -> ('528', 4)
192.168.1.2:5002 -> ('532', 1)
192.168.1.3:5004 -> (9e933bc68570cdcfd78aa239c25eb4f037a4e728, ('533', 1))
192.168.1.5:5009 -> ('527', 1)
192.168.1.5:5009 -> ('532', 2)
192.168.1.2:5003 -> ('528', 5)
192.168.1.3:5005 -> ('532', 5)
192.168.1.2:5002 -> (cf6f0c00413d9164b36cc83f8c54421227c2765e, ('534', 1))
192.168.1.1:5001 -> ('534', 3)
192.168.1.5:5008 -> ('533', 2)
192.168.1.2:5002 -> ('534', 1)
192.168.1.5:5009 -> ('527', 1)
192.168.1.2:5002 -> (cf6f0c00413d9164b36cc83f8c54421227c2765e, ('535', 1))
192.168.1.2:5002 -> ('535', 1)
192.168.1.5:5008 -> ('533', 2)
192.168.1.5:5009 -> ('527', 1)
192.168.1.2:5002 -> ('535', 1)
192.168.1.5:5009 -> (de702a0debf9b9a2ca26f3941ad5df7110cc05ea, ('536', 1))
192.168.1.2:5002 -> ('535', 1)
192.168.1.3:5004 -> ('533', 1)
192.168.1.2:5002 -> ('535', 1)
192.168.1.2:5002 -> ('535', 1)
192.168.1.3:5004 -> (9e933bc68570cdcfd78aa239c25eb4f037a4e728, ('537', 1))
192.168.1.1:5001 -> ('535', 3)
192.168.1.3:5005 -> ('528', 3)
192.168.1.2:5002 -> ('535', 1)
192.168.1.5:5009 -> ('536', 1)
192.168.1.3:5004 -> (9e933bc68570cdcfd78aa239c25eb4f037a4e728, ('538', 1))
192.168.1.2:5002 -> ('535', 1)
192.168.1.4:5007 -> ('535', 4)
192.168.1.2:5002 -> ('535', 1)
192.168.1.3:5004 -> ('538', 1)
192.168.1.2:5002 -> (cf6f0c00413d9164b36cc83f8c54421227c2765e, ('539', 1))
192.168.1.5:5009 -> ('538', 5)
192.168.1.1:5001 -> ('539', 3)
192.168.1.2:5002 -> ('538', 4)
192.168.1.5:5009 -> ('536', 1)
192.168.1.2:5002 -> (cf6f0c00413d9164b36cc83f8c54421227c2765e, ('540', 1))
192.168.1.1:5001 -> ('528', 1)
192.168.1.1:5001 -> ('540', 3)
192.168.1.5:5009 -> ('536', 1)
192.168.1.2:5003 -> ('528', 5)
192.168.1.1:5001 -> (123b432ae2b48b42b9efbd1b43245fbd37e43e6d, ('541', 1))
192.168.1.3:5005 -> ('541', 3)
192.168.1.1:5001 -> ('536', 2)
192.168.1.3:5004 -> ('538', 1)
192.168.1.4:5007 -> ('540', 4)
192.168.1.2:5002 -> (cf6f0c00413d9164b36cc83f8c54421227c2765e, ('542', 1))
192.168.1.3:5004 -> ('538', 1)
192.168.1.2:5002 -> ('542', 1)
192.168.1.5:5008 -> ('538', 2)
192.168.1.3:5005 -> ('536', 4)
192.168.1.2:5002 -> (cf6f0c00413d9164b36cc83f8c54421227c2765e, ('543', 1))
192.168.1.2:5002 -> ('543', 1)
192.168.1.1:5001 -> ('541', 1)
192.168.1.2:5002 -> ('543', 1)
192.168.1.2:5002 -> ('543', 1)
192.168.1.2:5002 -> (cf6f0c00413d9164b36cc83f8c54421227c2765e, ('544', 1))
192.168.1.1:5001 -> ('541', 1)
192.168.1.5:5008 -> ('538', 2)
192.168.1.2:5002 -> ('544', 1)
192.168.1.3:5005 -> ('541', 3)
192.168.1.5:5009 -> (de702a0debf9b9a2ca26f3941ad5df7110cc05ea, ('545', 1))
192.168.1.1:5001 -> ('545', 2)
192.168.1.4:5007 -> ('541', 2)
192.168.1.1:5000 -> ('538', 3)
192.168.1.5:5009 -> ('538', 5)
192.168.1.3:5004 -> (9e933bc68570cdcfd78aa239c25eb4f037a4e728, ('546', 1))
192.168.1.5:5009 -> ('544', 2)
192.168.1.3:5004 -> ('546', 1)
192.168.1.2:5002 -> ('544', 1)
192.168.1.5:5009 -> ('544', 2)
192.168.1.5:5009 -> (de702a0debf9b9a2ca26f3941ad5df7110cc05ea, ('547', 1))
192.168.1.5:5008 -> ('546', 2)
192.168.1.3:5005 -> ('544', 5)
192.168.1.4:5007 -> ('544', 4)
192.168.1.2:5002 -> ('544', 1)
192.168.1.1:5001 -> (123b432ae2b48b42b9efbd1b43245fbd37e43e6d, ('548', 1))
192.168.1.4:5007 -> ('544', 4)
192.168.1.1:5001 -> ('547', 2)
192.168.1.4:5007 -> ('547', 3)
192.168.1.2:5002 -> ('544', 1)
192.168.1.2:5002 -> (cf6f0c00413d9164b36cc83f8c54421227c2765e, ('549', 1))
192.168.1.3:5005 -> ('549', 5)
192.168.1.5:5008 -> ('546', 2)
192.168.1.1:5001 -> ('548', 1)
192.168.1.1:5001 -> ('548', 1)
192.168.1.1:5001 -> (123b432ae2b48b42b9efbd1b43245fbd37e43e6d, ('550', 1))
192.168.1.1:5001 -> ('550', 1)
192.168.1.2:5002 -> ('549', 1)
192.168.1.3:5004 -> ('546', 1)
192.168.1.4:5007 -> ('549', 4)
192.168.1.5:5009 -> (de702a0debf9b9a2ca26f3941ad5df7110cc05ea, ('551', 1))
192.168.1.5:5008 -> ('546', 2)
192.168.1.3:5004 -> ('546', 1)
192.168.1.4:5007 -> ('550', 2)
192.168.1.3:5005 -> ('550', 3)
192.168.1.2:5002 -> (cf6f0c00413d9164b36cc83f8c54421227c2765e, ('552', 1))
192.168.1.2:5002 -> ('552', 1)
192.168.1.2:5003 -> ('550', 5)
192.168.1.3:5004 -> ('546', 1)
192.168.1.3:5005 -> ('552', 5)
192.168.1.1:5001 -> (123b432ae2b48b42b9efbd1b43245fbd37e43e6d, ('553', 1))
192.168.1.5:5009 -> ('552', 2)
192.168.1.1:5001 -> ('553', 1)
192.168.1.5:5009 -> ('551', 1)
192.168.1.3:5004 -> ('546', 1)
192.168.1.1:5001 -> (123b432ae2b48b42b9efbd1b43245fbd37e43e6d, ('554', 1))
192.168.1.1:5001 -> ('552', 3)
192.168.1.5:5009 -> ('551', 1)
192.168.1.2:5002 -> ('552', 1)
192.168.1.3:5005 -> ('552', 5)
192.168.1.2:5002 -> (cf6f0c00413d9164b36cc83f8c54421227c2765e, ('555', 1))
192.168.1.2:5002 -> ('555', 1)
192.168.1.2:5003 -> ('554', 5)
192.168.1.1:5000 -> ('546', 3)
192.168.1.4:5007 -> ('555', 4)
192.168.1.2:5002 -> (cf6f0c00413d9164b36cc83f8c54421227c2765e, ('556', 1))
192.168.1.5:5009 -> ('551', 1)
192.168.1.4:5006 -> ('551', 5)
192.168.1.2:5002 -> ('556', 1)
192.168.1.1:5000 -> ('546', 3)
192.168.1.2:5002 -> (cf6f0c00413d9164b36cc83f8c54421227c2765e, ('557', 1))
192.168.1.5:5009 -> ('557', 2)
192.168.1.2:5002 -> ('557', 1)
192.168.1.5:5009 -> ('551', 1)
192.168.1.4:5007 -> ('554', 2)
192.168.1.2:5002 -> (cf6f0c00413d9164b36cc83f8c54421227c2765e, ('558', 1))
192.168.1.3:5004 -> ('546', 1)
192.168.1.3:5005 -> ('558', 5)
192.168.1.2:5002 -> ('558', 1)
192.168.1.2:5003 -> ('554', 5)
192.168.1.1:5001 -> (123b432ae2b48b42b9efbd1b43245fbd37e43e6d, ('559', 1))
192.168.1.4:5007 -> ('558', 4)
192.168.1.1:5001 -> ('559', 1)
192.168.1.2:5002 -> ('558', 1)
192.168.1.5:5009 -> ('558', 2)
192.168.1.1:5001 -> (123b432ae2b48b42b9efbd1b43245fbd37e43e6d, ('560', 1))
192.168.1.1:5001 -> ('560', 1)
192.168.1.2:5002 -> ('558', 1)
192.168.1.3:5004 -> ('546', 1)
192.168.1.3:5004 -> ('546', 1)
192.168.1.2:5002 -> (cf6f0c00413d9164b36cc83f8c54421227c2765e, ('561', 1))
192.168.1.3:5004 -> ('546', 1)
192.168.1.4:5006 -> ('551', 5)
192.168.1.3:5005 -> ('560', 3)
192.168.1.5:5009 -> ('551', 1)
192.168.1.3:5004 -> (9e933bc68570cdcfd78aa239c25eb4f037a4e728, ('562', 1))
192.168.1.1:5001 -> ('561', 3)
192.168.1.2:5002 -> ('561', 1)
192.168.1.3:5005 -> ('551', 4)
192.168.1.3:5004 -> ('562', 1)
192.168.1.3:5004 -> (9e933bc68570cdcfd78aa239c25eb4f037a4e728, ('563', 1))
192.168.1.5:5009 -> ('561', 2)
192.168.1.3:5005 -> ('561', 5)
192.168.1.1:5001 -> ('560', 1)
192.168.1.2:5002 -> ('561', 1)
192.168.1.3:5004 -> (9e933bc68570cdcfd78aa239c25eb4f037a4e728, ('564', 1))
192.168.1.3:5005 -> ('561', 5)
192.168.1.4:5006 -> ('551', 5)
192.168.1.5:5008 -> ('564', 2)
192.168.1.1:5001 -> ('560', 1)
192.168.1.2:5002 -> (cf6f0c00413d9164b36cc83f8c54421227c2765e, ('565', 1))
192.168.1.4:5006 -> ('560', 4)
192.168.1.5:5009 -> ('551', 1)
192.168.1.2:5002 -> ('565', 1)
192.168.1.1:5001 -> ('560', 1)
192.168.1.1:5001 -> (123b432ae2b48b42b9efbd1b43245fbd37e43e6d, ('566', 1))
192.168.1.4:5007 -> ('565', 4)
192.168.1.3:5004 -> ('564', 1)
192.168.1.1:5001 -> ('566', 1)
192.168.1.5:5009 -> ('564', 5)
192.168.1.1:5001 -> (123b432ae2b48b42b9efbd1b43245fbd37e43e6d, ('567', 1))
192.168.1.1:5001 -> ('567', 1)
192.168.1.4:5006 -> ('551', 5)
192.168.1.4:5007 -> ('565', 4)
192.168.1.1:5001 -> ('565', 3)
192.168.1.2:5002 -> (cf6f0c00413d9164b36cc83f8c54421227c2765e, ('568', 1))
192.168.1.2:5002 -> ('568', 1)
192.168.1.1:5001 -> ('567', 1)
192.168.1.1:5001 -> ('567', 1)
192.168.1.1:5001 -> ('567', 1)
192.168.1.3:5004 -> (9e933bc68570cdcfd78aa239c25eb4f037a4e728, ('569', 1))
192.168.1.2:5002 -> ('568', 1)
192.168.1.2:5002 -> ('568', 1)
192.168.1.3:5005 -> ('568', 5)
192.168.1.2:5002 -> ('568', 1)
192.168.1.2:5002 -> (cf6f0c00413d9164b36cc83f8c54421227c2765e, ('570', 1))
192.168.1.3:5005 -> ('568', 5)
192.168.1.2:5002 -> ('570', 1)
192.168.1.3:5004 -> ('569', 1)
192.168.1.3:5005 -> ('567', 3)
192.168.1.5:5009 -> (de702a0debf9b9a2ca26f3941ad5df7110cc05ea, ('571', 1))
192.168.1.2:5002 -> ('570', 1)
192.168.1.1:5000 -> ('569', 3)
192.168.1.5:5009 -> ('571', 1)
192.168.1.2:5002 -> ('570', 1)
192.168.1.2:5002 -> (cf6f0c00413d9164b36cc83f8c54421227c2765e, ('572', 1))
192.168.1.1:5000 -> ('569', 3)
192.168.1.5:5008 -> ('569', 2)
192.168.1.5:5008 -> ('569', 2)
192.168.1.5:5009 -> ('569', 5)
192.168.1.2:5002 -> (cf6f0c00413d9164b36cc83f8c54421227c2765e, ('573', 1))
192.168.1.2:5002 -> ('573', 1)
192.168.1.2:5002 -> ('573', 1)
192.168.1.4:5007 -> ('573', 4)
192.168.1.5:5009 -> ('573', 2)
192.168.1.3:5004 -> (9e933bc68570cdcfd78aa239c25eb4f037a4e728, ('574', 1))
192.168.1.5:5009 -> ('571', 1)
192.168.1.2:5002 -> ('573', 1)
192.168.1.1:5001 -> ('567', 1)
192.168.1.1:5001 -> ('567', 1)
192.168.1.5:5009 -> (de702a0debf9b9a2ca26f3941ad5df7110cc05ea, ('575', 1))
192.168.1.3:5005 -> ('573', 5)
192.168.1.1:5001 -> ('573', 3)
192.168.1.5:5009 -> ('575', 1)
192.168.1.3:5005 -> ('573', 5)
192.168.1.2:5002 -> (cf6f0c00413d9164b36cc83f8c54421227c2765e, ('576', 1))
192.168.1.3:5005 -> ('567', 3)
192.168.1.2:5002 -> ('576', 1)
192.168.1.5:5009 -> ('576', 2)
192.168.1.2:5002 -> ('574', 4)
192.168.1.5:5009 -> (de702a0debf9b9a2ca26f3941ad5df7110cc05ea, ('577', 1))
192.168.1.4:5007 -> ('567', 2)
192.168.1.5:5009 -> ('577', 1)
192.168.1.3:5004 -> ('574', 1)
192.168.1.5:5009 -> ('577', 1)
192.168.1.5:5009 -> (de702a0debf9b9a2ca26f3941ad5df7110cc05ea, ('578', 1))
192.168.1.5:5009 -> ('578', 1)
192.168.1.2:5002 -> ('576', 1)
192.168.1.4:5007 -> ('576', 4)
192.168.1.3:5004 -> ('574', 1)
192.168.1.2:5002 -> (cf6f0c00413d9164b36cc83f8c54421227c2765e, ('579', 1))
192.168.1.2:5002 -> ('579', 1)
192.168.1.3:5004 -> ('574', 1)
192.168.1.3:5004 -> ('574', 1)
192.168.1.4:5007 -> ('579', 4)
192.168.1.2:5002 -> (cf6f0c00413d9164b36cc83f8c54421227c2765e, ('580', 1))
192.168.1.1:5001 -> ('567', 1)
192.168.1.5:5009 -> ('578', 1)
192.168.1.4:5006 -> ('578', 5)
192.168.1.3:5004 -> ('574', 1)
192.168.1.2:5002 -> (cf6f0c00413d9164b36cc83f8c54421227c2765e, ('581', 1))
192.168.1.4:5007 -> ('567', 2)
192.168.1.2:5002 -> ('581', 1)
192.168.1.3:5004 -> ('574', 1)
192.168.1.2:5002 -> ('581', 1)
192.168.1.5:5009 -> (de702a0debf9b9a2ca26f3941ad5df7110cc05ea, ('582', 1))
192.168.1.1:5001 -> ('567', 1)
192.168.1.4:5006 -> ('567', 4)
192.168.1.2:5002 -> ('581', 1)
192.168.1.3:5005 -> ('581', 5)
192.168.1.5:5009 -> (de702a0debf9b9a2ca26f3941ad5df7110cc05ea, ('583', 1))
192.168.1.4:5007 -> ('581', 4)
192.168.1.3:5005 -> ('583', 4)
192.168.1.2:5002 -> ('581', 1)
192.168.1.2:5002 -> ('581', 1)
192.168.1.1:5001 -> (123b432ae2b48b42b9efbd1b43245fbd37e43e6d, ('584', 1))
192.168.1.2:5002 -> ('581', 1)
192.168.1.5:5009 -> ('583', 1)
192.168.1.5:5009 -> ('581', 2)
192.168.1.1:5001 -> ('581', 3)
192.168.1.5:5009 -> (de702a0debf9b9a2ca26f3941ad5df7110cc05ea, ('585', 1))
192.168.1.1:5001 -> ('584', 1)
192.168.1.5:5009 -> ('574', 5)
192.168.1.5:5009 -> ('585', 1)
192.168.1.2:5003 -> ('584', 5)
192.168.1.2:5002 -> (cf6f0c00413d9164b36cc83f8c54421227c2765e, ('586', 1))
192.168.1.2:5002 -> ('586', 1)
192.168.1.4:5007 -> ('585', 3)
192.168.1.2:5002 -> ('586', 1)
192.168.1.2:5002 -> ('586', 1)
192.168.1.1:5001 -> (123b432ae2b48b42b9efbd1b43245fbd37e43e6d, ('587', 1))
192.168.1.1:5001 -> ('586', 3)
192.168.1.5:5009 -> ('586', 2)
192.168.1.2:5002 -> ('586', 1)
192.168.1.2:5002 -> ('586', 1)
192.168.1.2:5002 -> (cf6f0c00413d9164b36cc83f8c54421227c2765e, ('588', 1))
192.168.1.2:5003 -> ('587', 5)
192.168.1.2:5002 -> ('588', 1)
192.168.1.2:5002 -> ('588', 1)
192.168.1.5:5009 -> ('585', 1)
192.168.1.1:5001 -> (123b432ae2b48b42b9efbd1b43245fbd37e43e6d, ('589', 1))
192.168.1.3:5004 -> ('574', 1)
192.168.1.2:5002 -> ('588', 1)
192.168.1.5:5009 -> ('585', 1)
192.168.1.3:5004 -> ('574', 1)
192.168.1.3:5004 -> (9e933bc68570cdcfd78aa239c25eb4f037a4e728, ('590', 1))
192.168.1.1:5001 -> ('589', 1)
192.168.1.3:5005 -> ('585', 4)
192.168.1.4:5006 -> ('589', 4)
192.168.1.2:5002 -> ('588', 1)
192.168.1.2:5002 -> (cf6f0c00413d9164b36cc83f8c54421227c2765e, ('591', 1))
192.168.1.2:5002 -> ('591', 1)
192.168.1.2:5002 -> ('591', 1)
192.168.1.3:5005 -> ('585', 4)
192.168.1.3:5005 -> ('585', 4)
192.168.1.3:5004 -> (9e933bc68570cdcfd78aa239c25eb4f037a4e728, ('592', 1))
192.168.1.1:5001 -> ('589', 1)
192.168.1.4:5007 -> ('589', 2)
192.168.1.1:5001 -> ('585', 2)
192.168.1.5:5009 -> ('585', 1)
192.168.1.5:5009 -> (de702a0debf9b9a2ca26f3941ad5df7110cc05ea, ('593', 1))
192.168.1.2:5002 -> ('591', 1)
192.168.1.3:5005 -> ('593', 4)
192.168.1.5:5009 -> ('591', 2)
192.168.1.2:5002 -> ('591', 1)
192.168.1.2:5002 -> (cf6f0c00413d9164b36cc83f8c54421227c2765e, ('594', 1))
192.168.1.5:5009 -> ('592', 5)
192.168.1.2:5002 -> ('594', 1)
192.168.1.5:5009 -> ('593', 1)
192.168.1.4:5007 -> ('594', 4)
192.168.1.2:5002 -> (cf6f0c00413d9164b36cc83f8c54421227c2765e, ('595', 1))
192.168.1.5:5009 -> ('593', 1)
192.168.1.2:5002 -> ('595', 1)
192.168.1.1:5001 -> ('589', 1)
192.168.1.2:5002 -> ('595', 1)
192.168.1.2:5002 -> (cf6f0c00413d9164b36cc83f8c54421227c2765e, ('596', 1))
192.168.1.5:5009 -> ('593', 1)
192.168.1.2:5002 -> ('596', 1)
192.168.1.1:5001 -> ('596', 3)
192.168.1.3:5004 -> ('592', 1)
192.168.1.2:5002 -> (cf6f0c00413d9164b36cc83f8c54421227c2765e, ('597', 1))
192.168.1.2:5002 -> ('597', 1)
192.168.1.5:5008 -> ('592', 2)
192.168.1.5:5009 -> ('593', 1)
192.168.1.2:5002 -> ('597', 1)
192.168.1.2:5002 -> (cf6f0c00413d9164b36cc83f8c54421227c2765e, ('598', 1))
192.168.1.1:5001 -> ('598', 3)
192.168.1.1:5001 -> ('593', 2)
192.168.1.5:5008 -> ('592', 2)
192.168.1.3:5005 -> ('589', 3)
192.168.1.5:5009 -> (de702a0debf9b9a2ca26f3941ad5df7110cc05ea, ('599', 1))
192.168.1.4:5007 -> ('598', 4)
192.168.1.1:5001 -> ('589', 1)
192.168.1.3:5004 -> ('592', 1)
192.168.1.4:5006 -> ('589', 4)
192.168.1.5:5009 -> (de702a0debf9b9a2ca26f3941ad5df7110cc05ea, ('600', 1))
192.168.1.2:5002 -> ('598', 1)
192.168.1.3:5005 -> ('598', 5)
192.168.1.1:5001 -> ('589', 1)
192.168.1.5:5009 -> ('600', 1)
