192.168.1.1:5001 -> (de702a0debf9b9a2ca26f3941ad5df7110cc05ea, ('1', 3))
192.168.1.3:5000 -> (6b04c5a7bbe33bfec55df1f47112b3341cc96528, ('2', 3))
192.168.1.4:5001 -> (28e630e9241fcdb23310bafc5fb65afefdcf553a, ('3', 3))
192.168.1.2:5001 -> (9e933bc68570cdcfd78aa239c25eb4f037a4e728, ('4', 3))
192.168.1.5:5000 -> (123b432ae2b48b42b9efbd1b43245fbd37e43e6d, ('5', 3))
192.168.1.3:5000 -> (6c31334294d837ef82e18742323cb52c7746fa76, ('6', 3))
192.168.1.4:5001 -> (2c7ceef35099148e1dba6fd5f6ba75b25cbf4935, ('7', 3))
192.168.1.1:5001 -> (cf6f0c00413d9164b36cc83f8c54421227c2765e, ('8', 3))
192.168.1.1:5001 -> (bf7283e9f11a0a2b9ad5584ee3286b9c875f784c, ('9', 3))
192.168.1.4:5001 -> (2ca09ded4ae556584dcf700daea09e8728f9dd63, ('10', 3))
192.168.1.4:5000 -> (5eecda15de143bde43110d239d8ebaee34f3054b, ('11', 3))
192.168.1.1:5001 -> (b591829096136096d2cd1fd553ca5850c274fb8b, ('12', 3))
192.168.1.1:5001 -> (da24830f1f7072d55862afb6969c1a4c433ac056, ('13', 3))
192.168.1.5:5000 -> (0201efa78445bf51d9d77b06c62fe97822b4c500, ('14', 3))
192.168.1.4:5001 -> (1c54c70e114b133562ac1fe4672bf6eaf6d44324, ('15', 3))
192.168.1.4:5001 -> (24170c3ff77bf8020361b9b8af0c485aff780ca9, ('16', 3))
192.168.1.5:5000 -> (101ac77ce1dc275f9a97b59a4e06fa9cf4503a3c, ('17', 3))
192.168.1.5:5000 -> (0cc6194fd71a41087abc4604dd667e911df6902b, ('18', 3))
192.168.1.5:5001 -> (fd9314cc0629277ea46cd4fc678e698746e37871, ('19', 3))
192.168.1.1:5001 -> (c2dce76333c5aa3aa6a4385b7c8226aa4d797714, ('20', 3))
192.168.1.4:5001 -> (1b6186b0da0b3a45fbd8b0cfc2c057bee4a8be79, ('21', 3))
192.168.1.2:5001 -> (82056ad7d72266424775341f3ef7ce175a204d1f, ('22', 3))
192.168.1.4:5001 -> (2813000e1e275c9d11a4cd1bf934b116586c5eb3, ('23', 3))
192.168.1.4:5000 -> (4d7e39d308df7b7a4191a4bf3c1009b960a91086, ('24', 3))
192.168.1.2:5000 -> (37acde63e55a08782a12cc2736ec641e1c467926, ('25', 3))
192.168.1.3:5001 -> (a9f81f7bc1a4c4105e32db6d5d10b48dc73bec21, ('26', 3))
192.168.1.1:5000 -> (6f172eb346bb4a5f0fe30f3dbdab17e971ebb0d4, ('27', 3))
192.168.1.1:5001 -> (e458fe3db503cb59018281399ff1e99a0660fd59, ('28', 3))
192.168.1.2:5000 -> (3e8adeced13f7afed6edf7f2f1ceec7c96517604, ('29', 3))
192.168.1.4:5000 -> (54aa89e3cd0cb8b021ee732484d5606f74dc71e7, ('30', 3))
192.168.1.1:5001 -> (ed66325d9e65b8402d17dba9e213eebcb0c54105, ('31', 3))
192.168.1.4:5000 -> (5cdf8629a0ffdc1bda2c894a9c8c0dfbea165068, ('32', 3))
192.168.1.4:5001 -> (139471d73bd6cba05383c8626d5193563d6b52ea, ('33', 3))
192.168.1.5:5000 -> (105eda76f0ff3ec1f6313e34137ff06464bbda2f, ('34', 3))
192.168.1.1:5000 -> (7a7d6dc549e25fda6b8e4c4d8f7ec0f4d24953b9, ('35', 3))
192.168.1.1:5001 -> (b58b5a8ced9db48b30e008b148004c1065ce53b1, ('36', 3))
192.168.1.5:5001 -> (f2f97712bd5e2adc32f3a0affa18db0e37c1615f, ('37', 3))
192.168.1.4:5000 -> (5a4f97a26badf64cb64e6ab8108e2f74002bdd7a, ('38', 3))
192.168.1.5:5000 -> (0184529c7e44984f69aae04e6c2208b51398bf29, ('39', 3))
192.168.1.4:5000 -> (6182962a2428b1612d3a0a39c52d937a6d8c0d6d, ('40', 3))
192.168.1.2:5000 -> (3504b5992554af06b919cc5ae40d334c903f8cfe, ('41', 3))
192.168.1.3:5001 -> (aca3ba73a66b045ad260492c204a894b596d3686, ('42', 3))
192.168.1.3:5001 -> (a78d6073cc5b62e8c419289b59b41afbe61c10a3, ('43', 3))
192.168.1.3:5001 -> (abb940fdd9d1ca9dce0b5c385732281c5963657b, ('44', 3))
192.168.1.2:5001 -> (7d555f12d5bb346be8e7e2227e34d17c7fed40b8, ('45', 3))
192.168.1.1:5000 -> (765759c52c9e47d45d5b8a2ea65d7a6efab8a506, ('46', 3))
192.168.1.4:5001 -> (27514e3161911719f6d10e0b8b2fbd8e657bed8c, ('47', 3))
192.168.1.2:5001 -> (843663dfa8d836cff1a5856b16e31aa23637d326, ('48', 3))
192.168.1.4:5000 -> (55332280142d84bddb6ed184914675130f1698b1, ('49', 3))
192.168.1.2:5001 -> (9c3f5c627048a7fc127d8f4d3ca3cd33ae510916, ('50', 3))
192.168.1.1:5001 -> (cd2105fc77168e2a498ef063e94f0c02f48fb724, ('51', 3))
192.168.1.2:5000 -> (3ade9451b891078b05616e2a3a9754ce33ff3a6e, ('52', 3))
192.168.1.4:5001 -> (16778678002bbd48b5e9dee3eb59b4a7b504be89, ('53', 3))
192.168.1.1:5001 -> (bfdc722bc1c5a416e6053c81d56a301a98afb897, ('54', 3))
192.168.1.2:5001 -> (a4740113f2c3ddac13c8fb508423e34946b97956, ('55', 3))
192.168.1.1:5000 -> (739b7e5ef976d6eaaa0136943439317dfc449f87, ('56', 3))
192.168.1.4:5001 -> (1b5283ae08650908684de20340e6c4c1b3ae6549, ('57', 3))
192.168.1.4:5001 -> (242d2ff12024f302fd75225587df528dc5221e39, ('58', 3))
192.168.1.2:5001 -> (94575764bf204dd8c411d0ece7670f4b3aa81600, ('59', 3))
192.168.1.2:5001 -> (8e523f1ab48484d234213305a3001488fbbb26fe, ('60', 3))
192.168.1.1:5001 -> (c251d0ebba3564abc82c1c053b66a7276f825308, ('61', 3))
192.168.1.2:5001 -> (99a5139d3ae465bf1157b04908c96d42a26134bb, ('62', 3))
192.168.1.3:5001 -> (acac924a5945fa01327886f44f640be09f936f31, ('63', 3))
192.168.1.1:5001 -> (b4977cd4dcb2bb4d319e204f9ab4f7ad18f6fdce, ('64', 3))
192.168.1.4:5000 -> (5835b29db886cb49afa0f8f08de520e081c04da7, ('65', 3))
192.168.1.4:5000 -> (5960d4ab870236af3460c1bc1c5fbb53545ab9fa, ('66', 3))
192.168.1.5:5001 -> (f9a365b5bbef96d537723ece01eaa69ddfea40dd, ('67', 3))
192.168.1.4:5000 -> (611b299f01681f5dbd3bcb41dfcd92214af4df85, ('68', 3))
192.168.1.1:5001 -> (d6fca5e3e27b8b44f5f3cf06b26b9680ad66cff3, ('69', 3))
192.168.1.1:5001 -> (ef92fe3660b32414a8e86c73bc2b3711c5bbd09c, ('70', 3))
192.168.1.4:5000 -> (445e444b1b9d15dca02cefcd5617301f02d9205c, ('71', 3))
192.168.1.1:5001 -> (e8a7a6948e924818083a5847163bb0e0bdc1b7cc, ('72', 3))
192.168.1.1:5001 -> (eb7e456b0de7c6527d6008d81d97229507dbc732, ('73', 3))
192.168.1.4:5000 -> (467da83f7b08a162f866eaee5a15d2a360fe738a, ('74', 3))
192.168.1.5:5000 -> (0baefbaf7107caea69d6c24ca00353c59db06c94, ('75', 3))
192.168.1.2:5001 -> (8bb83e9b9f8a32c5adc2456c64c3c42a7e0bce07, ('76', 3))
192.168.1.3:5001 -> (ae296a6c338c04900db4f40db674ad0cf962d57b, ('77', 3))
192.168.1.4:5000 -> (6511efa5b0ec3a8e8cbd6fc1f9dbbec28b43bbe9, ('78', 3))
192.168.1.4:5001 -> (13c1e60d30220ab8ac5a0548995086519503ecd8, ('79', 3))
192.168.1.4:5000 -> (4bde5cfd4b6adc089c8c7885d94f50c88b6811d7, ('80', 3))
192.168.1.1:5001 -> (e148abdbf749624c6c9f923237088e3a95ba45e8, ('81', 3))
192.168.1.1:5001 -> (d071db8392b5e07d34f72ffde0d364305b33b961, ('82', 3))
192.168.1.1:5001 -> (cbfed5db4d0c59c4f143632083603edc1fc2fd3d, ('83', 3))
192.168.1.2:5000 -> (343ae52734db13cc63ece83f9cb445c569eb936e, ('84', 3))
192.168.1.1:5001 -> (ecc61d022b520b8409a015db01477a35bc2d964e, ('85', 3))
192.168.1.2:5001 -> (9021b3c80f0bf1d5a7f1e90329b49b562bbb2211, ('86', 3))
192.168.1.1:5001 -> (d7dc44cd6913efb4efad8b635c962b450d01c59f, ('87', 3))
192.168.1.2:5001 -> (98d21945c7802cddd11892b03a4a73fb3a65b05c, ('88', 3))
192.168.1.3:5000 -> (68cfe94e9cfb3b0e00d26d4a3b01b20abdb27a56, ('89', 3))
192.168.1.1:5001 -> (be1bb27d2c56705b4b00dc89311b100c0eacebdf, ('90', 3))
192.168.1.4:5000 -> (4d8034fcfccdd6f75c9657f0c1ffe51a581a64e2, ('91', 3))
192.168.1.1:5001 -> (ee036dddec294c67fa38ec18ea5961c79622a3d2, ('92', 3))
192.168.1.1:5001 -> (ee16dd465865e2233c2e715f11ef3caf4ac79c03, ('93', 3))
192.168.1.4:5001 -> (27dad4686353b1a526c817c2fcf9e5475bd03b0f, ('94', 3))
192.168.1.2:5001 -> (850dce46a12f7d4ef5c3ee105ba9a7c9108b8ee2, ('95', 3))
192.168.1.5:5001 -> (fd5954bceda89e5bc616e2a63fb8b1965df144dc, ('96', 3))
192.168.1.2:5001 -> (82e7817cba952f4eea6a275c5612954cc5bf7094, ('97', 3))
192.168.1.4:5000 -> (673c430535e5ee4a4eec02a7d7cacc6b98fbf178, ('98', 3))
192.168.1.2:5001 -> (872a7354f382eaa7ef0a67054810dc59541b3ef2, ('99', 3))
192.168.1.4:5001 -> (18a4c8396657c419635481743ac637cc8aec62b5, ('100', 3))
192.168.1.2:5000 -> (3c1f69167d9e7da5868aa7b5704b8242e609ee38, ('101', 3))
192.168.1.4:5001 -> (1954f641bfdfa42922a569e6d24b2b4f3e385bd0, ('102', 3))
192.168.1.4:5000 -> (441d901d3746e81e2c2be6cb89defe494ce02da3, ('103', 3))
192.168.1.5:5000 -> (136b4b41983714ff61ce354f959599dfafd2606a, ('104', 3))
192.168.1.5:5000 -> (0424566c7e6427c4ca75c490359cb28f40deedea, ('105', 3))
192.168.1.4:5001 -> (13c1e60d30220ab8ac5a0548995086519503ecd8, ('106', 3))
192.168.1.4:5000 -> (62da100046c9c73686f9ea27f378f02a15e0477e, ('107', 3))
192.168.1.4:5000 -> (5ced54168466390013355d08b2942170d0b3a0f9, ('108', 3))
192.168.1.2:5001 -> (9e45bed60e11062052617585c1c91f8020488b84, ('109', 3))
192.168.1.4:5000 -> (595f18d2800710009e4b8910edcf47b5e06c25ea, ('110', 3))
192.168.1.1:5001 -> (e59d909164ca9181f852ae46d3789fb7476f8876, ('111', 3))
192.168.1.4:5000 -> (5fa6f665c518a77ed990651884e65c7d4704d986, ('112', 3))
192.168.1.4:5001 -> (210221a81491019796cd1fc89007f5fa67086de4, ('113', 3))
192.168.1.5:5001 -> (f47ebe00c8e778ecd0fcf78bd642d168af32e012, ('114', 3))
192.168.1.4:5001 -> (186e63feccbfba33349d7524d130297f8e20101f, ('115', 3))
192.168.1.2:5000 -> (3e4b71e39e9fa13f979ed27126f80ead78bcd2e6, ('116', 3))
192.168.1.1:5001 -> (be05537640216635c8387eeb291cd5bb4513ef09, ('117', 3))
192.168.1.2:5000 -> (3e835aa5fca8caa61ac146cc568e7b6ba5cf8e7d, ('118', 3))
192.168.1.1:5001 -> (bfc5d99d26e6ccb8476054c4d7e89e8665a771ea, ('119', 3))
192.168.1.2:5000 -> (3865f25f6f88cf7a7fce72a75db37df4f59686c1, ('120', 3))
192.168.1.2:5000 -> (3d9747b4c5a075c3c31cbd6a39faca50f264ebfc, ('121', 3))
192.168.1.1:5001 -> (dfb1c07b8a19d6f5d009918ecf62f94a4bb0d87a, ('122', 3))
192.168.1.4:5001 -> (13aed42792503d68deeaaa5cca6a91d7aa191ee3, ('123', 3))
192.168.1.4:5001 -> (1cee99ef6143e9e98d644dc96cffd19afb9da6ef, ('124', 3))
192.168.1.2:5001 -> (8aa57de6dce6ee1c35c6aba7426503281876b258, ('125', 3))
192.168.1.5:5001 -> (f72af29429e3e89ffa06e1e1676c0913c5574d24, ('126', 3))
192.168.1.1:5001 -> (efa320b2034494701d010d3ece18b75151cccc1f, ('127', 3))
192.168.1.4:5000 -> (4bc02a9e0c225e4add8ce430f7b400867c0a6a22, ('128', 3))
192.168.1.2:5001 -> (8afeee3582ece7fcabbcae718f65657ebe761002, ('129', 3))
192.168.1.4:5000 -> (5aee258b3a5d12c078ee21d840fa6e424c880e07, ('130', 3))
192.168.1.2:5001 -> (8130a1605f669a5d8a7b1b49e1d71bbef15ea739, ('131', 3))
192.168.1.2:5001 -> (a2864725eaea4846614e13593e4e0d8f87be968b, ('132', 3))
192.168.1.4:5001 -> (21120e599903e2764174d020b2327af434797a31, ('133', 3))
192.168.1.1:5001 -> (e0e13d80fa3c28f02c4b1489562e44221fec2808, ('134', 3))
192.168.1.4:5001 -> (159e3b90a75ec0fe42b2c524896df818b2ec4efd, ('135', 3))
192.168.1.4:5000 -> (551a056dfb4e2223107f73b7e813da45ea77d123, ('136', 3))
192.168.1.2:5001 -> (8d69e96752633d5f23589d24d1705a7995d85c71, ('137', 3))
192.168.1.2:5001 -> (7fb409c35888151637b9b136d13e330021cea8b4, ('138', 3))
192.168.1.5:5000 -> (febfee6832669c2ebc42d307a0d84da3ee9378c1, ('139', 3))
192.168.1.3:5001 -> (aaeb9802e2e5b14e2d33da1dda73c4021a3c1e28, ('140', 3))
192.168.1.5:5001 -> (fa14a518f6b63433a88cb596833bf68bd6672762, ('141', 3))
192.168.1.3:5000 -> (69cfe3da65dbb251aee856d75c7bb43efcc3eb20, ('142', 3))
192.168.1.1:5001 -> (ee9401d77057cfad76f213912c3136cfec28dc20, ('143', 3))
192.168.1.3:5001 -> (b2999437537820e5736a52f228d6a51e6d5c17c7, ('144', 3))
192.168.1.1:5001 -> (d521658a24a3a067ee89e604cd6d0106a27a7e67, ('145', 3))
192.168.1.2:5000 -> (374df5ae3f2e1d90ee0e0f94a037235b2aa035aa, ('146', 3))
192.168.1.5:5000 -> (055eac0da3a02a699493554a3be4971dde48022a, ('147', 3))
192.168.1.2:5001 -> (a6fed89b488cba86c15099937db474c3be94263c, ('148', 3))
192.168.1.4:5000 -> (652fd5da8ab48ff21b675698dfca0f2a8caeb1b9, ('149', 3))
192.168.1.4:5000 -> (5f5f62a6472390233673a2c8f77e75f6e92b3f75, ('150', 3))
192.168.1.3:5001 -> (b25df2bacd7cead63926189466d039f07d923b03, ('151', 3))
192.168.1.4:5000 -> (62f042bb5e22e70fe73ba79af3fdd47464aa6d73, ('152', 3))
192.168.1.4:5001 -> (1eca8175f9bc37500adf5d33a77e97a752713c34, ('153', 3))
192.168.1.1:5001 -> (dc50f9e3b0f1b37a576ded471018e39882a00476, ('154', 3))
192.168.1.1:5001 -> (e90256a5c49c7169869b6753d2cd6513e967b7b6, ('155', 3))
192.168.1.4:5001 -> (2d8159c6a06755997bb2b2511e0b6243d8634534, ('156', 3))
192.168.1.1:5001 -> (c0b081db6f3773b0a77c5eaf6d294565f2d4734b, ('157', 3))
192.168.1.1:5001 -> (d5174141d9a18a9f95c25b1ca69d8a6b7d2efd34, ('158', 3))
192.168.1.1:5001 -> (dc3e0d80923bae5684f94a8383d59c657498d969, ('159', 3))
192.168.1.4:5000 -> (4522142c63db18a9480e4260a187662a89025630, ('160', 3))
192.168.1.4:5000 -> (5a1422a12fd7731ff4191b2e8e65ec4f2e0c1671, ('161', 3))
192.168.1.4:5000 -> (4ea7237dc08a1527443d5c5861ca9e176f665802, ('162', 3))
192.168.1.5:5000 -> (087ff1f50a0eb107d1bd2a865e08f878e4f08331, ('163', 3))
192.168.1.5:5001 -> (f15707603909fa71f66e454136ca89522b9d99fb, ('164', 3))
192.168.1.2:5000 -> (376d347bab84df3255baacb42b677039d3af1093, ('165', 3))
192.168.1.4:5000 -> (44942d146858eac309d0eaee0dbc7e34a5cc3416, ('166', 3))
192.168.1.3:5000 -> (6cb364c792130f55982607f3d35325ac2dea5c0e, ('167', 3))
192.168.1.1:5001 -> (dc4ca24163b150e7bb42b4564df2db3abea7b4bd, ('168', 3))
192.168.1.4:5001 -> (1f16b953f236038c00d3a7a9ab9c712d09b469a3, ('169', 3))
192.168.1.3:5001 -> (aef72a0d8fefcd03d3982e06a522ddd78ea43cec, ('170', 3))
192.168.1.3:5000 -> (6b94a488e0644038ec33d47bf5dc84f3b151b366, ('171', 3))
192.168.1.3:5001 -> (ab61b51482b050805570c867e46b4eada07eea01, ('172', 3))
192.168.1.1:5001 -> (c8937d471b03418117fb82b4dd724bb2a619d3d7, ('173', 3))
192.168.1.5:5000 -> (08554577495854def8916a6b688d9f09699c6022, ('174', 3))
192.168.1.4:5000 -> (63e0637bf7b023fc1c9ce6b027269219990d8acd, ('175', 3))
192.168.1.5:5000 -> (fe47c3df576bc99b2269ad7840352fb4531bfff0, ('176', 3))
192.168.1.1:5001 -> (dd310b8e70f6cf38922f0815bb7e7d2e84d18151, ('177', 3))
192.168.1.5:5001 -> (fc94fccdf007cec06038257fd7a9963d3014f3b1, ('178', 3))
192.168.1.2:5000 -> (3c1a0f72e2f3ab931733639d2e28c8c81a52767b, ('179', 3))
192.168.1.5:5000 -> (02a9b2560e7ab3fa96ddef7ad29c6ebf84bde436, ('180', 3))
192.168.1.1:5001 -> (d126a88b5dfe2ee73589cd129003bbd121a82b40, ('181', 3))
192.168.1.3:5001 -> (ac51798d6e9a0b18577b306d27d3feb29b05a03a, ('182', 3))
192.168.1.1:5001 -> (def8d5c7fb520e3976d2d13233c0da24e4bd6d96, ('183', 3))
192.168.1.2:5000 -> (3e82051227c6814767da4ac8b02d815e60d289f6, ('184', 3))
192.168.1.1:5001 -> (ee6ff4164ae116f01dbbc7451af89f8ace38b38d, ('185', 3))
192.168.1.2:5001 -> (a4e9e8edbc7a2ed2601486a26162482d60b15937, ('186', 3))
192.168.1.4:5001 -> (1d15fd1e5565bbce912b03dd2aa3680021ef228e, ('187', 3))
192.168.1.1:5001 -> (e5571996669b1b646195392034b2f2b44834acba, ('188', 3))
192.168.1.5:5001 -> (f9735070f60513d1b872c7a7ba0032430d39b400, ('189', 3))
192.168.1.2:5001 -> (9a26234ffb20604f6d242fbdd905e506dfa9831f, ('190', 3))
192.168.1.1:5001 -> (d6b6e44d8189f744e4216510b25eda365018ac10, ('191', 3))
192.168.1.5:5001 -> (f4759f618b6ea96a8a26d7e1af7efc183f8830d6, ('192', 3))
192.168.1.4:5000 -> (56dd8d0bbe9dcb95403cd2c187064106af47af84, ('193', 3))
192.168.1.2:5000 -> (39115ad05e089575d62653205c16bf98a0f77102, ('194', 3))
192.168.1.1:5001 -> (cea487b41919a9bb71d3246059eebb91dfb1cb79, ('195', 3))
192.168.1.1:5000 -> (715869bbcdcbddf43ba8ca91c2501e96226e6902, ('196', 3))
192.168.1.2:5001 -> (90c1e9fa0625eabc56a8d5b6acf147aa040f9844, ('197', 3))
192.168.1.2:5001 -> (8fb620cfff9adf6e05f2f2c294ee56228b596bae, ('198', 3))
192.168.1.4:5000 -> (67acd1dd71a5bd479ab84bfd0173bde7ab7f47bd, ('199', 3))
192.168.1.5:5000 -> (feb23aedc60d4e37d776ae2b345d198a7e5a1489, ('200', 3))
192.168.1.5:5000 -> (0d77d3481b25adbb91abc9d9df3e25da4151fc3e, ('201', 3))
192.168.1.3:5001 -> (b0d932188a9b8b7ea127901f8a0917ca8c96b9c4, ('202', 3))
192.168.1.4:5001 -> (1707ab241964628e2944f687116540e4d7c1f8cd, ('203', 3))
192.168.1.1:5001 -> (dacdfa6c7989a335f2282e8e8c3f83406e08f87a, ('204', 3))
192.168.1.1:5000 -> (79cc5635d9c9dfecb4f20d66515d9ce9e4d5a9d8, ('205', 3))
192.168.1.2:5001 -> (90e9167d70cdb3ff51861a579699b920c47dd413, ('206', 3))
192.168.1.2:5001 -> (99ff84c349e0ad55462d086b171c2b72422396ed, ('207', 3))
192.168.1.5:5001 -> (f10acb76db4ab02729228b6f1f567f3bb01d658e, ('208', 3))
192.168.1.1:5001 -> (c122b5af53f6b4d26b7bba8fb0a64f3f3141eee2, ('209', 3))
192.168.1.5:5001 -> (fbc7843acd866f53f17a92b81b4f1d95ad543b38, ('210', 3))
192.168.1.1:5001 -> (b768c10b953631a83d7b05bd65588963b853f01e, ('211', 3))
192.168.1.2:5001 -> (7f683215455304fc43c741940ef5110807fcb782, ('212', 3))
192.168.1.4:5001 -> (172acb755c59fd7d71d849d4f426776721a38b13, ('213', 3))
192.168.1.2:5001 -> (86ce28293649452a0635929d68e5a8b300fb8207, ('214', 3))
192.168.1.3:5000 -> (6ba6a24969e9e6bdc799f9407040e659505284ff, ('215', 3))
192.168.1.4:5000 -> (61cb4517c13fe5ed4e8a150c56761cede70fb7bc, ('216', 3))
192.168.1.4:5001 -> (138c78572270481cdc56a4ccecd8ac59a280f2d9, ('217', 3))
192.168.1.1:5001 -> (cc95d7268461bea2df4c42bcd53ffddf86b0fe4e, ('218', 3))
192.168.1.2:5001 -> (84b84f5df0d256779eb44f4c372a5ffe1ff9adb5, ('219', 3))
192.168.1.5:5000 -> (0d94103eaba0e8fcbb475d8c9ebcf4752ef898ed, ('220', 3))
192.168.1.1:5001 -> (b9a4573f16d4fb63fba05760f3c854cc90191d9f, ('221', 3))
192.168.1.4:5000 -> (564b0421ad5d664a8cbcf41e4d60a2355c503e82, ('222', 3))
192.168.1.5:5000 -> (0b979aaf43c588df9f9c2cb9ce8be60fd3782f2a, ('223', 3))
192.168.1.2:5001 -> (946979ffbe54b734bd3be2982f43376100b545ce, ('224', 3))
192.168.1.2:5001 -> (9a89b1b01f1ef58fe09b56387736a191d258ebe9, ('225', 3))
192.168.1.3:5001 -> (a82126c1ebc433475853c746c54c9eed5e9c60de, ('226', 3))
192.168.1.1:5001 -> (d0aaa81a59749f49708e98784afb9384e309eaf6, ('227', 3))
192.168.1.2:5001 -> (83f193ff4a82ebd4fd471884953b07efe90f4272, ('228', 3))
192.168.1.2:5000 -> (3d86774e7722ac0e274c158969c2461cacd3d1f6, ('229', 3))
192.168.1.1:5001 -> (e3f8c9f84aa270888346f5768e9e61f22d93c010, ('230', 3))
192.168.1.2:5001 -> (8979529e0cd01e75edd3e9e4365abf097db05dd3, ('231', 3))
192.168.1.4:5000 -> (459951a95fc1c3bbb9d53e2d6ae00835335b05c8, ('232', 3))
192.168.1.4:5000 -> (62159ed753e1fcc1df50cf035f3d2153ee894521, ('233', 3))
192.168.1.1:5001 -> (bdcc12ca78f9b1e7b8b159592ed6de3c0afc9b18, ('234', 3))
192.168.1.2:5001 -> (8f92edaeed41b6931411742d308fea032ca76ceb, ('235', 3))
192.168.1.1:5000 -> (78f6d0f7183bdb6bb3a56124ce14ac7ec46be733, ('236', 3))
192.168.1.4:5000 -> (4c96a1cad36f727ba2a4a6a971d51351be763e74, ('237', 3))
192.168.1.1:5001 -> (e712af8e5612166abdf2713adc068979ce2eb540, ('238', 3))
192.168.1.2:5001 -> (a1b1279b9a24cebca4c3f6a3f631449b9bd6c6c9, ('239', 3))
192.168.1.4:5000 -> (454f943cdb15a7b3b4451738d06dacc93843dec9, ('240', 3))
192.168.1.5:5001 -> (fc529f59384530d57f363dbd0945a993a504b855, ('241', 3))
192.168.1.1:5000 -> (71cab96dc974af0ff6e5186bf76cbd86a82ba785, ('242', 3))
192.168.1.1:5001 -> (be7dec6ac400d5cb75033b5f248a96f77e97673a, ('243', 3))
192.168.1.2:5001 -> (87ab51d4dca7ad7cfbc12b8e774f1402013fc955, ('244', 3))
192.168.1.4:5000 -> (4cbfbacd5593b972751b57f79a771021dc4ef0c7, ('245', 3))
192.168.1.1:5001 -> (eebe93e2fcab666811078d84c8a42834c5f8bc34, ('246', 3))
192.168.1.4:5000 -> (63ede27242860c92363b75e8bebae0d4ccf120aa, ('247', 3))
192.168.1.5:5000 -> (0323ce5f916db1ccbbc2f229de155777a2911f7c, ('248', 3))
192.168.1.2:5001 -> (7cfdef43aadc617746e8a3f89215dc2b3fa6096f, ('249', 3))
192.168.1.5:5000 -> (043843c065a545803559c218520f742d1940832e, ('250', 3))
192.168.1.2:5000 -> (3ac7a83c59e69c143b2f89dfb89b12b12bf38019, ('251', 3))
192.168.1.4:5001 -> (29c9f7f11f8537cb1afdde5b609e9b5e1b459012, ('252', 3))
192.168.1.5:5000 -> (1194c6827cc6dd2c38157e58dd2278a4af150ad4, ('253', 3))
192.168.1.5:5000 -> (00f97dbee29f88985bb4b58ad51617efe5ae1fa5, ('254', 3))
192.168.1.2:5001 -> (88c61efb929f5e6d8e302623e187fdc3eea25aec, ('255', 3))
192.168.1.5:5000 -> (04b4a8def8bd94fa9841f413b855928d09393974, ('256', 3))
192.168.1.5:5000 -> (0f3c99d7db3a8bf1e66e6ebe9fdbdb7f4fcd7241, ('257', 3))
192.168.1.5:5000 -> (0d94103eaba0e8fcbb475d8c9ebcf4752ef898ed, ('258', 3))
192.168.1.2:5000 -> (32a8e9faf10505487a16602668608d08e22fd38a, ('259', 3))
192.168.1.2:5000 -> (3db9d176e2fe5ae623f9156c5482961a4962c5ca, ('260', 3))
192.168.1.1:5001 -> (f0580ae191c87f75e1beae8700e69e2f0781313f, ('261', 3))
192.168.1.4:5000 -> (460d75e7b958b22feab8d66f1948bcd3a904b802, ('262', 3))
192.168.1.3:5001 -> (b1920bee3387f18ed257600f479769da0262c166, ('263', 3))
192.168.1.3:5001 -> (ab5cc3f671615aff931d3464d4fb93473d0ab19b, ('264', 3))
192.168.1.4:5000 -> (47f3705c92deb3b267c9ea23df56775605293bd4, ('265', 3))
192.168.1.4:5001 -> (18e9d8d92b4c6342ffd51de9934b69223c312b51, ('266', 3))
192.168.1.1:5001 -> (e48a4e426f1b5240797ad5cb012115ff40009432, ('267', 3))
192.168.1.1:5001 -> (cba88980c9f089e60890a12026b3e38835c8efb5, ('268', 3))
192.168.1.1:5001 -> (c126eb3765bc71d43f65ad9c2de060cb66c2d8a0, ('269', 3))
192.168.1.4:5000 -> (526e37a7e83326ce5b10f5a163136b6cda4f75b0, ('270', 3))
192.168.1.1:5001 -> (b74dd130fe4e46c52aeb39878480cfe50324dab9, ('271', 3))
192.168.1.5:5000 -> (031dbf00ea3ebc84d6c6c8d28e61887cdf679cb2, ('272', 3))
192.168.1.4:5000 -> (4907f13cf418358593a7e2f973df3a6b21e496ae, ('273', 3))
192.168.1.2:5001 -> (90ce07c2a2c752968b7831690517d14c51f073f0, ('274', 3))
192.168.1.4:5001 -> (20c1b0c590162c7ed8a7f1a4a15b1c03b2cfce97, ('275', 3))
192.168.1.5:5001 -> (f42a920d2c634e9fe8aa78eeb55aed5145e2a1e6, ('276', 3))
192.168.1.1:5001 -> (d41d323015de70cc8d91fcdd660a91e4cdb9df65, ('277', 3))
192.168.1.2:5000 -> (35839e9e7ed93f277460818d1f8b5e3826fa099e, ('278', 3))
192.168.1.5:5001 -> (fcc3fa57810bc1d5bea94c3f7e5efdcec100ebc1, ('279', 3))
192.168.1.2:5000 -> (335e650a84c840069f907162e04582fce2996e24, ('280', 3))
192.168.1.1:5001 -> (b6889ac3814e84bd6bcc32b286e2a3af3cec3ac3, ('281', 3))
192.168.1.2:5001 -> (8bddfac0b6c1853058d8439776eb4a8aa727273f, ('282', 3))
192.168.1.4:5000 -> (676afc5ac2f40a3e3a1d5d0265c066b398ab9e66, ('283', 3))
192.168.1.2:5001 -> (907c93095b5acf0008dcac1ca1def2d2bd96abff, ('284', 3))
192.168.1.4:5000 -> (610d0990c35aeeeab655798ae5da2c3e9f9ed5da, ('285', 3))
192.168.1.4:5000 -> (5b54ce7ed36bae26bfa2d6e7aef49dae9817fdbc, ('286', 3))
192.168.1.2:5001 -> (8998b04008584c09eff02fe34bd9edb1f0e4fa8f, ('287', 3))
192.168.1.4:5001 -> (2b2655c755c142589943d7b6eadb0d2319b286a9, ('288', 3))
192.168.1.2:5001 -> (9a41e45b18f9c7b24e8992472fd246f71606a82a, ('289', 3))
192.168.1.4:5000 -> (5ba0370c80c1a32e49ab5ccc48784af0ac725ffd, ('290', 3))
192.168.1.1:5000 -> (758ec459328fb6da67b24cc29d5c7a784975e40d, ('291', 3))
192.168.1.1:5001 -> (d6ef7ccbbf9de2373525cae5f7398ef9a68b0ab2, ('292', 3))
192.168.1.1:5000 -> (71204aa918330774e7ee9ed0bf2701680a712416, ('293', 3))
192.168.1.2:5000 -> (3ea5a4375571be61fbb71227e451fa1e944c7716, ('294', 3))
192.168.1.2:5000 -> (33f37c1322fdfb741ead2390d533c1cd2bf72195, ('295', 3))
192.168.1.4:5000 -> (4d49afd2588613a46a3366c5469e8c0d5eb59b8a, ('296', 3))
192.168.1.5:5000 -> (0320ff481f9a095acdf41d1a74f0762153d77386, ('297', 3))
192.168.1.5:5001 -> (f4e28106148e093ff84db3049cd3390dc80536ad, ('298', 3))
192.168.1.5:5000 -> (09cff9d125080152c7c9dd56fec18b75ea2024ab, ('299', 3))
192.168.1.2:5001 -> (9c3dba12a1a8ed8421ac356111a3ebc5db12c685, ('300', 3))
192.168.1.3:5001 -> (ad246ef823194aca28e5542b5dcdd8f4d174849f, ('301', 3))
192.168.1.4:5001 -> (222073f67a8842e519a1c7157ed61b811ad4a42d, ('302', 3))
192.168.1.4:5000 -> (54091ae66f9d11336613e9ebe588473da7e0f9fd, ('303', 3))
192.168.1.3:5000 -> (6bd6bae22995733de1b2d8ee99c9a3e346e0eb14, ('304', 3))
192.168.1.5:5001 -> (f56d4da09668beb0bc11db08380a770d4dfe5061, ('305', 3))
192.168.1.2:5001 -> (9fb44dad635921279b2fcd044452f0344783d161, ('306', 3))
192.168.1.4:5000 -> (45f950f24c457b770d59433ededae81b9565fcb7, ('307', 3))
192.168.1.1:5001 -> (b4eae13b2ba2c9364d3e36a5bb8e10f6c1a317c7, ('308', 3))
192.168.1.2:5000 -> (394a01c2e7c462a8c4f0004bc84304e347280fcd, ('309', 3))
192.168.1.5:5001 -> (fd3fb031ed5fcdd52587eb99f6c5fb8646987458, ('310', 3))
192.168.1.2:5001 -> (939d29e5a3746d979d62a680ed7d04f403a1ede7, ('311', 3))
192.168.1.4:5001 -> (28ed85a0933f56d9e68d315d48b0e8cc4d5dd5e0, ('312', 3))
192.168.1.1:5001 -> (deff0ef9644a6048146e27f3056658259e1d4b67, ('313', 3))
192.168.1.1:5001 -> (da1c2055b22dbb04bd50f6a732701eecc29d71ec, ('314', 3))
192.168.1.4:5001 -> (2fb1e656d6d064d8f67496b413753caca8c5cb2f, ('315', 3))
192.168.1.1:5001 -> (efdcdb2321fb28b28e106eca6366b8a122ba7385, ('316', 3))
192.168.1.2:5001 -> (a1aac94ec09ec1d0b2477fc3ba7ea5a5bea3b24d, ('317', 3))
192.168.1.4:5001 -> (2766d8bc717bf973f4eaa8135ef15775756b5fbd, ('318', 3))
192.168.1.2:5001 -> (95333ca2c0dbfe199e7d465ccb66d025b7275ec9, ('319', 3))
192.168.1.4:5000 -> (4b3e22d83709988f313eef4ce7396b1c88d3eb66, ('320', 3))
192.168.1.1:5001 -> (c280e2d08e33fcf5b6e2ca2ab937aaab01ddeb4b, ('321', 3))
192.168.1.3:5000 -> (6ae4e2b9570e248acb3e7b421eb533bf171eaa35, ('322', 3))
192.168.1.1:5001 -> (c6995cb004d5452099d6431fe05ed4fbd6b9d5e5, ('323', 3))
192.168.1.3:5001 -> (b0e0d76acf7afdff9b15fef739a5c7519f16e09b, ('324', 3))
192.168.1.2:5001 -> (9b8f4769d043e2c3968822beb2445dd511bfcdfd, ('325', 3))
192.168.1.1:5001 -> (d956e0c084afae871c15815c0d7a4563c2ea300d, ('326', 3))
192.168.1.4:5000 -> (48665993ce3ac90b2c5ef3d63b0795f750fe2041, ('327', 3))
192.168.1.2:5001 -> (a37d3d501ff8c92668649097dde4067c95bce88b, ('328', 3))
192.168.1.4:5001 -> (24f1383e3b88f40aa3a3828cd4ce082882cb3237, ('329', 3))
192.168.1.2:5000 -> (37ab14e548d8ce2683e15f21220f653b7680769e, ('330', 3))
192.168.1.3:5001 -> (b095dc5f6954edec8d6b9de83af31e7ffca588cb, ('331', 3))
192.168.1.2:5001 -> (7dc4908e2a39451b8a358162c76ff1e9a619c2cd, ('332', 3))
192.168.1.2:5000 -> (3952b0c1060dd285575481d4e699679630aa1158, ('333', 3))
192.168.1.4:5000 -> (4e1c3621b687026a9d71eb08c5941f26d73ac25c, ('334', 3))
192.168.1.4:5000 -> (5b54ce7ed36bae26bfa2d6e7aef49dae9817fdbc, ('335', 3))
192.168.1.1:5001 -> (c628d5c97f302480047d5606bbc8165b145b19b1, ('336', 3))
192.168.1.1:5001 -> (c46849432531628237f30a2467912bed1dfe979f, ('337', 3))
192.168.1.2:5001 -> (834406097d186337c9787eb705ed7acbbfe117a0, ('338', 3))
192.168.1.4:5000 -> (4171db07bcc01bf01f9e8d7afa010bf9d8891741, ('339', 3))
192.168.1.5:5000 -> (0e3d95aba22aa2da4a34178ff11c267926fe31be, ('340', 3))
192.168.1.2:5001 -> (836813ab2dd6cfb3d92ae451a2ca5a8b9afc1f5d, ('341', 3))
192.168.1.1:5001 -> (e42e0f3c312956ac2c06bc8cd6728bfaa6289d09, ('342', 3))
192.168.1.1:5001 -> (c04514ab87027bc07fcc28cc01b6107ef347e1be, ('343', 3))
192.168.1.1:5001 -> (d259879a5eb5359032614e45f40d420a7d1c16bc, ('344', 3))
192.168.1.1:5001 -> (c622a0f55210929cfaffd8f525427a487a65d40d, ('345', 3))
192.168.1.2:5001 -> (7cc2b16f689afc12fd65bb038c25a6cd22ef6b06, ('346', 3))
192.168.1.1:5001 -> (dc2e50f254cb15df6660543f021008b86d725502, ('347', 3))
192.168.1.1:5001 -> (b8fead6457f9e9e25c43708c7272ee98565b280c, ('348', 3))
192.168.1.2:5001 -> (825fa402345567c689d414b687520256c5a25401, ('349', 3))
192.168.1.4:5001 -> (160cf412e499e356f217d9e49b4821b6ca276dd0, ('350', 3))
192.168.1.3:5000 -> (6c1717644b87126bdac6692814e5b731ca202e1b, ('351', 3))
192.168.1.2:5000 -> (3bc4e359913a19a6695f02a954bc40352c60b2cd, ('352', 3))
192.168.1.4:5001 -> (151344ae4baa35cb9f236a30056a202081f9be2b, ('353', 3))
192.168.1.1:5001 -> (ba23a21c435ab308ace76d08c8c9c6a473b7e1bd, ('354', 3))
192.168.1.2:5000 -> (366e1a00826ca7e175f9e278e5a518732d762be4, ('355', 3))
192.168.1.4:5000 -> (55b367f95959a45b7e3747ee732c0ec3902b57bf, ('356', 3))
192.168.1.1:5001 -> (d28fd4316b3b72b155be98258930ebb6968f3b6d, ('357', 3))
192.168.1.4:5001 -> (1ae1b528c55b19ee9fd2e6aa26fb7bcd9b500c76, ('358', 3))
192.168.1.1:5001 -> (dfd0054732563c782143c147778e6bda3e5499d1, ('359', 3))
192.168.1.4:5000 -> (5380ac7326eb6a5da482c8106af54b27679294ec, ('360', 3))
192.168.1.3:5000 -> (6cb7fe48a70923de39aa00cd17f73339a46947b4, ('361', 3))
192.168.1.5:5000 -> (11c55f337e257b3914f0987f310d415d780c6268, ('362', 3))
192.168.1.2:5001 -> (8887248e42efaa4843177936018399976e98ff64, ('363', 3))
192.168.1.4:5001 -> (2eb70e67651dfb3e24757319e6afb2bc4ed998ec, ('364', 3))
192.168.1.2:5001 -> (a207f50890d550465a33d0e3121d0fc6e0b4ae0f, ('365', 3))
192.168.1.2:5000 -> (37db68d7aa453205382fcf77752c99f93103ede7, ('366', 3))
192.168.1.2:5001 -> (846bffe7284e295c0f9c189eb56530843006aca7, ('367', 3))
192.168.1.1:5001 -> (f01a7069ff6ba44d0a7a27a0f39d3bf366e27e73, ('368', 3))
192.168.1.5:5001 -> (f87e67202e39de82d11ce13ded6c1804bd54aa77, ('369', 3))
192.168.1.2:5000 -> (34c04792640cb6e1ddd79f4a4a50d44bf87b465d, ('370', 3))
192.168.1.1:5001 -> (d77584f7157c7ccf5a19c73d652d027bb80c4d83, ('371', 3))
192.168.1.2:5000 -> (3a80c7b0e6ab3271617d135c5dad6ec1fd5850ee, ('372', 3))
192.168.1.4:5000 -> (5e9f0bfe73d45d5e5d2b6208d8b22306f6c7e6f7, ('373', 3))
192.168.1.2:5001 -> (8aeb1219004da15170531c29c071dde39ac5d6d8, ('374', 3))
192.168.1.4:5001 -> (16ff9d933a4869b774456f6111a53069c2289c7f, ('375', 3))
192.168.1.2:5001 -> (95e6e63e540d16a6639a495358854c94a2cb8b49, ('376', 3))
192.168.1.4:5000 -> (4ee74f6912ac665e2ac1fc71c110c8fd608f7e3f, ('377', 3))
192.168.1.1:5001 -> (bdebe568e978f6f393761dc6f6042c1f6cdd9ca9, ('378', 3))
192.168.1.3:5001 -> (b2490ef0a2bbf7740ca10debdf16f94b7bb122d2, ('379', 3))
192.168.1.4:5000 -> (4f2ebc47370dbde7a6af94034b565a916c987043, ('380', 3))
192.168.1.3:5001 -> (a9a910ad2f88e39a5fe8304843ab4cfeb7b34fd4, ('381', 3))
192.168.1.3:5001 -> (aa62af81daee9615b6cd65cca5070e0e42a6764e, ('382', 3))
192.168.1.1:5001 -> (d57d1bd232284a6508079bca482859e243aaeca1, ('383', 3))
192.168.1.1:5001 -> (d318c17a6d88eb121b52a65898138c1a7870d9d6, ('384', 3))
192.168.1.1:5000 -> (73ea1ff11415bdee0e975b9eaa0fb062eeb2b7bf, ('385', 3))
192.168.1.4:5000 -> (44f24d4deadae4795ac887bccd59ce64bdd08666, ('386', 3))
192.168.1.1:5001 -> (e9185391bfddbf361bd3073e681e8dc95fea4b4e, ('387', 3))
192.168.1.5:5001 -> (f555f7c3ffbc51097020d8653e0adaef3216b854, ('388', 3))
192.168.1.1:5001 -> (e32a0283940eb55cb6854609937bf456616093ab, ('389', 3))
192.168.1.5:5000 -> (0d9df647740ee3cf26a6982ed8e9e8c27d2a29dd, ('390', 3))
192.168.1.1:5001 -> (b435ccc264ed8e51d248acf0684c364cc6d8a7a1, ('391', 3))
192.168.1.4:5000 -> (65bfb775202c9ba5b70d8e27f60a183f4be3bd7a, ('392', 3))
192.168.1.1:5000 -> (769668034a6b739a72716cfd9b7ba4436225a83a, ('393', 3))
192.168.1.1:5001 -> (d7fb777be379056a78352d9eccf62f869f2ffe6d, ('394', 3))
192.168.1.1:5000 -> (7933258ec6036a4126be12b23cbd15723172492f, ('395', 3))
192.168.1.4:5001 -> (1442bbb876c9011ec2bd2a5bae4c5d56981b38de, ('396', 3))
192.168.1.2:5001 -> (9041c5ec884f2cd3de4270bcee87f99665cc2a57, ('397', 3))
192.168.1.1:5001 -> (c1a4c7751a9ce0da4bef13033e08ce2373d557f7, ('398', 3))
192.168.1.1:5001 -> (c19108bb9ced9be6756368577e42d0eee2831812, ('399', 3))
192.168.1.5:5001 -> (f73b5eebbac94db141e954f7ac2a7b5bcee6429d, ('400', 3))
192.168.1.2:5001 -> (859b0a5f7f8d15c20866cebb50630dda40d68ca5, ('401', 3))
192.168.1.3:5001 -> (a7dfb8fd173017e3b7ddc90eb794f3b82d6233c3, ('402', 3))
192.168.1.2:5000 -> (33fd2ecf42c4b9e5ab138c81dd88c76ec774c28c, ('403', 3))
192.168.1.1:5001 -> (c8622aa779cabcfc6af0730b2506ca38c59cfb4b, ('404', 3))
192.168.1.3:5001 -> (b1551216eaec64a759b2ada800482dafc39fb040, ('405', 3))
192.168.1.5:5000 -> (10819feb91e1275023b1244a8f82943e07497ed2, ('406', 3))
192.168.1.1:5000 -> (751ee72b2681dd78d11b26f956e5ceb217bf95bf, ('407', 3))
192.168.1.3:5001 -> (b2175d61a4c0433dc9d2c9867beeac7998a306da, ('408', 3))
192.168.1.1:5000 -> (71654b62a1c7453a541d4a444ad3b8a98ae90264, ('409', 3))
192.168.1.1:5001 -> (d6f2cdf637bb6472bef304354c30d79d6fcd7b9f, ('410', 3))
192.168.1.4:5001 -> (167d03c29b4627017b970145cb1d08309c887e9c, ('411', 3))
192.168.1.3:5001 -> (a869e784e1001907850f817b9f3c30721dae841e, ('412', 3))
192.168.1.2:5000 -> (34a46dbaf475b279dd5bf1ca5a33cbdfaa605d53, ('413', 3))
192.168.1.2:5000 -> (3c025ba62ea8dcab7d73be291389403e3084e1d9, ('414', 3))
192.168.1.2:5001 -> (a5dc45756f0a065b32079733f36d6cd2e3095d25, ('415', 3))
192.168.1.5:5001 -> (f9e27803be45714c134a9477e8c8fc47a2908946, ('416', 3))
192.168.1.2:5001 -> (992c5042b38f739b7bb7c605dac5e20b35b2ad4c, ('417', 3))
192.168.1.4:5001 -> (1b894088ef4c012c976c09dee358882dd38f4275, ('418', 3))
192.168.1.5:5001 -> (fc508fccef1e59dfa5e1b3f2563858e23304c9fc, ('419', 3))
192.168.1.1:5001 -> (d6c78ce1d7b527bc5acf3bd00c65ef21b4f22926, ('420', 3))
192.168.1.1:5001 -> (bf580931d48a1b191c714e81377e254e32c7f306, ('421', 3))
192.168.1.2:5001 -> (850dce46a12f7d4ef5c3ee105ba9a7c9108b8ee2, ('422', 3))
192.168.1.4:5001 -> (1837ab1d6d865b99d0449fedce993997a3dfb1a3, ('423', 3))
192.168.1.5:5000 -> (0c7353e619903b50fb4dd16f0963da02f25b3643, ('424', 3))
192.168.1.5:5000 -> (024dcdd147648021f8f2dec8eca6ec76987e704c, ('425', 3))
192.168.1.1:5000 -> (70b0d780a74c544d2c134e0457175bc8c1de001f, ('426', 3))
192.168.1.1:5001 -> (e480bc96c6f1d4bc196a8b02aeb56946a2a05888, ('427', 3))
192.168.1.4:5000 -> (45e561a630c53e04980638c8d4e86ae0087886be, ('428', 3))
192.168.1.4:5000 -> (49243bfc37b894b94b3dc1e8eca7a8fb1e7e2d1d, ('429', 3))
192.168.1.1:5001 -> (d3f132006dd1db7e509b50996c8c2e5b20c23e6f, ('430', 3))
192.168.1.5:5000 -> (12b0db46dbc0ca498c1fad6081668aec59b83dca, ('431', 3))
192.168.1.2:5001 -> (87c2f6f8d579ef9a1a3b3cf1263690d678b4f3d1, ('432', 3))
192.168.1.1:5001 -> (e1903bdf1bf3a9bf81c587943f9e5563191c0124, ('433', 3))
192.168.1.5:5000 -> (107d195009af9a0fbd7286971d3d275aa0f83493, ('434', 3))
192.168.1.1:5001 -> (b9d9bb958a0a11fb59490eaf0f5d0c39aeef7b13, ('435', 3))
192.168.1.1:5001 -> (e841c0d449d516dcac30e1b6d7d4439601b6046f, ('436', 3))
192.168.1.4:5000 -> (5495175e47238db48a4e39410fafbafdefd4e2c1, ('437', 3))
192.168.1.2:5001 -> (89f4a486aec76d7fc8b976ae525117b8f0d48458, ('438', 3))
192.168.1.2:5000 -> (3f9fdefe8133457afd789bdea99b213f9a5b0cd5, ('439', 3))
192.168.1.2:5001 -> (99325fcf508433b74f7c067189cf28d7a0f64a82, ('440', 3))
192.168.1.3:5001 -> (afbc76cb1e9a3647592cab8a364cd505fa1cafd1, ('441', 3))
192.168.1.4:5000 -> (48245893e607efaeb3ded5f12684483143694256, ('442', 3))
192.168.1.2:5001 -> (896f5ba4400581b804688cfb0e31ff120de3da18, ('443', 3))
192.168.1.2:5001 -> (a1ac3c5033354c8d2521b371e6603d43ef6830a0, ('444', 3))
192.168.1.2:5000 -> (3d95d1175687c1a1046cb90c343519b463f3374b, ('445', 3))
192.168.1.2:5001 -> (9bf93860931da903bb629eb6b49255e9065baedb, ('446', 3))
192.168.1.1:5001 -> (d842eecdf7e6b7f7d8824e0e0b88da23bfd76db6, ('447', 3))
192.168.1.3:5000 -> (67f9ab7220d082723e4adfb22ecc22698ac9ffb1, ('448', 3))
192.168.1.4:5000 -> (4e72069d444d30eebc5a0c73dfbbf8fa97ef85ec, ('449', 3))
192.168.1.2:5001 -> (84664be85ea3284ecbff8d3c96ff6daf16e4ea96, ('450', 3))
192.168.1.2:5000 -> (3092024f13015358b89b58765f423f8477aa06f8, ('451', 3))
192.168.1.4:5000 -> (5ff425c764baedf74b907b4ac055b5ed76f5bc51, ('452', 3))
192.168.1.1:5001 -> (d8c17147e4dadeb634d2f9c6c9f95f83828efb76, ('453', 3))
192.168.1.1:5001 -> (c4ea4be278d1e680757b76afa73fa52c161ad3d1, ('454', 3))
192.168.1.4:5001 -> (1d93e10896fbab9708b22cfa054fe577462d22dc, ('455', 3))
192.168.1.4:5001 -> (19e8ecc9aae62cf6ad050fe1578221cb2aaee863, ('456', 3))
192.168.1.1:5001 -> (b40025254bcc92822cc55892e587e79a3acfe363, ('457', 3))
192.168.1.4:5000 -> (52d320d920c45db64fb69429dfbd07f4acc2c1ac, ('458', 3))
192.168.1.1:5001 -> (b6b50e53f13484f343553650d6bb89e570d916d2, ('459', 3))
192.168.1.2:5000 -> (333d4e9eaf48b52fe604accad5977fcf28a04492, ('460', 3))
192.168.1.4:5000 -> (4dbc43957024c86f07374b147dcca5a43c62318b, ('461', 3))
192.168.1.3:5001 -> (af4caa05fd9b5e988f3994d3faaa204565c82f63, ('462', 3))
192.168.1.5:5000 -> (0a858c95bc97fa8feecf12aa0abf3b4aa804953d, ('463', 3))
192.168.1.4:5000 -> (547c60950817b79f91492cbbd6fda9e6154744bd, ('464', 3))
192.168.1.5:5000 -> (0aa676cba3fcb0673f03290b5eddc749313b5f2b, ('465', 3))
192.168.1.1:5001 -> (ea83c665833e1eca9ad3b7b860fce56d69833d52, ('466', 3))
192.168.1.2:5001 -> (7fc21e29512b612410d1508a1a16cb77a6d1e3eb, ('467', 3))
192.168.1.5:5000 -> (105729be2a2062c31950a64c069eac1322921af0, ('468', 3))
192.168.1.2:5000 -> (34a1de073154ac27373266c7f2ee7e562f02fe1c, ('469', 3))
192.168.1.1:5001 -> (df58e192b8795a709a6c97160182f9b90c928bcd, ('470', 3))
192.168.1.2:5001 -> (8196ceb5b77d38491607e3bde9350d36f33b13c2, ('471', 3))
192.168.1.1:5001 -> (d40a9597458fb3f739d3c01832cafd419a164111, ('472', 3))
192.168.1.4:5000 -> (50d2906c6d671510a035f2cfa7d5738c7ba187cb, ('473', 3))
192.168.1.4:5000 -> (640b6db67119b74ba49306c56aa0d6bbc3c6ff6e, ('474', 3))
192.168.1.1:5000 -> (6fb67ce8500f75081f088a70b9d4563ac9df070c, ('475', 3))
192.168.1.1:5001 -> (d63f799a0fc12e8fc4923d5beb0a45f0d55e3acf, ('476', 3))
192.168.1.2:5001 -> (951bd35318603bec65b1c8a4d848142a4f003d2c, ('477', 3))
192.168.1.1:5001 -> (bb8fa27eda20b63114e0faf9bda37818fdb0456f, ('478', 3))
192.168.1.2:5000 -> (341a0a12b6bf068dc20f6d7e85a0e49f0bda413e, ('479', 3))
192.168.1.2:5000 -> (31278c6996e22513d246cebd65eadf4e4b82a324, ('480', 3))
192.168.1.3:5001 -> (a79094428c9a854ad32c4379aeea85e53a068532, ('481', 3))
192.168.1.1:5001 -> (e557f980e77fb16a953e89f0965a4519275bb779, ('482', 3))
192.168.1.1:5001 -> (bb943637476347479ddd88a048aad6dbe8a5127e, ('483', 3))
192.168.1.4:5001 -> (17441996891d7db107e3137f1a2c1d8a2be2987d, ('484', 3))
192.168.1.1:5001 -> (b7e97579d656fec789b1655573476d47f70121fc, ('485', 3))
192.168.1.4:5001 -> (24dae1a5b32b5f09b40fcd766b8a3e090a7139b0, ('486', 3))
192.168.1.4:5001 -> (20e47db6208bd1b705b88768a2a3f0fd383bddf9, ('487', 3))
192.168.1.2:5001 -> (7cb37340ec814210d3b7bf50445f608ec5378282, ('488', 3))
192.168.1.4:5001 -> (2ecd612bd46179f13cbec2811c0a6cb0c7e3372c, ('489', 3))
192.168.1.5:5001 -> (f42ea3dbc39fb21ae46e2546561c6ea4027899a3, ('490', 3))
192.168.1.5:5000 -> (0c2ff1b02d6695fbc9dc3ed09f194775c5a22f11, ('491', 3))
192.168.1.2:5000 -> (3f08199aefb0b49985860e89788e3636b9ca3f36, ('492', 3))
192.168.1.5:5000 -> (02887f4ef85bd35cf476df747c802cd99b37a917, ('493', 3))
192.168.1.2:5001 -> (9a437df7ddb8c84b8f8e8fd6e6185dd9bcdd545d, ('494', 3))
192.168.1.1:5001 -> (c5f137cba71479c5f8befac77dd87c773516e6b0, ('495', 3))
192.168.1.2:5000 -> (306c02e5acd087f0e73ed8979f30290247b3424b, ('496', 3))
192.168.1.5:5001 -> (f8141731d3dbc6fdfa2085f9c4572d6901190bac, ('497', 3))
192.168.1.4:5000 -> (5e9fb466de582bb85be98369a585370a9ec00326, ('498', 3))
192.168.1.1:5001 -> (f0304329162b67af6298367ed503dcef4d834b7d, ('499', 3))
192.168.1.1:5001 -> (d2f9473670e1907aa383c726f8e0bbe295569863, ('500', 3))
