192.168.1.5:5000 -> ('1', 5)
192.168.1.1:5001 -> ('5', 1)
192.168.1.2:5001 -> ('8', 1)
192.168.1.2:5001 -> ('8', 1)
192.168.1.3:5000 -> ('4', 1)
192.168.1.3:5000 -> ('4', 1)
192.168.1.5:5001 -> ('7', 1)
192.168.1.5:5001 -> ('7', 1)
192.168.1.2:5001 -> ('8', 1)
192.168.1.2:5001 -> ('8', 1)
192.168.1.2:5001 -> ('8', 1)
192.168.1.5:5001 -> ('10', 1)
192.168.1.2:5001 -> ('1', 1)
192.168.1.4:5000 -> ('6', 2)
192.168.1.4:5000 -> ('2', 2)
192.168.1.5:5001 -> ('10', 1)
192.168.1.5:5001 -> ('3', 1)
192.168.1.2:5001 -> ('2', 5)
192.168.1.2:5001 -> ('2', 5)
192.168.1.5:5001 -> ('10', 1)
192.168.1.4:5001 -> ('5', 4)
192.168.1.1:5000 -> ('4', 2)
192.168.1.4:5000 -> ('6', 2)
192.168.1.1:5001 -> ('9', 3)
192.168.1.1:5001 -> ('5', 1)
192.168.1.2:5000 -> ('6', 1)
192.168.1.2:5001 -> ('1', 1)
192.168.1.2:5001 -> ('9', 1)
192.168.1.5:5001 -> ('3', 1)
192.168.1.1:5001 -> ('5', 1)
192.168.1.5:5001 -> ('7', 1)
192.168.1.4:5000 -> ('2', 2)
192.168.1.2:5000 -> ('2', 1)
192.168.1.2:5001 -> ('9', 1)
192.168.1.5:5000 -> ('5', 3)
192.168.1.2:5001 -> ('2', 5)
192.168.1.3:5001 -> ('8', 2)
192.168.1.5:5001 -> ('3', 1)
192.168.1.5:5001 -> ('7', 1)
192.168.1.3:5000 -> ('4', 1)
192.168.1.5:5001 -> ('10', 1)
192.168.1.1:5001 -> ('5', 1)
192.168.1.2:5001 -> ('1', 1)
192.168.1.3:5000 -> ('4', 1)
192.168.1.2:5001 -> ('9', 1)
192.168.1.2:5001 -> ('9', 1)
192.168.1.5:5001 -> ('3', 1)
192.168.1.5:5001 -> ('3', 1)
192.168.1.2:5000 -> ('5', 5)
192.168.1.5:5000 -> ('5', 3)
192.168.1.2:5001 -> ('2', 5)
192.168.1.4:5000 -> ('3', 5)
192.168.1.5:5001 -> ('10', 1)
192.168.1.3:5000 -> ('4', 1)
192.168.1.1:5001 -> ('8', 3)
192.168.1.5:5001 -> ('9', 4)
192.168.1.5:5001 -> ('5', 2)
192.168.1.5:5001 -> ('7', 1)
192.168.1.2:5001 -> ('1', 1)
192.168.1.2:5000 -> ('2', 1)
192.168.1.5:5001 -> ('3', 1)
192.168.1.3:5000 -> ('2', 3)
192.168.1.2:5001 -> ('8', 1)
192.168.1.2:5001 -> ('1', 1)
192.168.1.1:5000 -> ('6', 4)
192.168.1.1:5001 -> ('5', 1)
192.168.1.2:5001 -> ('9', 1)
192.168.1.2:5001 -> ('8', 1)
192.168.1.5:5001 -> ('7', 1)
192.168.1.1:5000 -> ('6', 4)
192.168.1.2:5001 -> ('1', 1)
192.168.1.5:5001 -> ('3', 1)
192.168.1.2:5001 -> ('9', 1)
192.168.1.5:5001 -> ('7', 1)
192.168.1.5:5001 -> ('9', 4)
192.168.1.5:5000 -> ('3', 2)
192.168.1.3:5000 -> ('4', 1)
192.168.1.5:5001 -> ('1', 4)
192.168.1.2:5000 -> ('2', 1)
192.168.1.2:5000 -> ('2', 1)
192.168.1.3:5001 -> ('9', 2)
192.168.1.5:5001 -> ('8', 4)
192.168.1.4:5001 -> ('10', 3)
192.168.1.1:5001 -> ('9', 3)
192.168.1.1:5001 -> ('8', 3)
192.168.1.1:5001 -> ('5', 1)
192.168.1.1:5000 -> ('4', 2)
192.168.1.1:5001 -> ('5', 1)
192.168.1.5:5001 -> ('3', 1)
192.168.1.5:5000 -> ('1', 5)
192.168.1.5:5001 -> ('5', 2)
192.168.1.5:5001 -> ('7', 1)
192.168.1.2:5001 -> ('8', 1)
192.168.1.2:5000 -> ('6', 1)
192.168.1.2:5001 -> ('8', 1)
192.168.1.1:5001 -> ('5', 1)
192.168.1.5:5001 -> ('10', 1)
192.168.1.1:5001 -> ('5', 1)
192.168.1.5:5001 -> ('7', 1)
192.168.1.2:5001 -> ('9', 1)
192.168.1.2:5001 -> ('8', 1)
192.168.1.4:5000 -> ('3', 5)
192.168.1.5:5001 -> ('10', 1)
192.168.1.2:5001 -> ('8', 1)
192.168.1.4:5001 -> ('5', 4)
192.168.1.5:5001 -> ('10', 1)
192.168.1.3:5001 -> ('8', 2)
192.168.1.5:5001 -> ('7', 1)
192.168.1.2:5001 -> ('8', 1)
192.168.1.5:5001 -> ('1', 4)
192.168.1.2:5000 -> ('6', 1)
192.168.1.2:5001 -> ('9', 1)
192.168.1.5:5001 -> ('10', 1)
192.168.1.5:5001 -> ('7', 1)
192.168.1.3:5001 -> ('4', 4)
192.168.1.5:5000 -> ('5', 3)
192.168.1.5:5000 -> ('9', 5)
192.168.1.1:5001 -> ('9', 3)
192.168.1.4:5001 -> ('7', 3)
192.168.1.5:5000 -> ('8', 5)
192.168.1.5:5001 -> ('5', 2)
192.168.1.2:5001 -> ('4', 3)
192.168.1.2:5000 -> ('10', 4)
192.168.1.2:5001 -> ('1', 1)
192.168.1.3:5001 -> ('4', 4)
192.168.1.3:5000 -> ('4', 1)
192.168.1.3:5000 -> ('6', 3)
192.168.1.2:5001 -> ('6', 5)
192.168.1.2:5000 -> ('2', 1)
192.168.1.2:5001 -> ('1', 1)
192.168.1.5:5001 -> ('9', 4)
192.168.1.2:5001 -> ('9', 1)
192.168.1.4:5001 -> ('5', 4)
192.168.1.5:5001 -> ('7', 1)
192.168.1.5:5001 -> ('7', 1)
192.168.1.1:5001 -> ('5', 1)
192.168.1.1:5001 -> ('5', 1)
192.168.1.5:5001 -> ('7', 1)
192.168.1.5:5001 -> ('7', 1)
192.168.1.5:5001 -> ('3', 1)
192.168.1.1:5000 -> ('6', 4)
192.168.1.2:5000 -> ('6', 1)
192.168.1.2:5000 -> ('10', 4)
192.168.1.5:5001 -> ('7', 1)
192.168.1.3:5001 -> ('8', 2)
192.168.1.4:5001 -> ('7', 3)
192.168.1.1:5001 -> ('8', 3)
192.168.1.5:5001 -> ('7', 1)
192.168.1.5:5001 -> ('7', 1)
192.168.1.2:5000 -> ('3', 4)
192.168.1.2:5001 -> ('8', 1)
192.168.1.2:5000 -> ('6', 1)
192.168.1.2:5001 -> ('8', 1)
192.168.1.5:5001 -> ('10', 1)
192.168.1.2:5000 -> ('2', 1)
192.168.1.1:5000 -> ('4', 2)
192.168.1.1:5001 -> ('1', 3)
192.168.1.2:5001 -> ('8', 1)
192.168.1.4:5000 -> ('6', 2)
192.168.1.5:5001 -> ('3', 1)
192.168.1.4:5000 -> ('3', 5)
192.168.1.5:5000 -> ('9', 5)
192.168.1.5:5001 -> ('10', 1)
192.168.1.2:5001 -> ('1', 1)
192.168.1.2:5001 -> ('8', 1)
192.168.1.2:5001 -> ('8', 1)
192.168.1.2:5000 -> ('6', 1)
192.168.1.3:5001 -> ('1', 2)
192.168.1.3:5000 -> ('4', 1)
192.168.1.1:5000 -> ('4', 2)
192.168.1.2:5000 -> ('6', 1)
192.168.1.2:5001 -> ('8', 1)
192.168.1.3:5000 -> ('4', 1)
192.168.1.5:5001 -> ('3', 1)
192.168.1.2:5000 -> ('2', 1)
192.168.1.2:5001 -> ('6', 5)
192.168.1.2:5001 -> ('6', 5)
192.168.1.2:5001 -> ('8', 1)
192.168.1.1:5001 -> ('4', 5)
192.168.1.5:5001 -> ('10', 1)
192.168.1.2:5001 -> ('9', 1)
192.168.1.2:5001 -> ('8', 1)
192.168.1.2:5000 -> ('2', 1)
192.168.1.1:5001 -> ('5', 1)
192.168.1.2:5000 -> ('6', 1)
192.168.1.4:5001 -> ('3', 3)
192.168.1.3:5000 -> ('2', 3)
192.168.1.1:5001 -> ('5', 1)
192.168.1.2:5000 -> ('6', 1)
192.168.1.1:5000 -> ('4', 2)
192.168.1.5:5001 -> ('7', 1)
192.168.1.4:5000 -> ('3', 5)
192.168.1.2:5000 -> ('6', 1)
192.168.1.2:5001 -> ('9', 1)
192.168.1.5:5000 -> ('10', 2)
192.168.1.5:5001 -> ('5', 2)
192.168.1.2:5000 -> ('2', 1)
192.168.1.5:5000 -> ('3', 2)
192.168.1.2:5000 -> ('2', 1)
192.168.1.3:5000 -> ('4', 1)
192.168.1.5:5000 -> ('5', 3)
192.168.1.4:5001 -> ('7', 3)
192.168.1.1:5001 -> ('1', 3)
192.168.1.2:5000 -> ('3', 4)
192.168.1.5:5000 -> ('7', 2)
192.168.1.3:5001 -> ('4', 4)
192.168.1.4:5000 -> ('2', 2)
192.168.1.4:5000 -> ('7', 5)
192.168.1.5:5001 -> ('8', 4)
192.168.1.2:5001 -> ('2', 5)
192.168.1.5:5000 -> ('8', 5)
192.168.1.1:5001 -> ('5', 1)
192.168.1.2:5001 -> ('9', 1)
192.168.1.5:5000 -> ('10', 2)
192.168.1.5:5001 -> ('10', 1)
192.168.1.5:5001 -> ('3', 1)
192.168.1.2:5001 -> ('8', 1)
192.168.1.3:5000 -> ('4', 1)
192.168.1.2:5000 -> ('10', 4)
192.168.1.3:5000 -> ('6', 3)
192.168.1.2:5000 -> ('6', 1)
192.168.1.2:5001 -> ('1', 1)
192.168.1.5:5001 -> ('7', 1)
192.168.1.2:5001 -> ('9', 1)
192.168.1.2:5001 -> ('9', 1)
192.168.1.2:5001 -> ('6', 5)
192.168.1.2:5001 -> ('9', 1)
192.168.1.1:5001 -> ('4', 5)
192.168.1.2:5000 -> ('2', 1)
192.168.1.4:5000 -> ('7', 5)
192.168.1.2:5000 -> ('6', 1)
192.168.1.5:5001 -> ('10', 1)
192.168.1.3:5000 -> ('2', 3)
192.168.1.1:5000 -> ('2', 4)
192.168.1.3:5001 -> ('8', 2)
192.168.1.3:5000 -> ('4', 1)
192.168.1.2:5001 -> ('1', 1)
192.168.1.5:5000 -> ('5', 3)
192.168.1.2:5001 -> ('1', 1)
192.168.1.5:5001 -> ('3', 1)
192.168.1.1:5001 -> ('5', 1)
192.168.1.2:5001 -> ('1', 1)
192.168.1.4:5000 -> ('2', 2)
192.168.1.1:5001 -> ('5', 1)
192.168.1.2:5000 -> ('2', 1)
192.168.1.5:5001 -> ('3', 1)
192.168.1.2:5000 -> ('6', 1)
192.168.1.5:5000 -> ('10', 2)
192.168.1.2:5000 -> ('2', 1)
192.168.1.5:5001 -> ('10', 1)
192.168.1.5:5001 -> ('7', 1)
192.168.1.2:5001 -> ('9', 1)
192.168.1.1:5001 -> ('5', 1)
192.168.1.2:5000 -> ('3', 4)
192.168.1.1:5000 -> ('4', 2)
192.168.1.3:5000 -> ('4', 1)
192.168.1.3:5001 -> ('9', 2)
192.168.1.2:5000 -> ('2', 1)
192.168.1.3:5000 -> ('4', 1)
192.168.1.4:5000 -> ('2', 2)
192.168.1.2:5000 -> ('3', 4)
192.168.1.3:5001 -> ('8', 2)
192.168.1.1:5001 -> ('5', 1)
192.168.1.2:5000 -> ('2', 1)
192.168.1.1:5001 -> ('5', 1)
192.168.1.4:5001 -> ('10', 3)
192.168.1.1:5001 -> ('5', 1)
192.168.1.4:5000 -> ('6', 2)
192.168.1.5:5001 -> ('7', 1)
192.168.1.5:5001 -> ('7', 1)
192.168.1.2:5001 -> ('9', 1)
192.168.1.5:5001 -> ('10', 1)
192.168.1.2:5000 -> ('6', 1)
192.168.1.1:5000 -> ('4', 2)
192.168.1.1:5000 -> ('6', 4)
192.168.1.2:5001 -> ('4', 3)
192.168.1.1:5001 -> ('4', 5)
192.168.1.2:5000 -> ('6', 1)
192.168.1.3:5000 -> ('2', 3)
192.168.1.1:5001 -> ('5', 1)
192.168.1.1:5001 -> ('8', 3)
192.168.1.2:5001 -> ('1', 1)
192.168.1.3:5001 -> ('4', 4)
192.168.1.5:5001 -> ('3', 1)
192.168.1.5:5001 -> ('10', 1)
192.168.1.5:5001 -> ('10', 1)
192.168.1.5:5001 -> ('7', 1)
192.168.1.3:5000 -> ('4', 1)
192.168.1.1:5001 -> ('4', 5)
192.168.1.3:5000 -> ('6', 3)
192.168.1.2:5001 -> ('9', 1)
192.168.1.1:5000 -> ('4', 2)
192.168.1.5:5001 -> ('7', 1)
192.168.1.1:5001 -> ('5', 1)
192.168.1.5:5001 -> ('3', 1)
192.168.1.5:5001 -> ('5', 2)
192.168.1.2:5000 -> ('6', 1)
192.168.1.2:5000 -> ('2', 1)
192.168.1.3:5000 -> ('4', 1)
192.168.1.2:5000 -> ('5', 5)
192.168.1.1:5001 -> ('5', 1)
192.168.1.1:5000 -> ('4', 2)
192.168.1.5:5001 -> ('1', 4)
192.168.1.5:5001 -> ('3', 1)
192.168.1.2:5000 -> ('6', 1)
192.168.1.1:5001 -> ('8', 3)
192.168.1.5:5001 -> ('7', 1)
192.168.1.5:5000 -> ('5', 3)
192.168.1.2:5000 -> ('7', 4)
192.168.1.2:5000 -> ('6', 1)
192.168.1.5:5001 -> ('10', 1)
192.168.1.2:5001 -> ('9', 1)
192.168.1.4:5001 -> ('5', 4)
192.168.1.3:5000 -> ('6', 3)
192.168.1.1:5000 -> ('6', 4)
192.168.1.4:5001 -> ('7', 3)
192.168.1.3:5000 -> ('4', 1)
192.168.1.3:5000 -> ('4', 1)
192.168.1.2:5001 -> ('1', 1)
192.168.1.3:5001 -> ('9', 2)
192.168.1.5:5001 -> ('8', 4)
192.168.1.2:5000 -> ('2', 1)
192.168.1.2:5000 -> ('2', 1)
192.168.1.2:5000 -> ('6', 1)
192.168.1.5:5001 -> ('3', 1)
192.168.1.5:5001 -> ('10', 1)
192.168.1.5:5001 -> ('5', 2)
192.168.1.5:5001 -> ('10', 1)
192.168.1.2:5001 -> ('9', 1)
192.168.1.2:5001 -> ('8', 1)
192.168.1.2:5000 -> ('3', 4)
192.168.1.2:5001 -> ('1', 1)
192.168.1.3:5000 -> ('4', 1)
192.168.1.3:5001 -> ('4', 4)
192.168.1.2:5000 -> ('2', 1)
192.168.1.2:5001 -> ('8', 1)
192.168.1.5:5001 -> ('10', 1)
192.168.1.5:5001 -> ('9', 4)
192.168.1.2:5000 -> ('10', 4)
192.168.1.3:5001 -> ('8', 2)
192.168.1.4:5001 -> ('7', 3)
192.168.1.5:5000 -> ('1', 5)
192.168.1.2:5000 -> ('10', 4)
192.168.1.2:5001 -> ('8', 1)
192.168.1.2:5001 -> ('9', 1)
192.168.1.2:5001 -> ('9', 1)
192.168.1.5:5001 -> ('3', 1)
192.168.1.5:5000 -> ('10', 2)
192.168.1.3:5001 -> ('4', 4)
192.168.1.5:5000 -> ('8', 5)
192.168.1.2:5001 -> ('4', 3)
192.168.1.3:5000 -> ('4', 1)
192.168.1.5:5000 -> ('1', 5)
192.168.1.1:5001 -> ('4', 5)
192.168.1.2:5001 -> ('1', 1)
192.168.1.2:5000 -> ('2', 1)
192.168.1.2:5001 -> ('9', 1)
192.168.1.3:5001 -> ('9', 2)
192.168.1.2:5000 -> ('6', 1)
192.168.1.5:5001 -> ('10', 1)
192.168.1.2:5001 -> ('9', 1)
192.168.1.2:5001 -> ('8', 1)
192.168.1.2:5001 -> ('4', 3)
192.168.1.5:5001 -> ('3', 1)
192.168.1.5:5001 -> ('3', 1)
192.168.1.4:5000 -> ('2', 2)
192.168.1.5:5001 -> ('3', 1)
192.168.1.5:5001 -> ('1', 4)
192.168.1.5:5001 -> ('10', 1)
192.168.1.5:5001 -> ('10', 1)
192.168.1.4:5001 -> ('3', 3)
192.168.1.5:5001 -> ('3', 1)
192.168.1.2:5001 -> ('8', 1)
192.168.1.2:5001 -> ('9', 1)
192.168.1.3:5000 -> ('4', 1)
192.168.1.2:5001 -> ('1', 1)
192.168.1.2:5001 -> ('1', 1)
192.168.1.2:5001 -> ('1', 1)
192.168.1.2:5001 -> ('4', 3)
192.168.1.4:5000 -> ('7', 5)
192.168.1.3:5001 -> ('9', 2)
192.168.1.5:5000 -> ('5', 3)
192.168.1.5:5001 -> ('3', 1)
192.168.1.1:5001 -> ('9', 3)
192.168.1.1:5000 -> ('4', 2)
192.168.1.2:5001 -> ('6', 5)
192.168.1.5:5001 -> ('3', 1)
192.168.1.3:5000 -> ('4', 1)
192.168.1.1:5001 -> ('4', 5)
192.168.1.2:5000 -> ('2', 1)
192.168.1.3:5000 -> ('4', 1)
192.168.1.2:5001 -> ('2', 5)
192.168.1.5:5001 -> ('7', 1)
192.168.1.1:5001 -> ('4', 5)
192.168.1.1:5000 -> ('6', 4)
192.168.1.5:5001 -> ('7', 1)
192.168.1.4:5001 -> ('3', 3)
192.168.1.5:5001 -> ('8', 4)
192.168.1.4:5001 -> ('5', 4)
192.168.1.3:5000 -> ('4', 1)
192.168.1.2:5001 -> ('9', 1)
192.168.1.4:5000 -> ('7', 5)
192.168.1.1:5000 -> ('2', 4)
192.168.1.1:5001 -> ('5', 1)
192.168.1.2:5000 -> ('2', 1)
192.168.1.5:5001 -> ('3', 1)
192.168.1.2:5001 -> ('9', 1)
192.168.1.2:5000 -> ('2', 1)
192.168.1.2:5001 -> ('1', 1)
192.168.1.2:5000 -> ('2', 1)
192.168.1.5:5000 -> ('5', 3)
192.168.1.1:5001 -> ('5', 1)
192.168.1.2:5000 -> ('6', 1)
192.168.1.1:5001 -> ('5', 1)
192.168.1.1:5001 -> ('5', 1)
192.168.1.1:5001 -> ('5', 1)
192.168.1.4:5000 -> ('2', 2)
192.168.1.2:5001 -> ('8', 1)
192.168.1.5:5001 -> ('1', 4)
192.168.1.2:5000 -> ('2', 1)
192.168.1.5:5001 -> ('7', 1)
192.168.1.1:5001 -> ('5', 1)
192.168.1.1:5001 -> ('9', 3)
192.168.1.5:5001 -> ('7', 1)
192.168.1.5:5001 -> ('9', 4)
192.168.1.5:5001 -> ('9', 4)
192.168.1.1:5001 -> ('9', 3)
192.168.1.5:5001 -> ('3', 1)
192.168.1.4:5001 -> ('3', 3)
192.168.1.2:5001 -> ('1', 1)
192.168.1.3:5000 -> ('6', 3)
192.168.1.2:5000 -> ('6', 1)
192.168.1.2:5001 -> ('4', 3)
192.168.1.2:5001 -> ('9', 1)
192.168.1.2:5000 -> ('2', 1)
192.168.1.2:5000 -> ('2', 1)
192.168.1.5:5001 -> ('10', 1)
192.168.1.1:5001 -> ('4', 5)
192.168.1.3:5000 -> ('4', 1)
192.168.1.2:5001 -> ('1', 1)
192.168.1.5:5001 -> ('3', 1)
192.168.1.5:5001 -> ('3', 1)
192.168.1.1:5000 -> ('2', 4)
192.168.1.2:5001 -> ('8', 1)
192.168.1.4:5001 -> ('7', 3)
192.168.1.1:5001 -> ('5', 1)
192.168.1.3:5001 -> ('9', 2)
192.168.1.5:5001 -> ('10', 1)
192.168.1.1:5001 -> ('8', 3)
192.168.1.1:5000 -> ('6', 4)
192.168.1.5:5001 -> ('7', 1)
192.168.1.3:5001 -> ('8', 2)
192.168.1.5:5001 -> ('10', 1)
192.168.1.2:5000 -> ('2', 1)
192.168.1.2:5000 -> ('3', 4)
192.168.1.2:5001 -> ('9', 1)
192.168.1.5:5000 -> ('3', 2)
192.168.1.5:5001 -> ('7', 1)
192.168.1.2:5001 -> ('8', 1)
192.168.1.4:5000 -> ('7', 5)
192.168.1.3:5000 -> ('4', 1)
192.168.1.3:5000 -> ('4', 1)
192.168.1.5:5001 -> ('7', 1)
192.168.1.2:5001 -> ('8', 1)
192.168.1.5:5001 -> ('9', 4)
192.168.1.5:5001 -> ('3', 1)
192.168.1.3:5001 -> ('8', 2)
192.168.1.5:5001 -> ('10', 1)
192.168.1.3:5001 -> ('1', 2)
192.168.1.1:5001 -> ('1', 3)
192.168.1.5:5001 -> ('7', 1)
192.168.1.5:5001 -> ('7', 1)
192.168.1.2:5000 -> ('6', 1)
192.168.1.1:5001 -> ('5', 1)
192.168.1.5:5000 -> ('10', 2)
192.168.1.5:5000 -> ('3', 2)
192.168.1.1:5001 -> ('5', 1)
192.168.1.3:5000 -> ('4', 1)
192.168.1.3:5000 -> ('4', 1)
192.168.1.3:5001 -> ('8', 2)
192.168.1.1:5001 -> ('5', 1)
192.168.1.4:5001 -> ('7', 3)
192.168.1.5:5001 -> ('10', 1)
192.168.1.4:5001 -> ('5', 4)
192.168.1.5:5000 -> ('3', 2)
192.168.1.5:5001 -> ('3', 1)
192.168.1.2:5000 -> ('6', 1)
192.168.1.1:5001 -> ('4', 5)
192.168.1.2:5001 -> ('9', 1)
192.168.1.2:5001 -> ('9', 1)
192.168.1.5:5001 -> ('7', 1)
192.168.1.1:5001 -> ('5', 1)
192.168.1.5:5000 -> ('3', 2)
192.168.1.5:5000 -> ('7', 2)
192.168.1.4:5000 -> ('7', 5)
192.168.1.5:5001 -> ('9', 4)
192.168.1.5:5001 -> ('7', 1)
192.168.1.5:5001 -> ('7', 1)
192.168.1.1:5001 -> ('5', 1)
192.168.1.2:5001 -> ('8', 1)
