192.168.1.2:5001 -> ('1', 1)
192.168.1.1:5001 -> ('5', 1)
192.168.1.2:5001 -> ('8', 1)
192.168.1.2:5001 -> ('8', 1)
192.168.1.3:5000 -> ('4', 1)
192.168.1.3:5000 -> ('4', 1)
192.168.1.5:5001 -> ('7', 1)
192.168.1.5:5001 -> ('7', 1)
192.168.1.2:5001 -> ('8', 1)
192.168.1.2:5001 -> ('8', 1)
192.168.1.2:5001 -> ('8', 1)
192.168.1.5:5001 -> ('10', 1)
192.168.1.2:5001 -> ('1', 1)
192.168.1.2:5000 -> ('6', 1)
192.168.1.2:5000 -> ('2', 1)
192.168.1.5:5001 -> ('10', 1)
192.168.1.5:5001 -> ('3', 1)
192.168.1.2:5000 -> ('2', 1)
192.168.1.2:5000 -> ('2', 1)
192.168.1.5:5001 -> ('10', 1)
192.168.1.1:5001 -> ('5', 1)
192.168.1.3:5000 -> ('4', 1)
192.168.1.2:5000 -> ('6', 1)
192.168.1.2:5001 -> ('9', 1)
192.168.1.1:5001 -> ('5', 1)
192.168.1.2:5000 -> ('6', 1)
192.168.1.2:5001 -> ('1', 1)
192.168.1.2:5001 -> ('9', 1)
192.168.1.5:5001 -> ('3', 1)
192.168.1.1:5001 -> ('5', 1)
192.168.1.5:5001 -> ('7', 1)
192.168.1.2:5000 -> ('2', 1)
192.168.1.2:5000 -> ('2', 1)
192.168.1.2:5001 -> ('9', 1)
192.168.1.1:5001 -> ('5', 1)
192.168.1.2:5000 -> ('2', 1)
192.168.1.2:5001 -> ('8', 1)
192.168.1.5:5001 -> ('3', 1)
192.168.1.5:5001 -> ('7', 1)
192.168.1.3:5000 -> ('4', 1)
192.168.1.5:5001 -> ('10', 1)
192.168.1.1:5001 -> ('5', 1)
192.168.1.2:5001 -> ('1', 1)
192.168.1.3:5000 -> ('4', 1)
192.168.1.2:5001 -> ('9', 1)
192.168.1.2:5001 -> ('9', 1)
192.168.1.5:5001 -> ('3', 1)
192.168.1.5:5001 -> ('3', 1)
192.168.1.1:5001 -> ('5', 1)
192.168.1.1:5001 -> ('5', 1)
192.168.1.2:5000 -> ('2', 1)
192.168.1.5:5001 -> ('3', 1)
192.168.1.5:5001 -> ('10', 1)
192.168.1.3:5000 -> ('4', 1)
192.168.1.2:5001 -> ('8', 1)
192.168.1.2:5001 -> ('9', 1)
192.168.1.1:5001 -> ('5', 1)
192.168.1.5:5001 -> ('7', 1)
192.168.1.2:5001 -> ('1', 1)
192.168.1.2:5000 -> ('2', 1)
192.168.1.5:5001 -> ('3', 1)
192.168.1.2:5000 -> ('2', 1)
192.168.1.2:5001 -> ('8', 1)
192.168.1.2:5001 -> ('1', 1)
192.168.1.2:5000 -> ('6', 1)
192.168.1.1:5001 -> ('5', 1)
192.168.1.2:5001 -> ('9', 1)
192.168.1.2:5001 -> ('8', 1)
192.168.1.5:5001 -> ('7', 1)
192.168.1.2:5000 -> ('6', 1)
192.168.1.2:5001 -> ('1', 1)
192.168.1.5:5001 -> ('3', 1)
192.168.1.2:5001 -> ('9', 1)
192.168.1.5:5001 -> ('7', 1)
192.168.1.2:5001 -> ('9', 1)
192.168.1.5:5001 -> ('3', 1)
192.168.1.3:5000 -> ('4', 1)
192.168.1.2:5001 -> ('1', 1)
192.168.1.2:5000 -> ('2', 1)
192.168.1.2:5000 -> ('2', 1)
192.168.1.2:5001 -> ('9', 1)
192.168.1.2:5001 -> ('8', 1)
192.168.1.5:5001 -> ('10', 1)
192.168.1.2:5001 -> ('9', 1)
192.168.1.2:5001 -> ('8', 1)
192.168.1.1:5001 -> ('5', 1)
192.168.1.3:5000 -> ('4', 1)
192.168.1.1:5001 -> ('5', 1)
192.168.1.5:5001 -> ('3', 1)
192.168.1.2:5001 -> ('1', 1)
192.168.1.1:5001 -> ('5', 1)
192.168.1.5:5001 -> ('7', 1)
192.168.1.2:5001 -> ('8', 1)
192.168.1.2:5000 -> ('6', 1)
192.168.1.2:5001 -> ('8', 1)
192.168.1.1:5001 -> ('5', 1)
192.168.1.5:5001 -> ('10', 1)
192.168.1.1:5001 -> ('5', 1)
192.168.1.5:5001 -> ('7', 1)
192.168.1.2:5001 -> ('9', 1)
192.168.1.2:5001 -> ('8', 1)
192.168.1.5:5001 -> ('3', 1)
192.168.1.5:5001 -> ('10', 1)
192.168.1.2:5001 -> ('8', 1)
192.168.1.1:5001 -> ('5', 1)
192.168.1.5:5001 -> ('10', 1)
192.168.1.2:5001 -> ('8', 1)
192.168.1.5:5001 -> ('7', 1)
192.168.1.2:5001 -> ('8', 1)
192.168.1.2:5001 -> ('1', 1)
192.168.1.2:5000 -> ('6', 1)
192.168.1.2:5001 -> ('9', 1)
192.168.1.5:5001 -> ('10', 1)
192.168.1.5:5001 -> ('7', 1)
192.168.1.3:5000 -> ('4', 1)
192.168.1.1:5001 -> ('5', 1)
192.168.1.2:5001 -> ('9', 1)
192.168.1.2:5001 -> ('9', 1)
192.168.1.5:5001 -> ('7', 1)
192.168.1.2:5001 -> ('8', 1)
192.168.1.1:5001 -> ('5', 1)
192.168.1.3:5000 -> ('4', 1)
192.168.1.5:5001 -> ('10', 1)
192.168.1.2:5001 -> ('1', 1)
192.168.1.3:5000 -> ('4', 1)
192.168.1.3:5000 -> ('4', 1)
192.168.1.2:5000 -> ('6', 1)
192.168.1.2:5000 -> ('6', 1)
192.168.1.2:5000 -> ('2', 1)
192.168.1.2:5001 -> ('1', 1)
192.168.1.2:5001 -> ('9', 1)
192.168.1.2:5001 -> ('9', 1)
192.168.1.1:5001 -> ('5', 1)
192.168.1.5:5001 -> ('7', 1)
192.168.1.5:5001 -> ('7', 1)
192.168.1.1:5001 -> ('5', 1)
192.168.1.1:5001 -> ('5', 1)
192.168.1.5:5001 -> ('7', 1)
192.168.1.5:5001 -> ('7', 1)
192.168.1.5:5001 -> ('3', 1)
192.168.1.2:5000 -> ('6', 1)
192.168.1.2:5000 -> ('6', 1)
192.168.1.5:5001 -> ('10', 1)
192.168.1.5:5001 -> ('7', 1)
192.168.1.2:5001 -> ('8', 1)
192.168.1.5:5001 -> ('7', 1)
192.168.1.2:5001 -> ('8', 1)
192.168.1.5:5001 -> ('7', 1)
192.168.1.5:5001 -> ('7', 1)
192.168.1.5:5001 -> ('3', 1)
192.168.1.2:5001 -> ('8', 1)
192.168.1.2:5000 -> ('6', 1)
192.168.1.2:5001 -> ('8', 1)
192.168.1.5:5001 -> ('10', 1)
192.168.1.2:5000 -> ('2', 1)
192.168.1.3:5000 -> ('4', 1)
192.168.1.2:5001 -> ('1', 1)
192.168.1.2:5001 -> ('8', 1)
192.168.1.2:5000 -> ('6', 1)
192.168.1.5:5001 -> ('3', 1)
192.168.1.5:5001 -> ('3', 1)
192.168.1.2:5001 -> ('9', 1)
192.168.1.5:5001 -> ('10', 1)
192.168.1.2:5001 -> ('1', 1)
192.168.1.2:5001 -> ('8', 1)
192.168.1.2:5001 -> ('8', 1)
192.168.1.2:5000 -> ('6', 1)
192.168.1.2:5001 -> ('1', 1)
192.168.1.3:5000 -> ('4', 1)
192.168.1.3:5000 -> ('4', 1)
192.168.1.2:5000 -> ('6', 1)
192.168.1.2:5001 -> ('8', 1)
192.168.1.3:5000 -> ('4', 1)
192.168.1.5:5001 -> ('3', 1)
192.168.1.2:5000 -> ('2', 1)
192.168.1.2:5000 -> ('6', 1)
192.168.1.2:5000 -> ('6', 1)
192.168.1.2:5001 -> ('8', 1)
192.168.1.3:5000 -> ('4', 1)
192.168.1.5:5001 -> ('10', 1)
192.168.1.2:5001 -> ('9', 1)
192.168.1.2:5001 -> ('8', 1)
192.168.1.2:5000 -> ('2', 1)
192.168.1.1:5001 -> ('5', 1)
192.168.1.2:5000 -> ('6', 1)
192.168.1.5:5001 -> ('3', 1)
192.168.1.2:5000 -> ('2', 1)
192.168.1.1:5001 -> ('5', 1)
192.168.1.2:5000 -> ('6', 1)
192.168.1.3:5000 -> ('4', 1)
192.168.1.5:5001 -> ('7', 1)
192.168.1.5:5001 -> ('3', 1)
192.168.1.2:5000 -> ('6', 1)
192.168.1.2:5001 -> ('9', 1)
192.168.1.5:5001 -> ('10', 1)
192.168.1.1:5001 -> ('5', 1)
192.168.1.2:5000 -> ('2', 1)
192.168.1.5:5001 -> ('3', 1)
192.168.1.2:5000 -> ('2', 1)
192.168.1.3:5000 -> ('4', 1)
192.168.1.1:5001 -> ('5', 1)
192.168.1.5:5001 -> ('7', 1)
192.168.1.2:5001 -> ('1', 1)
192.168.1.5:5001 -> ('3', 1)
192.168.1.5:5001 -> ('7', 1)
192.168.1.3:5000 -> ('4', 1)
192.168.1.2:5000 -> ('2', 1)
192.168.1.5:5001 -> ('7', 1)
192.168.1.2:5001 -> ('8', 1)
192.168.1.2:5000 -> ('2', 1)
192.168.1.2:5001 -> ('8', 1)
192.168.1.1:5001 -> ('5', 1)
192.168.1.2:5001 -> ('9', 1)
192.168.1.5:5001 -> ('10', 1)
192.168.1.5:5001 -> ('10', 1)
192.168.1.5:5001 -> ('3', 1)
192.168.1.2:5001 -> ('8', 1)
192.168.1.3:5000 -> ('4', 1)
192.168.1.5:5001 -> ('10', 1)
192.168.1.2:5000 -> ('6', 1)
192.168.1.2:5000 -> ('6', 1)
192.168.1.2:5001 -> ('1', 1)
192.168.1.5:5001 -> ('7', 1)
192.168.1.2:5001 -> ('9', 1)
192.168.1.2:5001 -> ('9', 1)
192.168.1.2:5000 -> ('6', 1)
192.168.1.2:5001 -> ('9', 1)
192.168.1.3:5000 -> ('4', 1)
192.168.1.2:5000 -> ('2', 1)
192.168.1.5:5001 -> ('7', 1)
192.168.1.2:5000 -> ('6', 1)
192.168.1.5:5001 -> ('10', 1)
192.168.1.2:5000 -> ('2', 1)
192.168.1.2:5000 -> ('2', 1)
192.168.1.2:5001 -> ('8', 1)
192.168.1.3:5000 -> ('4', 1)
192.168.1.2:5001 -> ('1', 1)
192.168.1.1:5001 -> ('5', 1)
192.168.1.2:5001 -> ('1', 1)
192.168.1.5:5001 -> ('3', 1)
192.168.1.1:5001 -> ('5', 1)
192.168.1.2:5001 -> ('1', 1)
192.168.1.2:5000 -> ('2', 1)
192.168.1.1:5001 -> ('5', 1)
192.168.1.2:5000 -> ('2', 1)
192.168.1.5:5001 -> ('3', 1)
192.168.1.2:5000 -> ('6', 1)
192.168.1.5:5001 -> ('10', 1)
192.168.1.2:5000 -> ('2', 1)
192.168.1.5:5001 -> ('10', 1)
192.168.1.5:5001 -> ('7', 1)
192.168.1.2:5001 -> ('9', 1)
192.168.1.1:5001 -> ('5', 1)
192.168.1.5:5001 -> ('3', 1)
192.168.1.3:5000 -> ('4', 1)
192.168.1.3:5000 -> ('4', 1)
192.168.1.2:5001 -> ('9', 1)
192.168.1.2:5000 -> ('2', 1)
192.168.1.3:5000 -> ('4', 1)
192.168.1.2:5000 -> ('2', 1)
192.168.1.5:5001 -> ('3', 1)
192.168.1.2:5001 -> ('8', 1)
192.168.1.1:5001 -> ('5', 1)
192.168.1.2:5000 -> ('2', 1)
192.168.1.1:5001 -> ('5', 1)
192.168.1.5:5001 -> ('10', 1)
192.168.1.1:5001 -> ('5', 1)
192.168.1.2:5000 -> ('6', 1)
192.168.1.5:5001 -> ('7', 1)
192.168.1.5:5001 -> ('7', 1)
192.168.1.2:5001 -> ('9', 1)
192.168.1.5:5001 -> ('10', 1)
192.168.1.2:5000 -> ('6', 1)
192.168.1.3:5000 -> ('4', 1)
192.168.1.2:5000 -> ('6', 1)
192.168.1.3:5000 -> ('4', 1)
192.168.1.3:5000 -> ('4', 1)
192.168.1.2:5000 -> ('6', 1)
192.168.1.2:5000 -> ('2', 1)
192.168.1.1:5001 -> ('5', 1)
192.168.1.2:5001 -> ('8', 1)
192.168.1.2:5001 -> ('1', 1)
192.168.1.3:5000 -> ('4', 1)
192.168.1.5:5001 -> ('3', 1)
192.168.1.5:5001 -> ('10', 1)
192.168.1.5:5001 -> ('10', 1)
192.168.1.5:5001 -> ('7', 1)
192.168.1.3:5000 -> ('4', 1)
192.168.1.3:5000 -> ('4', 1)
192.168.1.2:5000 -> ('6', 1)
192.168.1.2:5001 -> ('9', 1)
192.168.1.3:5000 -> ('4', 1)
192.168.1.5:5001 -> ('7', 1)
192.168.1.1:5001 -> ('5', 1)
192.168.1.5:5001 -> ('3', 1)
192.168.1.1:5001 -> ('5', 1)
192.168.1.2:5000 -> ('6', 1)
192.168.1.2:5000 -> ('2', 1)
192.168.1.3:5000 -> ('4', 1)
192.168.1.1:5001 -> ('5', 1)
192.168.1.1:5001 -> ('5', 1)
192.168.1.3:5000 -> ('4', 1)
192.168.1.2:5001 -> ('1', 1)
192.168.1.5:5001 -> ('3', 1)
192.168.1.2:5000 -> ('6', 1)
192.168.1.2:5001 -> ('8', 1)
192.168.1.5:5001 -> ('7', 1)
192.168.1.1:5001 -> ('5', 1)
192.168.1.5:5001 -> ('7', 1)
192.168.1.2:5000 -> ('6', 1)
192.168.1.5:5001 -> ('10', 1)
192.168.1.2:5001 -> ('9', 1)
192.168.1.1:5001 -> ('5', 1)
192.168.1.2:5000 -> ('6', 1)
192.168.1.2:5000 -> ('6', 1)
192.168.1.5:5001 -> ('7', 1)
192.168.1.3:5000 -> ('4', 1)
192.168.1.3:5000 -> ('4', 1)
192.168.1.2:5001 -> ('1', 1)
192.168.1.2:5001 -> ('9', 1)
192.168.1.2:5001 -> ('8', 1)
192.168.1.2:5000 -> ('2', 1)
192.168.1.2:5000 -> ('2', 1)
192.168.1.2:5000 -> ('6', 1)
192.168.1.5:5001 -> ('3', 1)
192.168.1.5:5001 -> ('10', 1)
192.168.1.1:5001 -> ('5', 1)
192.168.1.5:5001 -> ('10', 1)
192.168.1.2:5001 -> ('9', 1)
192.168.1.2:5001 -> ('8', 1)
192.168.1.5:5001 -> ('3', 1)
192.168.1.2:5001 -> ('1', 1)
192.168.1.3:5000 -> ('4', 1)
192.168.1.3:5000 -> ('4', 1)
192.168.1.2:5000 -> ('2', 1)
192.168.1.2:5001 -> ('8', 1)
192.168.1.5:5001 -> ('10', 1)
192.168.1.2:5001 -> ('9', 1)
192.168.1.5:5001 -> ('10', 1)
192.168.1.2:5001 -> ('8', 1)
192.168.1.5:5001 -> ('7', 1)
192.168.1.2:5001 -> ('1', 1)
192.168.1.5:5001 -> ('10', 1)
192.168.1.2:5001 -> ('8', 1)
192.168.1.2:5001 -> ('9', 1)
192.168.1.2:5001 -> ('9', 1)
192.168.1.5:5001 -> ('3', 1)
192.168.1.5:5001 -> ('10', 1)
192.168.1.3:5000 -> ('4', 1)
192.168.1.2:5001 -> ('8', 1)
192.168.1.3:5000 -> ('4', 1)
192.168.1.3:5000 -> ('4', 1)
192.168.1.2:5001 -> ('1', 1)
192.168.1.3:5000 -> ('4', 1)
192.168.1.2:5001 -> ('1', 1)
192.168.1.2:5000 -> ('2', 1)
192.168.1.2:5001 -> ('9', 1)
192.168.1.2:5001 -> ('9', 1)
192.168.1.2:5000 -> ('6', 1)
192.168.1.5:5001 -> ('10', 1)
192.168.1.2:5001 -> ('9', 1)
192.168.1.2:5001 -> ('8', 1)
192.168.1.3:5000 -> ('4', 1)
192.168.1.5:5001 -> ('3', 1)
192.168.1.5:5001 -> ('3', 1)
192.168.1.2:5000 -> ('2', 1)
192.168.1.5:5001 -> ('3', 1)
192.168.1.2:5001 -> ('1', 1)
192.168.1.5:5001 -> ('10', 1)
192.168.1.5:5001 -> ('10', 1)
192.168.1.5:5001 -> ('3', 1)
192.168.1.5:5001 -> ('3', 1)
192.168.1.2:5001 -> ('8', 1)
192.168.1.2:5001 -> ('9', 1)
192.168.1.3:5000 -> ('4', 1)
192.168.1.2:5001 -> ('1', 1)
192.168.1.2:5001 -> ('1', 1)
192.168.1.2:5001 -> ('1', 1)
192.168.1.3:5000 -> ('4', 1)
192.168.1.5:5001 -> ('7', 1)
192.168.1.2:5001 -> ('9', 1)
192.168.1.1:5001 -> ('5', 1)
192.168.1.5:5001 -> ('3', 1)
192.168.1.2:5001 -> ('9', 1)
192.168.1.3:5000 -> ('4', 1)
192.168.1.2:5000 -> ('6', 1)
192.168.1.5:5001 -> ('3', 1)
192.168.1.3:5000 -> ('4', 1)
192.168.1.3:5000 -> ('4', 1)
192.168.1.2:5000 -> ('2', 1)
192.168.1.3:5000 -> ('4', 1)
192.168.1.2:5000 -> ('2', 1)
192.168.1.5:5001 -> ('7', 1)
192.168.1.3:5000 -> ('4', 1)
192.168.1.2:5000 -> ('6', 1)
192.168.1.5:5001 -> ('7', 1)
192.168.1.5:5001 -> ('3', 1)
192.168.1.2:5001 -> ('8', 1)
192.168.1.1:5001 -> ('5', 1)
192.168.1.3:5000 -> ('4', 1)
192.168.1.2:5001 -> ('9', 1)
192.168.1.5:5001 -> ('7', 1)
192.168.1.2:5000 -> ('2', 1)
192.168.1.1:5001 -> ('5', 1)
192.168.1.2:5000 -> ('2', 1)
192.168.1.5:5001 -> ('3', 1)
192.168.1.2:5001 -> ('9', 1)
192.168.1.2:5000 -> ('2', 1)
192.168.1.2:5001 -> ('1', 1)
192.168.1.2:5000 -> ('2', 1)
192.168.1.1:5001 -> ('5', 1)
192.168.1.1:5001 -> ('5', 1)
192.168.1.2:5000 -> ('6', 1)
192.168.1.1:5001 -> ('5', 1)
192.168.1.1:5001 -> ('5', 1)
192.168.1.1:5001 -> ('5', 1)
192.168.1.2:5000 -> ('2', 1)
192.168.1.2:5001 -> ('8', 1)
192.168.1.2:5001 -> ('1', 1)
192.168.1.2:5000 -> ('2', 1)
192.168.1.5:5001 -> ('7', 1)
192.168.1.1:5001 -> ('5', 1)
192.168.1.2:5001 -> ('9', 1)
192.168.1.5:5001 -> ('7', 1)
192.168.1.2:5001 -> ('9', 1)
192.168.1.2:5001 -> ('9', 1)
192.168.1.2:5001 -> ('9', 1)
192.168.1.5:5001 -> ('3', 1)
192.168.1.5:5001 -> ('3', 1)
192.168.1.2:5001 -> ('1', 1)
192.168.1.2:5000 -> ('6', 1)
192.168.1.2:5000 -> ('6', 1)
192.168.1.3:5000 -> ('4', 1)
192.168.1.2:5001 -> ('9', 1)
192.168.1.2:5000 -> ('2', 1)
192.168.1.2:5000 -> ('2', 1)
192.168.1.5:5001 -> ('10', 1)
192.168.1.3:5000 -> ('4', 1)
192.168.1.3:5000 -> ('4', 1)
192.168.1.2:5001 -> ('1', 1)
192.168.1.5:5001 -> ('3', 1)
192.168.1.5:5001 -> ('3', 1)
192.168.1.2:5000 -> ('2', 1)
192.168.1.2:5001 -> ('8', 1)
192.168.1.5:5001 -> ('7', 1)
192.168.1.1:5001 -> ('5', 1)
192.168.1.2:5001 -> ('9', 1)
192.168.1.5:5001 -> ('10', 1)
192.168.1.2:5001 -> ('8', 1)
192.168.1.2:5000 -> ('6', 1)
192.168.1.5:5001 -> ('7', 1)
192.168.1.2:5001 -> ('8', 1)
192.168.1.5:5001 -> ('10', 1)
192.168.1.2:5000 -> ('2', 1)
192.168.1.5:5001 -> ('3', 1)
192.168.1.2:5001 -> ('9', 1)
192.168.1.5:5001 -> ('3', 1)
192.168.1.5:5001 -> ('7', 1)
192.168.1.2:5001 -> ('8', 1)
192.168.1.5:5001 -> ('7', 1)
192.168.1.3:5000 -> ('4', 1)
192.168.1.3:5000 -> ('4', 1)
192.168.1.5:5001 -> ('7', 1)
192.168.1.2:5001 -> ('8', 1)
192.168.1.2:5001 -> ('9', 1)
192.168.1.5:5001 -> ('3', 1)
192.168.1.2:5001 -> ('8', 1)
192.168.1.5:5001 -> ('10', 1)
192.168.1.2:5001 -> ('1', 1)
192.168.1.2:5001 -> ('1', 1)
192.168.1.5:5001 -> ('7', 1)
192.168.1.5:5001 -> ('7', 1)
192.168.1.2:5000 -> ('6', 1)
192.168.1.1:5001 -> ('5', 1)
192.168.1.5:5001 -> ('10', 1)
192.168.1.5:5001 -> ('3', 1)
192.168.1.1:5001 -> ('5', 1)
192.168.1.3:5000 -> ('4', 1)
192.168.1.3:5000 -> ('4', 1)
192.168.1.2:5001 -> ('8', 1)
192.168.1.1:5001 -> ('5', 1)
192.168.1.5:5001 -> ('7', 1)
192.168.1.5:5001 -> ('10', 1)
192.168.1.1:5001 -> ('5', 1)
192.168.1.5:5001 -> ('3', 1)
192.168.1.5:5001 -> ('3', 1)
192.168.1.2:5000 -> ('6', 1)
192.168.1.3:5000 -> ('4', 1)
192.168.1.2:5001 -> ('9', 1)
192.168.1.2:5001 -> ('9', 1)
192.168.1.5:5001 -> ('7', 1)
192.168.1.1:5001 -> ('5', 1)
192.168.1.5:5001 -> ('3', 1)
192.168.1.5:5001 -> ('7', 1)
192.168.1.5:5001 -> ('7', 1)
192.168.1.2:5001 -> ('9', 1)
192.168.1.5:5001 -> ('7', 1)
192.168.1.5:5001 -> ('7', 1)
192.168.1.1:5001 -> ('5', 1)
192.168.1.2:5001 -> ('8', 1)
