192.168.1.1:5001 -> ('1', 3)
192.168.1.5:5000 -> ('5', 3)
192.168.1.1:5001 -> ('8', 3)
192.168.1.1:5001 -> ('8', 3)
192.168.1.2:5001 -> ('4', 3)
192.168.1.2:5001 -> ('4', 3)
192.168.1.4:5001 -> ('7', 3)
192.168.1.4:5001 -> ('7', 3)
192.168.1.1:5001 -> ('8', 3)
192.168.1.1:5001 -> ('8', 3)
192.168.1.1:5001 -> ('8', 3)
192.168.1.4:5001 -> ('10', 3)
192.168.1.1:5001 -> ('1', 3)
192.168.1.3:5000 -> ('6', 3)
192.168.1.3:5000 -> ('2', 3)
192.168.1.4:5001 -> ('10', 3)
192.168.1.4:5001 -> ('3', 3)
192.168.1.3:5000 -> ('2', 3)
192.168.1.3:5000 -> ('2', 3)
192.168.1.4:5001 -> ('10', 3)
192.168.1.5:5000 -> ('5', 3)
192.168.1.2:5001 -> ('4', 3)
192.168.1.3:5000 -> ('6', 3)
192.168.1.1:5001 -> ('9', 3)
192.168.1.5:5000 -> ('5', 3)
192.168.1.3:5000 -> ('6', 3)
192.168.1.1:5001 -> ('1', 3)
192.168.1.1:5001 -> ('9', 3)
192.168.1.4:5001 -> ('3', 3)
192.168.1.5:5000 -> ('5', 3)
192.168.1.4:5001 -> ('7', 3)
192.168.1.3:5000 -> ('2', 3)
192.168.1.3:5000 -> ('2', 3)
192.168.1.1:5001 -> ('9', 3)
192.168.1.5:5000 -> ('5', 3)
192.168.1.3:5000 -> ('2', 3)
192.168.1.1:5001 -> ('8', 3)
192.168.1.4:5001 -> ('3', 3)
192.168.1.4:5001 -> ('7', 3)
192.168.1.2:5001 -> ('4', 3)
192.168.1.4:5001 -> ('10', 3)
192.168.1.5:5000 -> ('5', 3)
192.168.1.1:5001 -> ('1', 3)
192.168.1.2:5001 -> ('4', 3)
192.168.1.1:5001 -> ('9', 3)
192.168.1.1:5001 -> ('9', 3)
192.168.1.4:5001 -> ('3', 3)
192.168.1.4:5001 -> ('3', 3)
192.168.1.5:5000 -> ('5', 3)
192.168.1.5:5000 -> ('5', 3)
192.168.1.3:5000 -> ('2', 3)
192.168.1.4:5001 -> ('3', 3)
192.168.1.4:5001 -> ('10', 3)
192.168.1.2:5001 -> ('4', 3)
192.168.1.1:5001 -> ('8', 3)
192.168.1.1:5001 -> ('9', 3)
192.168.1.5:5000 -> ('5', 3)
192.168.1.4:5001 -> ('7', 3)
192.168.1.1:5001 -> ('1', 3)
192.168.1.3:5000 -> ('2', 3)
192.168.1.4:5001 -> ('3', 3)
192.168.1.3:5000 -> ('2', 3)
192.168.1.1:5001 -> ('8', 3)
192.168.1.1:5001 -> ('1', 3)
192.168.1.3:5000 -> ('6', 3)
192.168.1.5:5000 -> ('5', 3)
192.168.1.1:5001 -> ('9', 3)
192.168.1.1:5001 -> ('8', 3)
192.168.1.4:5001 -> ('7', 3)
192.168.1.3:5000 -> ('6', 3)
192.168.1.1:5001 -> ('1', 3)
192.168.1.4:5001 -> ('3', 3)
192.168.1.1:5001 -> ('9', 3)
192.168.1.4:5001 -> ('7', 3)
192.168.1.1:5001 -> ('9', 3)
192.168.1.4:5001 -> ('3', 3)
192.168.1.2:5001 -> ('4', 3)
192.168.1.1:5001 -> ('1', 3)
192.168.1.3:5000 -> ('2', 3)
192.168.1.3:5000 -> ('2', 3)
192.168.1.1:5001 -> ('9', 3)
192.168.1.1:5001 -> ('8', 3)
192.168.1.4:5001 -> ('10', 3)
192.168.1.1:5001 -> ('9', 3)
192.168.1.1:5001 -> ('8', 3)
192.168.1.5:5000 -> ('5', 3)
192.168.1.2:5001 -> ('4', 3)
192.168.1.5:5000 -> ('5', 3)
192.168.1.4:5001 -> ('3', 3)
192.168.1.1:5001 -> ('1', 3)
192.168.1.5:5000 -> ('5', 3)
192.168.1.4:5001 -> ('7', 3)
192.168.1.1:5001 -> ('8', 3)
192.168.1.3:5000 -> ('6', 3)
192.168.1.1:5001 -> ('8', 3)
192.168.1.5:5000 -> ('5', 3)
192.168.1.4:5001 -> ('10', 3)
192.168.1.5:5000 -> ('5', 3)
192.168.1.4:5001 -> ('7', 3)
192.168.1.1:5001 -> ('9', 3)
192.168.1.1:5001 -> ('8', 3)
192.168.1.4:5001 -> ('3', 3)
192.168.1.4:5001 -> ('10', 3)
192.168.1.1:5001 -> ('8', 3)
192.168.1.5:5000 -> ('5', 3)
192.168.1.4:5001 -> ('10', 3)
192.168.1.1:5001 -> ('8', 3)
192.168.1.4:5001 -> ('7', 3)
192.168.1.1:5001 -> ('8', 3)
192.168.1.1:5001 -> ('1', 3)
192.168.1.3:5000 -> ('6', 3)
192.168.1.1:5001 -> ('9', 3)
192.168.1.4:5001 -> ('10', 3)
192.168.1.4:5001 -> ('7', 3)
192.168.1.2:5001 -> ('4', 3)
192.168.1.5:5000 -> ('5', 3)
192.168.1.1:5001 -> ('9', 3)
192.168.1.1:5001 -> ('9', 3)
192.168.1.4:5001 -> ('7', 3)
192.168.1.1:5001 -> ('8', 3)
192.168.1.5:5000 -> ('5', 3)
192.168.1.2:5001 -> ('4', 3)
192.168.1.4:5001 -> ('10', 3)
192.168.1.1:5001 -> ('1', 3)
192.168.1.2:5001 -> ('4', 3)
192.168.1.2:5001 -> ('4', 3)
192.168.1.3:5000 -> ('6', 3)
192.168.1.3:5000 -> ('6', 3)
192.168.1.3:5000 -> ('2', 3)
192.168.1.1:5001 -> ('1', 3)
192.168.1.1:5001 -> ('9', 3)
192.168.1.1:5001 -> ('9', 3)
192.168.1.5:5000 -> ('5', 3)
192.168.1.4:5001 -> ('7', 3)
192.168.1.4:5001 -> ('7', 3)
192.168.1.5:5000 -> ('5', 3)
192.168.1.5:5000 -> ('5', 3)
192.168.1.4:5001 -> ('7', 3)
192.168.1.4:5001 -> ('7', 3)
192.168.1.4:5001 -> ('3', 3)
192.168.1.3:5000 -> ('6', 3)
192.168.1.3:5000 -> ('6', 3)
192.168.1.4:5001 -> ('10', 3)
192.168.1.4:5001 -> ('7', 3)
192.168.1.1:5001 -> ('8', 3)
192.168.1.4:5001 -> ('7', 3)
192.168.1.1:5001 -> ('8', 3)
192.168.1.4:5001 -> ('7', 3)
192.168.1.4:5001 -> ('7', 3)
192.168.1.4:5001 -> ('3', 3)
192.168.1.1:5001 -> ('8', 3)
192.168.1.3:5000 -> ('6', 3)
192.168.1.1:5001 -> ('8', 3)
192.168.1.4:5001 -> ('10', 3)
192.168.1.3:5000 -> ('2', 3)
192.168.1.2:5001 -> ('4', 3)
192.168.1.1:5001 -> ('1', 3)
192.168.1.1:5001 -> ('8', 3)
192.168.1.3:5000 -> ('6', 3)
192.168.1.4:5001 -> ('3', 3)
192.168.1.4:5001 -> ('3', 3)
192.168.1.1:5001 -> ('9', 3)
192.168.1.4:5001 -> ('10', 3)
192.168.1.1:5001 -> ('1', 3)
192.168.1.1:5001 -> ('8', 3)
192.168.1.1:5001 -> ('8', 3)
192.168.1.3:5000 -> ('6', 3)
192.168.1.1:5001 -> ('1', 3)
192.168.1.2:5001 -> ('4', 3)
192.168.1.2:5001 -> ('4', 3)
192.168.1.3:5000 -> ('6', 3)
192.168.1.1:5001 -> ('8', 3)
192.168.1.2:5001 -> ('4', 3)
192.168.1.4:5001 -> ('3', 3)
192.168.1.3:5000 -> ('2', 3)
192.168.1.3:5000 -> ('6', 3)
192.168.1.3:5000 -> ('6', 3)
192.168.1.1:5001 -> ('8', 3)
192.168.1.2:5001 -> ('4', 3)
192.168.1.4:5001 -> ('10', 3)
192.168.1.1:5001 -> ('9', 3)
192.168.1.1:5001 -> ('8', 3)
192.168.1.3:5000 -> ('2', 3)
192.168.1.5:5000 -> ('5', 3)
192.168.1.3:5000 -> ('6', 3)
192.168.1.4:5001 -> ('3', 3)
192.168.1.3:5000 -> ('2', 3)
192.168.1.5:5000 -> ('5', 3)
192.168.1.3:5000 -> ('6', 3)
192.168.1.2:5001 -> ('4', 3)
192.168.1.4:5001 -> ('7', 3)
192.168.1.4:5001 -> ('3', 3)
192.168.1.3:5000 -> ('6', 3)
192.168.1.1:5001 -> ('9', 3)
192.168.1.4:5001 -> ('10', 3)
192.168.1.5:5000 -> ('5', 3)
192.168.1.3:5000 -> ('2', 3)
192.168.1.4:5001 -> ('3', 3)
192.168.1.3:5000 -> ('2', 3)
192.168.1.2:5001 -> ('4', 3)
192.168.1.5:5000 -> ('5', 3)
192.168.1.4:5001 -> ('7', 3)
192.168.1.1:5001 -> ('1', 3)
192.168.1.4:5001 -> ('3', 3)
192.168.1.4:5001 -> ('7', 3)
192.168.1.2:5001 -> ('4', 3)
192.168.1.3:5000 -> ('2', 3)
192.168.1.4:5001 -> ('7', 3)
192.168.1.1:5001 -> ('8', 3)
192.168.1.3:5000 -> ('2', 3)
192.168.1.1:5001 -> ('8', 3)
192.168.1.5:5000 -> ('5', 3)
192.168.1.1:5001 -> ('9', 3)
192.168.1.4:5001 -> ('10', 3)
192.168.1.4:5001 -> ('10', 3)
192.168.1.4:5001 -> ('3', 3)
192.168.1.1:5001 -> ('8', 3)
192.168.1.2:5001 -> ('4', 3)
192.168.1.4:5001 -> ('10', 3)
192.168.1.3:5000 -> ('6', 3)
192.168.1.3:5000 -> ('6', 3)
192.168.1.1:5001 -> ('1', 3)
192.168.1.4:5001 -> ('7', 3)
192.168.1.1:5001 -> ('9', 3)
192.168.1.1:5001 -> ('9', 3)
192.168.1.3:5000 -> ('6', 3)
192.168.1.1:5001 -> ('9', 3)
192.168.1.2:5001 -> ('4', 3)
192.168.1.3:5000 -> ('2', 3)
192.168.1.4:5001 -> ('7', 3)
192.168.1.3:5000 -> ('6', 3)
192.168.1.4:5001 -> ('10', 3)
192.168.1.3:5000 -> ('2', 3)
192.168.1.3:5000 -> ('2', 3)
192.168.1.1:5001 -> ('8', 3)
192.168.1.2:5001 -> ('4', 3)
192.168.1.1:5001 -> ('1', 3)
192.168.1.5:5000 -> ('5', 3)
192.168.1.1:5001 -> ('1', 3)
192.168.1.4:5001 -> ('3', 3)
192.168.1.5:5000 -> ('5', 3)
192.168.1.1:5001 -> ('1', 3)
192.168.1.3:5000 -> ('2', 3)
192.168.1.5:5000 -> ('5', 3)
192.168.1.3:5000 -> ('2', 3)
192.168.1.4:5001 -> ('3', 3)
192.168.1.3:5000 -> ('6', 3)
192.168.1.4:5001 -> ('10', 3)
192.168.1.3:5000 -> ('2', 3)
192.168.1.4:5001 -> ('10', 3)
192.168.1.4:5001 -> ('7', 3)
192.168.1.1:5001 -> ('9', 3)
192.168.1.5:5000 -> ('5', 3)
192.168.1.4:5001 -> ('3', 3)
192.168.1.2:5001 -> ('4', 3)
192.168.1.2:5001 -> ('4', 3)
192.168.1.1:5001 -> ('9', 3)
192.168.1.3:5000 -> ('2', 3)
192.168.1.2:5001 -> ('4', 3)
192.168.1.3:5000 -> ('2', 3)
192.168.1.4:5001 -> ('3', 3)
192.168.1.1:5001 -> ('8', 3)
192.168.1.5:5000 -> ('5', 3)
192.168.1.3:5000 -> ('2', 3)
192.168.1.5:5000 -> ('5', 3)
192.168.1.4:5001 -> ('10', 3)
192.168.1.5:5000 -> ('5', 3)
192.168.1.3:5000 -> ('6', 3)
192.168.1.4:5001 -> ('7', 3)
192.168.1.4:5001 -> ('7', 3)
192.168.1.1:5001 -> ('9', 3)
192.168.1.4:5001 -> ('10', 3)
192.168.1.3:5000 -> ('6', 3)
192.168.1.2:5001 -> ('4', 3)
192.168.1.3:5000 -> ('6', 3)
192.168.1.2:5001 -> ('4', 3)
192.168.1.2:5001 -> ('4', 3)
192.168.1.3:5000 -> ('6', 3)
192.168.1.3:5000 -> ('2', 3)
192.168.1.5:5000 -> ('5', 3)
192.168.1.1:5001 -> ('8', 3)
192.168.1.1:5001 -> ('1', 3)
192.168.1.2:5001 -> ('4', 3)
192.168.1.4:5001 -> ('3', 3)
192.168.1.4:5001 -> ('10', 3)
192.168.1.4:5001 -> ('10', 3)
192.168.1.4:5001 -> ('7', 3)
192.168.1.2:5001 -> ('4', 3)
192.168.1.2:5001 -> ('4', 3)
192.168.1.3:5000 -> ('6', 3)
192.168.1.1:5001 -> ('9', 3)
192.168.1.2:5001 -> ('4', 3)
192.168.1.4:5001 -> ('7', 3)
192.168.1.5:5000 -> ('5', 3)
192.168.1.4:5001 -> ('3', 3)
192.168.1.5:5000 -> ('5', 3)
192.168.1.3:5000 -> ('6', 3)
192.168.1.3:5000 -> ('2', 3)
192.168.1.2:5001 -> ('4', 3)
192.168.1.5:5000 -> ('5', 3)
192.168.1.5:5000 -> ('5', 3)
192.168.1.2:5001 -> ('4', 3)
192.168.1.1:5001 -> ('1', 3)
192.168.1.4:5001 -> ('3', 3)
192.168.1.3:5000 -> ('6', 3)
192.168.1.1:5001 -> ('8', 3)
192.168.1.4:5001 -> ('7', 3)
192.168.1.5:5000 -> ('5', 3)
192.168.1.4:5001 -> ('7', 3)
192.168.1.3:5000 -> ('6', 3)
192.168.1.4:5001 -> ('10', 3)
192.168.1.1:5001 -> ('9', 3)
192.168.1.5:5000 -> ('5', 3)
192.168.1.3:5000 -> ('6', 3)
192.168.1.3:5000 -> ('6', 3)
192.168.1.4:5001 -> ('7', 3)
192.168.1.2:5001 -> ('4', 3)
192.168.1.2:5001 -> ('4', 3)
192.168.1.1:5001 -> ('1', 3)
192.168.1.1:5001 -> ('9', 3)
192.168.1.1:5001 -> ('8', 3)
192.168.1.3:5000 -> ('2', 3)
192.168.1.3:5000 -> ('2', 3)
192.168.1.3:5000 -> ('6', 3)
192.168.1.4:5001 -> ('3', 3)
192.168.1.4:5001 -> ('10', 3)
192.168.1.5:5000 -> ('5', 3)
192.168.1.4:5001 -> ('10', 3)
192.168.1.1:5001 -> ('9', 3)
192.168.1.1:5001 -> ('8', 3)
192.168.1.4:5001 -> ('3', 3)
192.168.1.1:5001 -> ('1', 3)
192.168.1.2:5001 -> ('4', 3)
192.168.1.2:5001 -> ('4', 3)
192.168.1.3:5000 -> ('2', 3)
192.168.1.1:5001 -> ('8', 3)
192.168.1.4:5001 -> ('10', 3)
192.168.1.1:5001 -> ('9', 3)
192.168.1.4:5001 -> ('10', 3)
192.168.1.1:5001 -> ('8', 3)
192.168.1.4:5001 -> ('7', 3)
192.168.1.1:5001 -> ('1', 3)
192.168.1.4:5001 -> ('10', 3)
192.168.1.1:5001 -> ('8', 3)
192.168.1.1:5001 -> ('9', 3)
192.168.1.1:5001 -> ('9', 3)
192.168.1.4:5001 -> ('3', 3)
192.168.1.4:5001 -> ('10', 3)
192.168.1.2:5001 -> ('4', 3)
192.168.1.1:5001 -> ('8', 3)
192.168.1.2:5001 -> ('4', 3)
192.168.1.2:5001 -> ('4', 3)
192.168.1.1:5001 -> ('1', 3)
192.168.1.2:5001 -> ('4', 3)
192.168.1.1:5001 -> ('1', 3)
192.168.1.3:5000 -> ('2', 3)
192.168.1.1:5001 -> ('9', 3)
192.168.1.1:5001 -> ('9', 3)
192.168.1.3:5000 -> ('6', 3)
192.168.1.4:5001 -> ('10', 3)
192.168.1.1:5001 -> ('9', 3)
192.168.1.1:5001 -> ('8', 3)
192.168.1.2:5001 -> ('4', 3)
192.168.1.4:5001 -> ('3', 3)
192.168.1.4:5001 -> ('3', 3)
192.168.1.3:5000 -> ('2', 3)
192.168.1.4:5001 -> ('3', 3)
192.168.1.1:5001 -> ('1', 3)
192.168.1.4:5001 -> ('10', 3)
192.168.1.4:5001 -> ('10', 3)
192.168.1.4:5001 -> ('3', 3)
192.168.1.4:5001 -> ('3', 3)
192.168.1.1:5001 -> ('8', 3)
192.168.1.1:5001 -> ('9', 3)
192.168.1.2:5001 -> ('4', 3)
192.168.1.1:5001 -> ('1', 3)
192.168.1.1:5001 -> ('1', 3)
192.168.1.1:5001 -> ('1', 3)
192.168.1.2:5001 -> ('4', 3)
192.168.1.4:5001 -> ('7', 3)
192.168.1.1:5001 -> ('9', 3)
192.168.1.5:5000 -> ('5', 3)
192.168.1.4:5001 -> ('3', 3)
192.168.1.1:5001 -> ('9', 3)
192.168.1.2:5001 -> ('4', 3)
192.168.1.3:5000 -> ('6', 3)
192.168.1.4:5001 -> ('3', 3)
192.168.1.2:5001 -> ('4', 3)
192.168.1.2:5001 -> ('4', 3)
192.168.1.3:5000 -> ('2', 3)
192.168.1.2:5001 -> ('4', 3)
192.168.1.3:5000 -> ('2', 3)
192.168.1.4:5001 -> ('7', 3)
192.168.1.2:5001 -> ('4', 3)
192.168.1.3:5000 -> ('6', 3)
192.168.1.4:5001 -> ('7', 3)
192.168.1.4:5001 -> ('3', 3)
192.168.1.1:5001 -> ('8', 3)
192.168.1.5:5000 -> ('5', 3)
192.168.1.2:5001 -> ('4', 3)
192.168.1.1:5001 -> ('9', 3)
192.168.1.4:5001 -> ('7', 3)
192.168.1.3:5000 -> ('2', 3)
192.168.1.5:5000 -> ('5', 3)
192.168.1.3:5000 -> ('2', 3)
192.168.1.4:5001 -> ('3', 3)
192.168.1.1:5001 -> ('9', 3)
192.168.1.3:5000 -> ('2', 3)
192.168.1.1:5001 -> ('1', 3)
192.168.1.3:5000 -> ('2', 3)
192.168.1.5:5000 -> ('5', 3)
192.168.1.5:5000 -> ('5', 3)
192.168.1.3:5000 -> ('6', 3)
192.168.1.5:5000 -> ('5', 3)
192.168.1.5:5000 -> ('5', 3)
192.168.1.5:5000 -> ('5', 3)
192.168.1.3:5000 -> ('2', 3)
192.168.1.1:5001 -> ('8', 3)
192.168.1.1:5001 -> ('1', 3)
192.168.1.3:5000 -> ('2', 3)
192.168.1.4:5001 -> ('7', 3)
192.168.1.5:5000 -> ('5', 3)
192.168.1.1:5001 -> ('9', 3)
192.168.1.4:5001 -> ('7', 3)
192.168.1.1:5001 -> ('9', 3)
192.168.1.1:5001 -> ('9', 3)
192.168.1.1:5001 -> ('9', 3)
192.168.1.4:5001 -> ('3', 3)
192.168.1.4:5001 -> ('3', 3)
192.168.1.1:5001 -> ('1', 3)
192.168.1.3:5000 -> ('6', 3)
192.168.1.3:5000 -> ('6', 3)
192.168.1.2:5001 -> ('4', 3)
192.168.1.1:5001 -> ('9', 3)
192.168.1.3:5000 -> ('2', 3)
192.168.1.3:5000 -> ('2', 3)
192.168.1.4:5001 -> ('10', 3)
192.168.1.2:5001 -> ('4', 3)
192.168.1.2:5001 -> ('4', 3)
192.168.1.1:5001 -> ('1', 3)
192.168.1.4:5001 -> ('3', 3)
192.168.1.4:5001 -> ('3', 3)
192.168.1.3:5000 -> ('2', 3)
192.168.1.1:5001 -> ('8', 3)
192.168.1.4:5001 -> ('7', 3)
192.168.1.5:5000 -> ('5', 3)
192.168.1.1:5001 -> ('9', 3)
192.168.1.4:5001 -> ('10', 3)
192.168.1.1:5001 -> ('8', 3)
192.168.1.3:5000 -> ('6', 3)
192.168.1.4:5001 -> ('7', 3)
192.168.1.1:5001 -> ('8', 3)
192.168.1.4:5001 -> ('10', 3)
192.168.1.3:5000 -> ('2', 3)
192.168.1.4:5001 -> ('3', 3)
192.168.1.1:5001 -> ('9', 3)
192.168.1.4:5001 -> ('3', 3)
192.168.1.4:5001 -> ('7', 3)
192.168.1.1:5001 -> ('8', 3)
192.168.1.4:5001 -> ('7', 3)
192.168.1.2:5001 -> ('4', 3)
192.168.1.2:5001 -> ('4', 3)
192.168.1.4:5001 -> ('7', 3)
192.168.1.1:5001 -> ('8', 3)
192.168.1.1:5001 -> ('9', 3)
192.168.1.4:5001 -> ('3', 3)
192.168.1.1:5001 -> ('8', 3)
192.168.1.4:5001 -> ('10', 3)
192.168.1.1:5001 -> ('1', 3)
192.168.1.1:5001 -> ('1', 3)
192.168.1.4:5001 -> ('7', 3)
192.168.1.4:5001 -> ('7', 3)
192.168.1.3:5000 -> ('6', 3)
192.168.1.5:5000 -> ('5', 3)
192.168.1.4:5001 -> ('10', 3)
192.168.1.4:5001 -> ('3', 3)
192.168.1.5:5000 -> ('5', 3)
192.168.1.2:5001 -> ('4', 3)
192.168.1.2:5001 -> ('4', 3)
192.168.1.1:5001 -> ('8', 3)
192.168.1.5:5000 -> ('5', 3)
192.168.1.4:5001 -> ('7', 3)
192.168.1.4:5001 -> ('10', 3)
192.168.1.5:5000 -> ('5', 3)
192.168.1.4:5001 -> ('3', 3)
192.168.1.4:5001 -> ('3', 3)
192.168.1.3:5000 -> ('6', 3)
192.168.1.2:5001 -> ('4', 3)
192.168.1.1:5001 -> ('9', 3)
192.168.1.1:5001 -> ('9', 3)
192.168.1.4:5001 -> ('7', 3)
192.168.1.5:5000 -> ('5', 3)
192.168.1.4:5001 -> ('3', 3)
192.168.1.4:5001 -> ('7', 3)
192.168.1.4:5001 -> ('7', 3)
192.168.1.1:5001 -> ('9', 3)
192.168.1.4:5001 -> ('7', 3)
192.168.1.4:5001 -> ('7', 3)
192.168.1.5:5000 -> ('5', 3)
192.168.1.1:5001 -> ('8', 3)
