192.168.1.5:5000 -> ('1', 5)
192.168.1.2:5000 -> ('5', 5)
192.168.1.5:5000 -> ('8', 5)
192.168.1.5:5000 -> ('8', 5)
192.168.1.1:5001 -> ('4', 5)
192.168.1.1:5001 -> ('4', 5)
192.168.1.4:5000 -> ('7', 5)
192.168.1.4:5000 -> ('7', 5)
192.168.1.5:5000 -> ('8', 5)
192.168.1.5:5000 -> ('8', 5)
192.168.1.5:5000 -> ('8', 5)
192.168.1.4:5000 -> ('10', 5)
192.168.1.5:5000 -> ('1', 5)
192.168.1.2:5001 -> ('6', 5)
192.168.1.2:5001 -> ('2', 5)
192.168.1.4:5000 -> ('10', 5)
192.168.1.4:5000 -> ('3', 5)
192.168.1.2:5001 -> ('2', 5)
192.168.1.2:5001 -> ('2', 5)
192.168.1.4:5000 -> ('10', 5)
192.168.1.2:5000 -> ('5', 5)
192.168.1.1:5001 -> ('4', 5)
192.168.1.2:5001 -> ('6', 5)
192.168.1.5:5000 -> ('9', 5)
192.168.1.2:5000 -> ('5', 5)
192.168.1.2:5001 -> ('6', 5)
192.168.1.5:5000 -> ('1', 5)
192.168.1.5:5000 -> ('9', 5)
192.168.1.4:5000 -> ('3', 5)
192.168.1.2:5000 -> ('5', 5)
192.168.1.4:5000 -> ('7', 5)
192.168.1.2:5001 -> ('2', 5)
192.168.1.2:5001 -> ('2', 5)
192.168.1.5:5000 -> ('9', 5)
192.168.1.2:5000 -> ('5', 5)
192.168.1.2:5001 -> ('2', 5)
192.168.1.5:5000 -> ('8', 5)
192.168.1.4:5000 -> ('3', 5)
192.168.1.4:5000 -> ('7', 5)
192.168.1.1:5001 -> ('4', 5)
192.168.1.4:5000 -> ('10', 5)
192.168.1.2:5000 -> ('5', 5)
192.168.1.5:5000 -> ('1', 5)
192.168.1.1:5001 -> ('4', 5)
192.168.1.5:5000 -> ('9', 5)
192.168.1.5:5000 -> ('9', 5)
192.168.1.4:5000 -> ('3', 5)
192.168.1.4:5000 -> ('3', 5)
192.168.1.2:5000 -> ('5', 5)
192.168.1.2:5000 -> ('5', 5)
192.168.1.2:5001 -> ('2', 5)
192.168.1.4:5000 -> ('3', 5)
192.168.1.4:5000 -> ('10', 5)
192.168.1.1:5001 -> ('4', 5)
192.168.1.5:5000 -> ('8', 5)
192.168.1.5:5000 -> ('9', 5)
192.168.1.2:5000 -> ('5', 5)
192.168.1.4:5000 -> ('7', 5)
192.168.1.5:5000 -> ('1', 5)
192.168.1.2:5001 -> ('2', 5)
192.168.1.4:5000 -> ('3', 5)
192.168.1.2:5001 -> ('2', 5)
192.168.1.5:5000 -> ('8', 5)
192.168.1.5:5000 -> ('1', 5)
192.168.1.2:5001 -> ('6', 5)
192.168.1.2:5000 -> ('5', 5)
192.168.1.5:5000 -> ('9', 5)
192.168.1.5:5000 -> ('8', 5)
192.168.1.4:5000 -> ('7', 5)
192.168.1.2:5001 -> ('6', 5)
192.168.1.5:5000 -> ('1', 5)
192.168.1.4:5000 -> ('3', 5)
192.168.1.5:5000 -> ('9', 5)
192.168.1.4:5000 -> ('7', 5)
192.168.1.5:5000 -> ('9', 5)
192.168.1.4:5000 -> ('3', 5)
192.168.1.1:5001 -> ('4', 5)
192.168.1.5:5000 -> ('1', 5)
192.168.1.2:5001 -> ('2', 5)
192.168.1.2:5001 -> ('2', 5)
192.168.1.5:5000 -> ('9', 5)
192.168.1.5:5000 -> ('8', 5)
192.168.1.4:5000 -> ('10', 5)
192.168.1.5:5000 -> ('9', 5)
192.168.1.5:5000 -> ('8', 5)
192.168.1.2:5000 -> ('5', 5)
192.168.1.1:5001 -> ('4', 5)
192.168.1.2:5000 -> ('5', 5)
192.168.1.4:5000 -> ('3', 5)
192.168.1.5:5000 -> ('1', 5)
192.168.1.2:5000 -> ('5', 5)
192.168.1.4:5000 -> ('7', 5)
192.168.1.5:5000 -> ('8', 5)
192.168.1.2:5001 -> ('6', 5)
192.168.1.5:5000 -> ('8', 5)
192.168.1.2:5000 -> ('5', 5)
192.168.1.4:5000 -> ('10', 5)
192.168.1.2:5000 -> ('5', 5)
192.168.1.4:5000 -> ('7', 5)
192.168.1.5:5000 -> ('9', 5)
192.168.1.5:5000 -> ('8', 5)
192.168.1.4:5000 -> ('3', 5)
192.168.1.4:5000 -> ('10', 5)
192.168.1.5:5000 -> ('8', 5)
192.168.1.2:5000 -> ('5', 5)
192.168.1.4:5000 -> ('10', 5)
192.168.1.5:5000 -> ('8', 5)
192.168.1.4:5000 -> ('7', 5)
192.168.1.5:5000 -> ('8', 5)
192.168.1.5:5000 -> ('1', 5)
192.168.1.2:5001 -> ('6', 5)
192.168.1.5:5000 -> ('9', 5)
192.168.1.4:5000 -> ('10', 5)
192.168.1.4:5000 -> ('7', 5)
192.168.1.1:5001 -> ('4', 5)
192.168.1.2:5000 -> ('5', 5)
192.168.1.5:5000 -> ('9', 5)
192.168.1.5:5000 -> ('9', 5)
192.168.1.4:5000 -> ('7', 5)
192.168.1.5:5000 -> ('8', 5)
192.168.1.2:5000 -> ('5', 5)
192.168.1.1:5001 -> ('4', 5)
192.168.1.4:5000 -> ('10', 5)
192.168.1.5:5000 -> ('1', 5)
192.168.1.1:5001 -> ('4', 5)
192.168.1.1:5001 -> ('4', 5)
192.168.1.2:5001 -> ('6', 5)
192.168.1.2:5001 -> ('6', 5)
192.168.1.2:5001 -> ('2', 5)
192.168.1.5:5000 -> ('1', 5)
192.168.1.5:5000 -> ('9', 5)
192.168.1.5:5000 -> ('9', 5)
192.168.1.2:5000 -> ('5', 5)
192.168.1.4:5000 -> ('7', 5)
192.168.1.4:5000 -> ('7', 5)
192.168.1.2:5000 -> ('5', 5)
192.168.1.2:5000 -> ('5', 5)
192.168.1.4:5000 -> ('7', 5)
192.168.1.4:5000 -> ('7', 5)
192.168.1.4:5000 -> ('3', 5)
192.168.1.2:5001 -> ('6', 5)
192.168.1.2:5001 -> ('6', 5)
192.168.1.4:5000 -> ('10', 5)
192.168.1.4:5000 -> ('7', 5)
192.168.1.5:5000 -> ('8', 5)
192.168.1.4:5000 -> ('7', 5)
192.168.1.5:5000 -> ('8', 5)
192.168.1.4:5000 -> ('7', 5)
192.168.1.4:5000 -> ('7', 5)
192.168.1.4:5000 -> ('3', 5)
192.168.1.5:5000 -> ('8', 5)
192.168.1.2:5001 -> ('6', 5)
192.168.1.5:5000 -> ('8', 5)
192.168.1.4:5000 -> ('10', 5)
192.168.1.2:5001 -> ('2', 5)
192.168.1.1:5001 -> ('4', 5)
192.168.1.5:5000 -> ('1', 5)
192.168.1.5:5000 -> ('8', 5)
192.168.1.2:5001 -> ('6', 5)
192.168.1.4:5000 -> ('3', 5)
192.168.1.4:5000 -> ('3', 5)
192.168.1.5:5000 -> ('9', 5)
192.168.1.4:5000 -> ('10', 5)
192.168.1.5:5000 -> ('1', 5)
192.168.1.5:5000 -> ('8', 5)
192.168.1.5:5000 -> ('8', 5)
192.168.1.2:5001 -> ('6', 5)
192.168.1.5:5000 -> ('1', 5)
192.168.1.1:5001 -> ('4', 5)
192.168.1.1:5001 -> ('4', 5)
192.168.1.2:5001 -> ('6', 5)
192.168.1.5:5000 -> ('8', 5)
192.168.1.1:5001 -> ('4', 5)
192.168.1.4:5000 -> ('3', 5)
192.168.1.2:5001 -> ('2', 5)
192.168.1.2:5001 -> ('6', 5)
192.168.1.2:5001 -> ('6', 5)
192.168.1.5:5000 -> ('8', 5)
192.168.1.1:5001 -> ('4', 5)
192.168.1.4:5000 -> ('10', 5)
192.168.1.5:5000 -> ('9', 5)
192.168.1.5:5000 -> ('8', 5)
192.168.1.2:5001 -> ('2', 5)
192.168.1.2:5000 -> ('5', 5)
192.168.1.2:5001 -> ('6', 5)
192.168.1.4:5000 -> ('3', 5)
192.168.1.2:5001 -> ('2', 5)
192.168.1.2:5000 -> ('5', 5)
192.168.1.2:5001 -> ('6', 5)
192.168.1.1:5001 -> ('4', 5)
192.168.1.4:5000 -> ('7', 5)
192.168.1.4:5000 -> ('3', 5)
192.168.1.2:5001 -> ('6', 5)
192.168.1.5:5000 -> ('9', 5)
192.168.1.4:5000 -> ('10', 5)
192.168.1.2:5000 -> ('5', 5)
192.168.1.2:5001 -> ('2', 5)
192.168.1.4:5000 -> ('3', 5)
192.168.1.2:5001 -> ('2', 5)
192.168.1.1:5001 -> ('4', 5)
192.168.1.2:5000 -> ('5', 5)
192.168.1.4:5000 -> ('7', 5)
192.168.1.5:5000 -> ('1', 5)
192.168.1.4:5000 -> ('3', 5)
192.168.1.4:5000 -> ('7', 5)
192.168.1.1:5001 -> ('4', 5)
192.168.1.2:5001 -> ('2', 5)
192.168.1.4:5000 -> ('7', 5)
192.168.1.5:5000 -> ('8', 5)
192.168.1.2:5001 -> ('2', 5)
192.168.1.5:5000 -> ('8', 5)
192.168.1.2:5000 -> ('5', 5)
192.168.1.5:5000 -> ('9', 5)
192.168.1.4:5000 -> ('10', 5)
192.168.1.4:5000 -> ('10', 5)
192.168.1.4:5000 -> ('3', 5)
192.168.1.5:5000 -> ('8', 5)
192.168.1.1:5001 -> ('4', 5)
192.168.1.4:5000 -> ('10', 5)
192.168.1.2:5001 -> ('6', 5)
192.168.1.2:5001 -> ('6', 5)
192.168.1.5:5000 -> ('1', 5)
192.168.1.4:5000 -> ('7', 5)
192.168.1.5:5000 -> ('9', 5)
192.168.1.5:5000 -> ('9', 5)
192.168.1.2:5001 -> ('6', 5)
192.168.1.5:5000 -> ('9', 5)
192.168.1.1:5001 -> ('4', 5)
192.168.1.2:5001 -> ('2', 5)
192.168.1.4:5000 -> ('7', 5)
192.168.1.2:5001 -> ('6', 5)
192.168.1.4:5000 -> ('10', 5)
192.168.1.2:5001 -> ('2', 5)
192.168.1.2:5001 -> ('2', 5)
192.168.1.5:5000 -> ('8', 5)
192.168.1.1:5001 -> ('4', 5)
192.168.1.5:5000 -> ('1', 5)
192.168.1.2:5000 -> ('5', 5)
192.168.1.5:5000 -> ('1', 5)
192.168.1.4:5000 -> ('3', 5)
192.168.1.2:5000 -> ('5', 5)
192.168.1.5:5000 -> ('1', 5)
192.168.1.2:5001 -> ('2', 5)
192.168.1.2:5000 -> ('5', 5)
192.168.1.2:5001 -> ('2', 5)
192.168.1.4:5000 -> ('3', 5)
192.168.1.2:5001 -> ('6', 5)
192.168.1.4:5000 -> ('10', 5)
192.168.1.2:5001 -> ('2', 5)
192.168.1.4:5000 -> ('10', 5)
192.168.1.4:5000 -> ('7', 5)
192.168.1.5:5000 -> ('9', 5)
192.168.1.2:5000 -> ('5', 5)
192.168.1.4:5000 -> ('3', 5)
192.168.1.1:5001 -> ('4', 5)
192.168.1.1:5001 -> ('4', 5)
192.168.1.5:5000 -> ('9', 5)
192.168.1.2:5001 -> ('2', 5)
192.168.1.1:5001 -> ('4', 5)
192.168.1.2:5001 -> ('2', 5)
192.168.1.4:5000 -> ('3', 5)
192.168.1.5:5000 -> ('8', 5)
192.168.1.2:5000 -> ('5', 5)
192.168.1.2:5001 -> ('2', 5)
192.168.1.2:5000 -> ('5', 5)
192.168.1.4:5000 -> ('10', 5)
192.168.1.2:5000 -> ('5', 5)
192.168.1.2:5001 -> ('6', 5)
192.168.1.4:5000 -> ('7', 5)
192.168.1.4:5000 -> ('7', 5)
192.168.1.5:5000 -> ('9', 5)
192.168.1.4:5000 -> ('10', 5)
192.168.1.2:5001 -> ('6', 5)
192.168.1.1:5001 -> ('4', 5)
192.168.1.2:5001 -> ('6', 5)
192.168.1.1:5001 -> ('4', 5)
192.168.1.1:5001 -> ('4', 5)
192.168.1.2:5001 -> ('6', 5)
192.168.1.2:5001 -> ('2', 5)
192.168.1.2:5000 -> ('5', 5)
192.168.1.5:5000 -> ('8', 5)
192.168.1.5:5000 -> ('1', 5)
192.168.1.1:5001 -> ('4', 5)
192.168.1.4:5000 -> ('3', 5)
192.168.1.4:5000 -> ('10', 5)
192.168.1.4:5000 -> ('10', 5)
192.168.1.4:5000 -> ('7', 5)
192.168.1.1:5001 -> ('4', 5)
192.168.1.1:5001 -> ('4', 5)
192.168.1.2:5001 -> ('6', 5)
192.168.1.5:5000 -> ('9', 5)
192.168.1.1:5001 -> ('4', 5)
192.168.1.4:5000 -> ('7', 5)
192.168.1.2:5000 -> ('5', 5)
192.168.1.4:5000 -> ('3', 5)
192.168.1.2:5000 -> ('5', 5)
192.168.1.2:5001 -> ('6', 5)
192.168.1.2:5001 -> ('2', 5)
192.168.1.1:5001 -> ('4', 5)
192.168.1.2:5000 -> ('5', 5)
192.168.1.2:5000 -> ('5', 5)
192.168.1.1:5001 -> ('4', 5)
192.168.1.5:5000 -> ('1', 5)
192.168.1.4:5000 -> ('3', 5)
192.168.1.2:5001 -> ('6', 5)
192.168.1.5:5000 -> ('8', 5)
192.168.1.4:5000 -> ('7', 5)
192.168.1.2:5000 -> ('5', 5)
192.168.1.4:5000 -> ('7', 5)
192.168.1.2:5001 -> ('6', 5)
192.168.1.4:5000 -> ('10', 5)
192.168.1.5:5000 -> ('9', 5)
192.168.1.2:5000 -> ('5', 5)
192.168.1.2:5001 -> ('6', 5)
192.168.1.2:5001 -> ('6', 5)
192.168.1.4:5000 -> ('7', 5)
192.168.1.1:5001 -> ('4', 5)
192.168.1.1:5001 -> ('4', 5)
192.168.1.5:5000 -> ('1', 5)
192.168.1.5:5000 -> ('9', 5)
192.168.1.5:5000 -> ('8', 5)
192.168.1.2:5001 -> ('2', 5)
192.168.1.2:5001 -> ('2', 5)
192.168.1.2:5001 -> ('6', 5)
192.168.1.4:5000 -> ('3', 5)
192.168.1.4:5000 -> ('10', 5)
192.168.1.2:5000 -> ('5', 5)
192.168.1.4:5000 -> ('10', 5)
192.168.1.5:5000 -> ('9', 5)
192.168.1.5:5000 -> ('8', 5)
192.168.1.4:5000 -> ('3', 5)
192.168.1.5:5000 -> ('1', 5)
192.168.1.1:5001 -> ('4', 5)
192.168.1.1:5001 -> ('4', 5)
192.168.1.2:5001 -> ('2', 5)
192.168.1.5:5000 -> ('8', 5)
192.168.1.4:5000 -> ('10', 5)
192.168.1.5:5000 -> ('9', 5)
192.168.1.4:5000 -> ('10', 5)
192.168.1.5:5000 -> ('8', 5)
192.168.1.4:5000 -> ('7', 5)
192.168.1.5:5000 -> ('1', 5)
192.168.1.4:5000 -> ('10', 5)
192.168.1.5:5000 -> ('8', 5)
192.168.1.5:5000 -> ('9', 5)
192.168.1.5:5000 -> ('9', 5)
192.168.1.4:5000 -> ('3', 5)
192.168.1.4:5000 -> ('10', 5)
192.168.1.1:5001 -> ('4', 5)
192.168.1.5:5000 -> ('8', 5)
192.168.1.1:5001 -> ('4', 5)
192.168.1.1:5001 -> ('4', 5)
192.168.1.5:5000 -> ('1', 5)
192.168.1.1:5001 -> ('4', 5)
192.168.1.5:5000 -> ('1', 5)
192.168.1.2:5001 -> ('2', 5)
192.168.1.5:5000 -> ('9', 5)
192.168.1.5:5000 -> ('9', 5)
192.168.1.2:5001 -> ('6', 5)
192.168.1.4:5000 -> ('10', 5)
192.168.1.5:5000 -> ('9', 5)
192.168.1.5:5000 -> ('8', 5)
192.168.1.1:5001 -> ('4', 5)
192.168.1.4:5000 -> ('3', 5)
192.168.1.4:5000 -> ('3', 5)
192.168.1.2:5001 -> ('2', 5)
192.168.1.4:5000 -> ('3', 5)
192.168.1.5:5000 -> ('1', 5)
192.168.1.4:5000 -> ('10', 5)
192.168.1.4:5000 -> ('10', 5)
192.168.1.4:5000 -> ('3', 5)
192.168.1.4:5000 -> ('3', 5)
192.168.1.5:5000 -> ('8', 5)
192.168.1.5:5000 -> ('9', 5)
192.168.1.1:5001 -> ('4', 5)
192.168.1.5:5000 -> ('1', 5)
192.168.1.5:5000 -> ('1', 5)
192.168.1.5:5000 -> ('1', 5)
192.168.1.1:5001 -> ('4', 5)
192.168.1.4:5000 -> ('7', 5)
192.168.1.5:5000 -> ('9', 5)
192.168.1.2:5000 -> ('5', 5)
192.168.1.4:5000 -> ('3', 5)
192.168.1.5:5000 -> ('9', 5)
192.168.1.1:5001 -> ('4', 5)
192.168.1.2:5001 -> ('6', 5)
192.168.1.4:5000 -> ('3', 5)
192.168.1.1:5001 -> ('4', 5)
192.168.1.1:5001 -> ('4', 5)
192.168.1.2:5001 -> ('2', 5)
192.168.1.1:5001 -> ('4', 5)
192.168.1.2:5001 -> ('2', 5)
192.168.1.4:5000 -> ('7', 5)
192.168.1.1:5001 -> ('4', 5)
192.168.1.2:5001 -> ('6', 5)
192.168.1.4:5000 -> ('7', 5)
192.168.1.4:5000 -> ('3', 5)
192.168.1.5:5000 -> ('8', 5)
192.168.1.2:5000 -> ('5', 5)
192.168.1.1:5001 -> ('4', 5)
192.168.1.5:5000 -> ('9', 5)
192.168.1.4:5000 -> ('7', 5)
192.168.1.2:5001 -> ('2', 5)
192.168.1.2:5000 -> ('5', 5)
192.168.1.2:5001 -> ('2', 5)
192.168.1.4:5000 -> ('3', 5)
192.168.1.5:5000 -> ('9', 5)
192.168.1.2:5001 -> ('2', 5)
192.168.1.5:5000 -> ('1', 5)
192.168.1.2:5001 -> ('2', 5)
192.168.1.2:5000 -> ('5', 5)
192.168.1.2:5000 -> ('5', 5)
192.168.1.2:5001 -> ('6', 5)
192.168.1.2:5000 -> ('5', 5)
192.168.1.2:5000 -> ('5', 5)
192.168.1.2:5000 -> ('5', 5)
192.168.1.2:5001 -> ('2', 5)
192.168.1.5:5000 -> ('8', 5)
192.168.1.5:5000 -> ('1', 5)
192.168.1.2:5001 -> ('2', 5)
192.168.1.4:5000 -> ('7', 5)
192.168.1.2:5000 -> ('5', 5)
192.168.1.5:5000 -> ('9', 5)
192.168.1.4:5000 -> ('7', 5)
192.168.1.5:5000 -> ('9', 5)
192.168.1.5:5000 -> ('9', 5)
192.168.1.5:5000 -> ('9', 5)
192.168.1.4:5000 -> ('3', 5)
192.168.1.4:5000 -> ('3', 5)
192.168.1.5:5000 -> ('1', 5)
192.168.1.2:5001 -> ('6', 5)
192.168.1.2:5001 -> ('6', 5)
192.168.1.1:5001 -> ('4', 5)
192.168.1.5:5000 -> ('9', 5)
192.168.1.2:5001 -> ('2', 5)
192.168.1.2:5001 -> ('2', 5)
192.168.1.4:5000 -> ('10', 5)
192.168.1.1:5001 -> ('4', 5)
192.168.1.1:5001 -> ('4', 5)
192.168.1.5:5000 -> ('1', 5)
192.168.1.4:5000 -> ('3', 5)
192.168.1.4:5000 -> ('3', 5)
192.168.1.2:5001 -> ('2', 5)
192.168.1.5:5000 -> ('8', 5)
192.168.1.4:5000 -> ('7', 5)
192.168.1.2:5000 -> ('5', 5)
192.168.1.5:5000 -> ('9', 5)
192.168.1.4:5000 -> ('10', 5)
192.168.1.5:5000 -> ('8', 5)
192.168.1.2:5001 -> ('6', 5)
192.168.1.4:5000 -> ('7', 5)
192.168.1.5:5000 -> ('8', 5)
192.168.1.4:5000 -> ('10', 5)
192.168.1.2:5001 -> ('2', 5)
192.168.1.4:5000 -> ('3', 5)
192.168.1.5:5000 -> ('9', 5)
192.168.1.4:5000 -> ('3', 5)
192.168.1.4:5000 -> ('7', 5)
192.168.1.5:5000 -> ('8', 5)
192.168.1.4:5000 -> ('7', 5)
192.168.1.1:5001 -> ('4', 5)
192.168.1.1:5001 -> ('4', 5)
192.168.1.4:5000 -> ('7', 5)
192.168.1.5:5000 -> ('8', 5)
192.168.1.5:5000 -> ('9', 5)
192.168.1.4:5000 -> ('3', 5)
192.168.1.5:5000 -> ('8', 5)
192.168.1.4:5000 -> ('10', 5)
192.168.1.5:5000 -> ('1', 5)
192.168.1.5:5000 -> ('1', 5)
192.168.1.4:5000 -> ('7', 5)
192.168.1.4:5000 -> ('7', 5)
192.168.1.2:5001 -> ('6', 5)
192.168.1.2:5000 -> ('5', 5)
192.168.1.4:5000 -> ('10', 5)
192.168.1.4:5000 -> ('3', 5)
192.168.1.2:5000 -> ('5', 5)
192.168.1.1:5001 -> ('4', 5)
192.168.1.1:5001 -> ('4', 5)
192.168.1.5:5000 -> ('8', 5)
192.168.1.2:5000 -> ('5', 5)
192.168.1.4:5000 -> ('7', 5)
192.168.1.4:5000 -> ('10', 5)
192.168.1.2:5000 -> ('5', 5)
192.168.1.4:5000 -> ('3', 5)
192.168.1.4:5000 -> ('3', 5)
192.168.1.2:5001 -> ('6', 5)
192.168.1.1:5001 -> ('4', 5)
192.168.1.5:5000 -> ('9', 5)
192.168.1.5:5000 -> ('9', 5)
192.168.1.4:5000 -> ('7', 5)
192.168.1.2:5000 -> ('5', 5)
192.168.1.4:5000 -> ('3', 5)
192.168.1.4:5000 -> ('7', 5)
192.168.1.4:5000 -> ('7', 5)
192.168.1.5:5000 -> ('9', 5)
192.168.1.4:5000 -> ('7', 5)
192.168.1.4:5000 -> ('7', 5)
192.168.1.2:5000 -> ('5', 5)
192.168.1.5:5000 -> ('8', 5)
