Consistency: eventual Replication Factor: 1 Read Throughput: 0.05086453104019165
Consistency: linearizability Replication Factor: 1 Read Throughput: 0.053095159530639646
Consistency: eventual Replication Factor: 3 Read Throughput: 0.047408805847167966
Consistency: linearizability Replication Factor: 3 Read Throughput: 0.0568283953666687
Consistency: eventual Replication Factor: 5 Read Throughput: 0.03993151330947876
Consistency: linearizability Replication Factor: 5 Read Throughput: 0.057477904319763184
