Consistency: eventual Replication Factor: 1 Requests Throughput: 0.055170466899871824
Consistency: linearizability Replication Factor: 1 Requests Throughput: 0.053294196128845214
Consistency: eventual Replication Factor: 3 Requests Throughput: 0.04799947261810303
Consistency: linearizability Replication Factor: 3 Requests Throughput: 0.0667893385887146
Consistency: eventual Replication Factor: 5 Requests Throughput: 0.042521190643310544
Consistency: linearizability Replication Factor: 5 Requests Throughput: 0.06537123250961303
